inst/sales/table1.csv
"product","date","revenue","units","price"
859,"2011-07-25",2600,989,2.62891809908999
859,"2011-08-01",23860,597,39.9664991624791
859,"2011-08-08",22295,3,7431.66666666667
859,"2011-08-15",8490,1181,7.18882303132938
859,"2011-08-22",6500,648,10.0308641975309
859,"2011-08-29",2340,1665,1.40540540540541
859,"2011-09-05",3247,989,3.28311425682508
859,"2011-09-12",1500,2,750
859,"2011-09-19",8070,648,12.4537037037037
859,"2011-09-26",29100,250,116.4
859,"2011-10-03",6047,989,6.11425682507583
859,"2011-10-10",31000,1014,30.5719921104536
859,"2011-10-17",7000,1329,5.26711813393529
859,"2011-10-24",4392,3,1464
859,"2011-10-31",3000,989,3.03336703741153
859,"2011-11-07",0,1,0
859,"2011-11-14",5250,648,8.10185185185185
859,"2011-11-21",0,1,0
859,"2011-11-28",0,1,0
859,"2011-12-05",8000,1665,4.8048048048048
859,"2011-12-12",1680,989,1.69868554095046
863,"2011-07-25",2117,1442,1.46809986130374
863,"2011-08-01",2293,1556,1.47365038560411
863,"2011-08-08",2563,1442,1.77739251040222
863,"2011-08-15",7530,1160,6.49137931034483
863,"2011-08-22",11890,887,13.4047350620068
863,"2011-08-29",2800,1329,2.10684725357412
863,"2011-09-05",8230,250,32.92
863,"2011-09-12",8915,97,91.9072164948454
863,"2011-09-19",13510,1766,7.65005662514156
863,"2011-09-26",900,2,450
863,"2011-10-03",6780,180,37.6666666666667
863,"2011-10-10",0,1,0
863,"2011-10-17",85213,340,250.626470588235
863,"2011-10-24",4200,2,2100
863,"2011-10-31",2653,1665,1.59339339339339
863,"2011-11-07",2886,1329,2.17155756207675
863,"2011-11-14",0,1,0
863,"2011-11-21",14220,1556,9.13881748071979
863,"2011-11-28",6240,3,2080
863,"2011-12-05",5047,415,12.1614457831325
863,"2011-12-12",3933,3,1311
869,"2011-07-25",6618,1182,5.5989847715736
869,"2011-08-01",6622,415,15.9566265060241
869,"2011-08-08",15150,1420,10.669014084507
869,"2011-08-15",5954,814,7.31449631449631
869,"2011-08-22",11808,1398,8.44635193133047
869,"2011-08-29",12288,1140,10.7789473684211
869,"2011-09-05",11175,814,13.7285012285012
869,"2011-09-12",11753,535,21.9682242990654
869,"2011-09-19",5948,250,23.792
869,"2011-09-26",4310,1556,2.76992287917738
869,"2011-10-03",6353,180,35.2944444444444
869,"2011-10-10",7944,597,13.3065326633166
869,"2011-10-17",4195,1223,3.4300899427637
869,"2011-10-24",8300,1442,5.75589459084605
869,"2011-10-31",17800,648,27.4691358024691
869,"2011-11-07",4800,989,4.85338725985844
869,"2011-11-14",6787,97,69.9690721649485
869,"2011-11-21",15433,1766,8.73895809739524
869,"2011-11-28",2837,1181,2.40220152413209
869,"2011-12-05",9434,3,3144.66666666667
869,"2011-12-12",3205,1442,2.22260748959778
871,"2011-07-25",0,1,0
871,"2011-08-01",4083,1556,2.62403598971722
871,"2011-08-08",33455,969,34.5252837977296
871,"2011-08-15",3665,648,5.65586419753086
871,"2011-08-22",8373,2,4186.5
871,"2011-08-29",0,1,0
871,"2011-09-05",0,1,0
871,"2011-09-12",2800,648,4.32098765432099
871,"2011-09-19",15000,1329,11.2866817155756
871,"2011-09-26",5000,2,2500
871,"2011-10-03",3460,2,1730
871,"2011-10-10",76000,1038,73.2177263969171
871,"2011-10-17",8940,989,9.03943377148635
871,"2011-10-24",14940,1665,8.97297297297297
871,"2011-10-31",12380,1181,10.4826418289585
871,"2011-11-07",6000,1329,4.51467268623025
871,"2011-11-14",9880,2,4940
871,"2011-11-21",0,1,0
871,"2011-11-28",16835,1329,12.6674191121144
871,"2011-12-05",11000,989,11.1223458038423
871,"2011-12-12",8575,989,8.67037411526795
881,"2011-07-25",3770,2,1885
881,"2011-08-01",34900,2,17450
881,"2011-08-08",5048,3,1682.66666666667
881,"2011-08-15",4000,2,2000
881,"2011-08-22",0,1,0
881,"2011-08-29",4000,1181,3.38696020321761
881,"2011-09-05",7690,2,3845
881,"2011-09-12",0,1,0
881,"2011-09-19",6500,1181,5.50381033022862
881,"2011-09-26",8505,1556,5.4659383033419
881,"2011-10-03",8338,1665,5.00780780780781
881,"2011-10-10",11000,1556,7.0694087403599
881,"2011-10-17",12117,3,4039
881,"2011-10-24",7483,1442,5.18932038834951
881,"2011-10-31",2500,2,1250
881,"2011-11-07",3820,989,3.86248736097068
881,"2011-11-14",26000,1181,22.0152413209145
881,"2011-11-21",10775,1329,8.10759969902182
881,"2011-11-28",6433,1329,4.84048156508653
881,"2011-12-05",7483,1766,4.23725934314836
881,"2011-12-12",15450,479,32.2546972860125
883,"2011-07-25",5826,305,19.1016393442623
883,"2011-08-01",11686,1038,11.2581888246628
883,"2011-08-08",10015,853,11.7409144196952
883,"2011-08-15",10914,1073,10.1714818266542
883,"2011-08-22",5208,702,7.41880341880342
883,"2011-08-29",4104,1766,2.32389580973952
883,"2011-09-05",12762,649,19.6640986132512
883,"2011-09-12",7546,365,20.6739726027397
883,"2011-09-19",6120,3,2040
883,"2011-09-26",14343,535,26.8093457943925
883,"2011-10-03",9499,1181,8.04318374259102
883,"2011-10-10",7620,97,78.5567010309278
883,"2011-10-17",10576,814,12.992628992629
883,"2011-10-24",9658,990,9.75555555555556
883,"2011-10-31",14563,702,20.7450142450142
883,"2011-11-07",3665,1556,2.35539845758355
883,"2011-11-14",7611,597,12.748743718593
883,"2011-11-21",20554,781,26.3175416133163
883,"2011-11-28",12516,1054,11.8747628083491
883,"2011-12-05",19350,1237,15.642683912692
883,"2011-12-12",31820,1568,20.2933673469388
890,"2011-07-25",18250,305,59.8360655737705
890,"2011-08-01",0,1,0
890,"2011-08-08",17910,1766,10.1415628539071
890,"2011-08-15",0,1,0
890,"2011-08-22",1000,2,500
890,"2011-08-29",22803,180,126.683333333333
890,"2011-09-05",33020,1120,29.4821428571429
890,"2011-09-12",0,1,0
890,"2011-09-19",1000,2,500
890,"2011-09-26",0,1,0
890,"2011-10-03",4000,1181,3.38696020321761
890,"2011-10-10",6770,648,10.4475308641975
890,"2011-10-17",3500,2,1750
890,"2011-10-24",1883,1181,1.59441151566469
890,"2011-10-31",5760,648,8.88888888888889
890,"2011-11-07",11723,1556,7.5340616966581
890,"2011-11-14",2145,648,3.31018518518519
890,"2011-11-21",1000,2,500
890,"2011-11-28",3500,648,5.40123456790123
890,"2011-12-05",13248,1442,9.1872399445215
890,"2011-12-12",7663,1556,4.92480719794345
892,"2011-07-25",5101,649,7.8597842835131
892,"2011-08-01",6348,1181,5.37510584250635
892,"2011-08-08",10904,365,29.8739726027397
892,"2011-08-15",7888,1665,4.73753753753754
892,"2011-08-22",14136,744,19
892,"2011-08-29",12232,940,13.0127659574468
892,"2011-09-05",7178,1442,4.97780859916782
892,"2011-09-12",13514,702,19.2507122507123
892,"2011-09-19",6927,180,38.4833333333333
892,"2011-09-26",9712,1556,6.24164524421594
892,"2011-10-03",10860,1766,6.14949037372593
892,"2011-10-10",13361,479,27.8935281837161
892,"2011-10-17",15120,535,28.2616822429907
892,"2011-10-24",9939,781,12.7259923175416
892,"2011-10-31",29790,1665,17.8918918918919
892,"2011-11-07",5917,1181,5.01016088060965
892,"2011-11-14",13300,1160,11.4655172413793
892,"2011-11-21",7100,1014,7.00197238658777
892,"2011-11-28",7495,989,7.5783619817998
892,"2011-12-05",20790,1329,15.6433408577878
892,"2011-12-12",7197,1442,4.99098474341193
893,"2011-07-25",5240,1140,4.59649122807018
893,"2011-08-01",16952,1801,9.41254858411993
893,"2011-08-08",8620,1237,6.96847210994341
893,"2011-08-15",9733,1557,6.25112395632627
893,"2011-08-22",9020,1376,6.55523255813953
893,"2011-08-29",7964,1633,4.87691365584813
893,"2011-09-05",11048,1579,6.99683343888537
893,"2011-09-12",11967,1431,8.36268343815514
893,"2011-09-19",8774,649,13.5192604006163
893,"2011-09-26",3914,597,6.55611390284757
893,"2011-10-03",3376,744,4.53763440860215
893,"2011-10-10",4075,97,42.0103092783505
893,"2011-10-17",12573,479,26.2484342379958
893,"2011-10-24",31818,180,176.766666666667
893,"2011-10-31",20005,1443,13.8634788634789
893,"2011-11-07",6158,781,7.88476312419974
893,"2011-11-14",4200,1766,2.37825594563986
893,"2011-11-21",10616,365,29.0849315068493
893,"2011-11-28",8838,180,49.1
893,"2011-12-05",19933,1073,18.5768872320596
893,"2011-12-12",5455,1073,5.0838769804287
894,"2011-07-25",6134,1205,5.09045643153527
894,"2011-08-01",4795,1665,2.87987987987988
894,"2011-08-08",9225,1329,6.94130925507901
894,"2011-08-15",10316,415,24.8578313253012
894,"2011-08-22",11894,915,12.9989071038251
894,"2011-08-29",7258,887,8.1826381059752
894,"2011-09-05",5219,3,1739.66666666667
894,"2011-09-12",6483,479,13.5344467640919
894,"2011-09-19",4048,1329,3.04589917231001
894,"2011-09-26",10450,1376,7.59447674418605
894,"2011-10-03",9278,744,12.4704301075269
894,"2011-10-10",5659,535,10.5775700934579
894,"2011-10-17",9062,781,11.6030729833547
894,"2011-10-24",8933,649,13.7642526964561
894,"2011-10-31",7007,1442,4.85922330097087
894,"2011-11-07",15157,365,41.5260273972603
894,"2011-11-14",7500,1329,5.64334085778781
894,"2011-11-21",46000,1237,37.1867421180275
894,"2011-11-28",4484,1556,2.88174807197943
894,"2011-12-05",17711,1766,10.0288788221971
894,"2011-12-12",8864,1766,5.01925254813137
1799,"2011-07-25",4863,940,5.17340425531915
1799,"2011-08-01",4962,1014,4.89349112426035
1799,"2011-08-08",5300,940,5.63829787234043
1799,"2011-08-15",5039,1014,4.96942800788955
1799,"2011-08-22",5563,1120,4.96696428571429
1799,"2011-08-29",4751,915,5.19234972677596
1799,"2011-09-05",6924,1105,6.26606334841629
1799,"2011-09-12",4376,781,5.60307298335467
1799,"2011-09-19",2696,305,8.83934426229508
1799,"2011-09-26",3605,535,6.73831775700935
1799,"2011-10-03",4671,702,6.65384615384615
1799,"2011-10-10",6160,1054,5.84440227703985
1799,"2011-10-17",5173,649,7.97072419106317
1799,"2011-10-24",4298,702,6.12250712250712
1799,"2011-10-31",3706,535,6.92710280373832
1799,"2011-11-07",5840,969,6.02683178534572
1799,"2011-11-14",4263,702,6.07264957264957
1799,"2011-11-21",6843,990,6.91212121212121
1799,"2011-11-28",7120,853,8.34701055099648
1799,"2011-12-05",4769,702,6.79344729344729
1799,"2011-12-12",6281,1073,5.85368126747437
1800,"2011-07-25",5132,969,5.29618163054696
1800,"2011-08-01",6749,1090,6.19174311926606
1800,"2011-08-08",5778,1105,5.2289592760181
1800,"2011-08-15",4388,915,4.79562841530055
1800,"2011-08-22",5328,1054,5.0550284629981
1800,"2011-08-29",6886,1160,5.93620689655172
1800,"2011-09-05",6098,1090,5.59449541284404
1800,"2011-09-12",7037,1182,5.95346869712352
1800,"2011-09-19",5064,969,5.22600619195046
1800,"2011-09-26",6693,1054,6.35009487666034
1800,"2011-10-03",4931,744,6.62768817204301
1800,"2011-10-10",5575,1054,5.28937381404175
1800,"2011-10-17",6770,1054,6.42314990512334
1800,"2011-10-24",5124,853,6.00703399765533
1800,"2011-10-31",5191,940,5.52234042553192
1800,"2011-11-07",4286,853,5.02461899179367
1800,"2011-11-14",4460,814,5.47911547911548
1800,"2011-11-21",6205,1054,5.88709677419355
1800,"2011-11-28",6749,1140,5.92017543859649
1800,"2011-12-05",8654,1280,6.7609375
1800,"2011-12-12",9018,1365,6.60659340659341
1802,"2011-07-25",8703,1266,6.87440758293839
1802,"2011-08-01",13529,1622,8.34093711467324
1802,"2011-08-08",10069,1409,7.14620298083747
1802,"2011-08-15",10631,1443,7.36729036729037
1802,"2011-08-22",8449,1365,6.18974358974359
1802,"2011-08-29",8677,1316,6.5934650455927
1802,"2011-09-05",10287,1376,7.47601744186047
1802,"2011-09-12",10486,1387,7.56020187454939
1802,"2011-09-19",7496,1160,6.46206896551724
1802,"2011-09-26",8436,1223,6.89779231398201
1802,"2011-10-03",11410,1455,7.84192439862543
1802,"2011-10-10",11316,1579,7.16656111462951
1802,"2011-10-17",7658,1205,6.3551867219917
1802,"2011-10-24",7989,1291,6.18822618125484
1802,"2011-10-31",11942,1557,7.669877970456
1802,"2011-11-07",9315,1330,7.00375939849624
1802,"2011-11-14",8402,1266,6.63665086887836
1802,"2011-11-21",5946,887,6.70349492671928
1802,"2011-11-28",9965,1398,7.12804005722461
1802,"2011-12-05",13114,1568,8.36352040816327
1802,"2011-12-12",12399,1589,7.80302076777848
2022,"2011-07-25",24933,870,28.6586206896552
2022,"2011-08-01",25434,912,27.8881578947368
2022,"2011-08-08",23147,782,29.5997442455243
2022,"2011-08-15",25438,888,28.6463963963964
2022,"2011-08-22",26250,932,28.1652360515021
2022,"2011-08-29",22252,870,25.5770114942529
2022,"2011-09-05",21544,836,25.7703349282297
2022,"2011-09-12",21166,708,29.8954802259887
2022,"2011-09-19",24021,839,28.6305125148987
2022,"2011-09-26",22499,782,28.7710997442455
2022,"2011-10-03",21323,741,28.7759784075574
2022,"2011-10-10",19219,615,31.250406504065
2022,"2011-10-17",22857,845,27.0497041420118
2022,"2011-10-24",16780,520,32.2692307692308
2022,"2011-10-31",8042,1073,7.49487418452936
2022,"2011-11-07",4910,989,4.96461071789687
2022,"2011-11-14",0,1,0
2022,"2011-11-21",0,1,0
2022,"2011-11-28",0,1,0
2022,"2011-12-05",0,1,0
2022,"2011-12-12",0,1,0
2083,"2011-07-25",0,1,0
2083,"2011-08-01",0,1,0
2083,"2011-08-08",0,1,0
2083,"2011-08-15",0,1,0
2083,"2011-08-22",0,1,0
2083,"2011-08-29",3130,2,1565
2083,"2011-09-05",0,1,0
2083,"2011-09-12",0,1,0
2083,"2011-09-19",0,1,0
2083,"2011-09-26",0,1,0
2083,"2011-10-03",0,1,0
2083,"2011-10-10",0,1,0
2083,"2011-10-17",0,1,0
2083,"2011-10-24",6260,648,9.66049382716049
2083,"2011-10-31",3557,1556,2.28598971722365
2083,"2011-11-07",4417,3,1472.33333333333
2083,"2011-11-14",8100,250,32.4
2083,"2011-11-21",4649,365,12.7369863013699
2083,"2011-11-28",6902,969,7.12280701754386
2083,"2011-12-05",5556,415,13.3879518072289
2083,"2011-12-12",7127,781,9.12548015364917
2286,"2011-07-25",7392,1745,4.23610315186246
2286,"2011-08-01",7030,1611,4.36374922408442
2286,"2011-08-08",7369,1568,4.69961734693878
2286,"2011-08-15",6785,1536,4.41731770833333
2286,"2011-08-22",7986,1755,4.55042735042735
2286,"2011-08-29",8218,1774,4.63246899661781
2286,"2011-09-05",6828,1600,4.2675
2286,"2011-09-12",6199,1503,4.12441783100466
2286,"2011-09-19",7368,1622,4.54254007398274
2286,"2011-09-26",7468,1801,4.14658523042754
2286,"2011-10-03",7169,1579,4.54021532615579
2286,"2011-10-10",6072,1365,4.44835164835165
2286,"2011-10-17",7646,1622,4.71393341553638
2286,"2011-10-24",6639,1514,4.38507265521797
2286,"2011-10-31",6524,1431,4.55904961565339
2286,"2011-11-07",7252,1589,4.56387665198238
2286,"2011-11-14",5331,1398,3.81330472103004
2286,"2011-11-21",6895,1697,4.06305244549204
2286,"2011-11-28",9220,1644,5.60827250608273
2286,"2011-12-05",6574,1697,3.87389510901591
2286,"2011-12-12",9305,1736,5.36002304147465
2332,"2011-07-25",10203,1104,9.24184782608696
2332,"2011-08-01",9581,1047,9.15090735434575
2332,"2011-08-08",10387,1078,9.63543599257885
2332,"2011-08-15",10616,1095,9.69497716894977
2332,"2011-08-22",10871,1040,10.4528846153846
2332,"2011-08-29",10845,1116,9.71774193548387
2332,"2011-09-05",10351,1092,9.47893772893773
2332,"2011-09-12",10239,1042,9.82629558541267
2332,"2011-09-19",9865,1051,9.38629876308278
2332,"2011-09-26",11854,1169,10.1402908468777
2332,"2011-10-03",10902,1100,9.91090909090909
2332,"2011-10-10",10277,1119,9.18409294012511
2332,"2011-10-17",11502,1161,9.90697674418605
2332,"2011-10-24",11030,1158,9.52504317789292
2332,"2011-10-31",9498,1052,9.02851711026616
2332,"2011-11-07",8185,922,8.87744034707158
2332,"2011-11-14",10428,1097,9.50592525068368
2332,"2011-11-21",8970,976,9.1905737704918
2332,"2011-11-28",7235,572,12.6486013986014
2332,"2011-12-05",5477,225,24.3422222222222
2332,"2011-12-12",13188,1052,12.5361216730038
2342,"2011-07-25",12567,1144,10.9851398601399
2342,"2011-08-01",11085,1029,10.7725947521866
2342,"2011-08-08",11474,995,11.5316582914573
2342,"2011-08-15",10220,832,12.2836538461538
2342,"2011-08-22",12515,951,13.1598317560463
2342,"2011-08-29",11592,883,13.127972819932
2342,"2011-09-05",12332,795,15.5119496855346
2342,"2011-09-12",10030,491,20.4276985743381
2342,"2011-09-19",14936,988,15.1174089068826
2342,"2011-09-26",15292,841,18.1831153388823
2342,"2011-10-03",13876,888,15.6261261261261
2342,"2011-10-10",11926,745,16.0080536912752
2342,"2011-10-17",14343,936,15.3237179487179
2342,"2011-10-24",15807,951,16.6214511041009
2342,"2011-10-31",13095,870,15.051724137931
2342,"2011-11-07",10519,713,14.7531556802244
2342,"2011-11-14",10849,754,14.3885941644562
2342,"2011-11-21",10913,740,14.7472972972973
2342,"2011-11-28",14844,883,16.8108720271801
2342,"2011-12-05",11635,683,17.0351390922401
2342,"2011-12-12",10896,577,18.8838821490468
2394,"2011-07-25",20878,1589,13.139081183134
2394,"2011-08-01",19142,1479,12.9425287356322
2394,"2011-08-08",20235,1589,12.7344241661422
2394,"2011-08-15",21741,1546,14.0627425614489
2394,"2011-08-22",22200,1666,13.3253301320528
2394,"2011-08-29",19970,1579,12.6472450918303
2394,"2011-09-05",24018,1677,14.3220035778175
2394,"2011-09-12",19852,1600,12.4075
2394,"2011-09-19",17918,1525,11.7495081967213
2394,"2011-09-26",20857,1666,12.5192076830732
2394,"2011-10-03",16818,1455,11.5587628865979
2394,"2011-10-10",19287,1622,11.8908754623921
2394,"2011-10-17",19745,1525,12.9475409836066
2394,"2011-10-24",23677,1503,15.7531603459747
2394,"2011-10-31",19758,1589,12.4342353681561
2394,"2011-11-07",20642,1707,12.0925600468658
2394,"2011-11-14",21068,1622,12.9889025893958
2394,"2011-11-21",20775,1655,12.5528700906344
2394,"2011-11-28",23241,1707,13.6151142355009
2394,"2011-12-05",19780,1644,12.0316301703163
2394,"2011-12-12",21031,1600,13.144375
2692,"2011-07-25",14826,1420,10.4408450704225
2692,"2011-08-01",15276,1525,10.0170491803279
2692,"2011-08-08",13587,1557,8.72639691714836
2692,"2011-08-15",16686,1589,10.5009439899308
2692,"2011-08-22",15796,1546,10.2173350582147
2692,"2011-08-29",13722,1492,9.1970509383378
2692,"2011-09-05",13657,1468,9.30313351498638
2692,"2011-09-12",15751,1468,10.7295640326975
2692,"2011-09-19",15500,1579,9.81633945535149
2692,"2011-09-26",15196,1644,9.24330900243309
2692,"2011-10-03",15107,1589,9.50723725613593
2692,"2011-10-10",12978,1341,9.67785234899329
2692,"2011-10-17",13437,1479,9.08519269776876
2692,"2011-10-24",15748,1568,10.0433673469388
2692,"2011-10-31",12625,1387,9.10237923576064
2692,"2011-11-07",12426,1468,8.46457765667575
2692,"2011-11-14",15206,1600,9.50375
2692,"2011-11-21",15106,1589,9.50660792951542
2692,"2011-11-28",13121,1503,8.72987358616101
2692,"2011-12-05",15375,1655,9.29003021148036
2692,"2011-12-12",16274,1622,10.0332922318126
