inst/sales/table1.csv
"product","date","revenue","units","price"
2810,"2011-07-25",2207,1442,1.53051317614424
2810,"2011-08-01",3399,305,11.144262295082
2810,"2011-08-08",3659,649,5.63790446841294
2810,"2011-08-15",2748,1556,1.76606683804627
2810,"2011-08-22",2283,989,2.30839231547017
2810,"2011-08-29",2132,1766,1.20724801812005
2810,"2011-09-05",2657,1665,1.5957957957958
2810,"2011-09-12",3025,180,16.8055555555556
2810,"2011-09-19",2187,1665,1.31351351351351
2810,"2011-09-26",2256,1556,1.44987146529563
2810,"2011-10-03",3357,1442,2.32801664355062
2810,"2011-10-10",2703,3,901
2810,"2011-10-17",2267,989,2.29221435793731
2810,"2011-10-24",2250,1442,1.56033287101248
2810,"2011-10-31",3116,415,7.50843373493976
2810,"2011-11-07",2652,1556,1.70437017994859
2810,"2011-11-14",2840,1442,1.96948682385576
2810,"2011-11-21",4766,97,49.1340206185567
2810,"2011-11-28",2360,3,786.666666666667
2810,"2011-12-05",2406,180,13.3666666666667
2810,"2011-12-12",3197,3,1065.66666666667
3004,"2011-07-25",20142,1589,12.6758967904342
3004,"2011-08-01",24007,135,177.82962962963
3004,"2011-08-08",26329,63,417.920634920635
3004,"2011-08-15",21321,1821,11.7084019769358
3004,"2011-08-22",27420,126,217.619047619048
3004,"2011-08-29",20691,1774,11.663472378805
3004,"2011-09-05",21608,1755,12.3122507122507
3004,"2011-09-12",21913,1793,12.2214166201896
3004,"2011-09-19",22836,1793,12.7361963190184
3004,"2011-09-26",25261,1821,13.8720483250961
3004,"2011-10-03",21197,1697,12.4908662345315
3004,"2011-10-10",17940,1536,11.6796875
3004,"2011-10-17",22943,1767,12.9841539332201
3004,"2011-10-24",20704,1622,12.7644882860666
3004,"2011-10-31",24983,24,1040.95833333333
3004,"2011-11-07",26200,1793,14.6123814835471
3004,"2011-11-14",22882,1707,13.4048037492677
3004,"2011-11-21",24229,1725,14.0457971014493
3004,"2011-11-28",19870,1745,11.3868194842407
3004,"2011-12-05",20921,1687,12.4013040901008
3004,"2011-12-12",21941,1755,12.5019943019943
3005,"2011-07-25",30298,385,78.6961038961039
3005,"2011-08-01",34939,609,57.3711001642036
3005,"2011-08-08",29405,564,52.136524822695
3005,"2011-08-15",29340,471,62.2929936305732
3005,"2011-08-22",34500,745,46.3087248322148
3005,"2011-08-29",32584,582,55.9862542955326
3005,"2011-09-05",32923,471,69.9002123142251
3005,"2011-09-12",31939,513,62.2592592592593
3005,"2011-09-19",29674,431,68.8491879350348
3005,"2011-09-26",31166,358,87.0558659217877
3005,"2011-10-03",31974,564,56.6914893617021
3005,"2011-10-10",37399,502,74.5
3005,"2011-10-17",30576,513,59.6023391812866
3005,"2011-10-24",31227,491,63.5987780040733
3005,"2011-10-31",39443,644,61.2468944099379
3005,"2011-11-07",25769,317,81.2902208201893
3005,"2011-11-14",44803,721,62.1400832177531
3005,"2011-11-21",32673,556,58.7643884892086
3005,"2011-11-28",40549,556,72.9298561151079
3005,"2011-12-05",29576,435,67.9908045977011
3005,"2011-12-12",28491,424,67.1957547169811
3006,"2011-07-25",21052,1655,12.7202416918429
3006,"2011-08-01",18604,1655,11.2410876132931
3006,"2011-08-08",22493,1468,15.3222070844687
3006,"2011-08-15",14905,1376,10.8321220930233
3006,"2011-08-22",17952,1579,11.3692210259658
3006,"2011-08-29",26738,1736,15.4020737327189
3006,"2011-09-05",26965,13,2074.23076923077
3006,"2011-09-12",20743,1697,12.223335297584
3006,"2011-09-19",23304,13,1792.61538461538
3006,"2011-09-26",26354,126,209.15873015873
3006,"2011-10-03",21946,1725,12.7223188405797
3006,"2011-10-10",24465,1677,14.5885509838998
3006,"2011-10-17",24201,1837,13.1741970604246
3006,"2011-10-24",23140,1745,13.2607449856734
3006,"2011-10-31",23875,1774,13.4582863585118
3006,"2011-11-07",22509,1546,14.5595084087969
3006,"2011-11-14",29362,13,2258.61538461538
3006,"2011-11-21",21050,1525,13.8032786885246
3006,"2011-11-28",21824,1801,12.11771238201
3006,"2011-12-05",19360,1697,11.4083677077195
3006,"2011-12-12",21937,4,5484.25
3031,"2011-07-25",64369,243,264.893004115226
3031,"2011-08-01",162297,1046,155.15965583174
3031,"2011-08-08",78941,366,215.685792349727
3031,"2011-08-15",58850,1811,32.4958586416345
3031,"2011-08-22",96478,520,185.534615384615
3031,"2011-08-29",105095,536,196.07276119403
3031,"2011-09-05",98641,672,146.787202380952
3031,"2011-09-12",83231,196,424.647959183673
3031,"2011-09-19",101304,424,238.924528301887
3031,"2011-09-26",91728,398,230.472361809045
3031,"2011-10-03",74201,285,260.354385964912
3031,"2011-10-10",112996,683,165.440702781845
3031,"2011-10-17",137054,912,150.27850877193
3031,"2011-10-24",60261,800,75.32625
3031,"2011-10-31",66390,1161,57.1834625322997
3031,"2011-11-07",66434,1227,54.1434392828036
3031,"2011-11-14",72428,1323,54.745275888133
3031,"2011-11-21",83376,1433,58.1828332170272
3031,"2011-11-28",151939,86,1766.73255813953
3031,"2011-12-05",342322,872,392.571100917431
3031,"2011-12-12",603034,1277,472.227094753328
3130,"2011-07-25",56474,243,232.40329218107
3130,"2011-08-01",142391,1046,136.129063097514
3130,"2011-08-08",69259,366,189.232240437158
3130,"2011-08-15",51200,1811,28.2716731087797
3130,"2011-08-22",82578,520,158.803846153846
3130,"2011-08-29",89953,536,167.82276119403
3130,"2011-09-05",84429,672,125.638392857143
3130,"2011-09-12",71239,196,363.464285714286
3130,"2011-09-19",86708,424,204.5
3130,"2011-09-26",78512,398,197.266331658291
3130,"2011-10-03",63978,292,219.102739726027
3130,"2011-10-10",101388,737,137.568521031208
3130,"2011-10-17",112043,815,137.476073619632
3130,"2011-10-24",55521,865,64.1861271676301
3130,"2011-10-31",58139,1179,49.3121289228159
3130,"2011-11-07",58210,1243,46.8302493966211
3130,"2011-11-14",61938,1324,46.7809667673716
3130,"2011-11-21",71967,1438,50.0465924895688
3130,"2011-11-28",126899,56,2266.05357142857
3130,"2011-12-05",294495,876,336.181506849315
3130,"2011-12-12",513180,1272,403.443396226415
3207,"2011-07-25",28765,1611,17.8553693358163
3207,"2011-08-01",28714,1821,15.7682591982427
3207,"2011-08-08",29317,63,465.349206349206
3207,"2011-08-15",32538,225,144.613333333333
3207,"2011-08-22",27711,1717,16.1391962725684
3207,"2011-08-29",28845,41,703.536585365854
3207,"2011-09-05",23756,1611,14.7461204220981
3207,"2011-09-12",29130,4,7282.5
3207,"2011-09-19",27209,1774,15.3376550169109
3207,"2011-09-26",21323,1589,13.4191315292637
3207,"2011-10-03",24627,1666,14.7821128451381
3207,"2011-10-10",28112,1828,15.3785557986871
3207,"2011-10-17",26497,1600,16.560625
3207,"2011-10-24",30437,63,483.126984126984
3207,"2011-10-31",27456,1801,15.2448639644642
3207,"2011-11-07",26893,1745,15.4114613180516
3207,"2011-11-14",26235,1717,15.2795573675015
3207,"2011-11-21",31674,1633,19.3962033067973
3207,"2011-11-28",30386,72,422.027777777778
3207,"2011-12-05",39783,285,139.589473684211
3207,"2011-12-12",38867,385,100.953246753247
3278,"2011-07-25",21985,913,24.0799561883899
3278,"2011-08-01",21806,953,22.8814270724029
3278,"2011-08-08",19985,865,23.1040462427746
3278,"2011-08-15",20808,922,22.5683297180043
3278,"2011-08-22",21161,971,21.7929969104016
3278,"2011-08-29",22910,1056,21.6950757575758
3278,"2011-09-05",22061,991,22.2613521695257
3278,"2011-09-12",18833,888,21.2083333333333
3278,"2011-09-19",17936,797,22.504391468005
3278,"2011-09-26",20056,900,22.2844444444444
3278,"2011-10-03",18843,795,23.7018867924528
3278,"2011-10-10",18437,754,24.4522546419098
3278,"2011-10-17",16845,797,21.1355081555834
3278,"2011-10-24",20316,881,23.0601589103292
3278,"2011-10-31",16029,662,24.2129909365559
3278,"2011-11-07",18293,815,22.4453987730061
3278,"2011-11-14",18423,740,24.8959459459459
3278,"2011-11-21",21308,824,25.8592233009709
3278,"2011-11-28",17746,767,23.1368970013038
3278,"2011-12-05",17264,683,25.2767203513909
3278,"2011-12-12",19971,775,25.7690322580645
3428,"2011-07-25",9203,582,15.8127147766323
3428,"2011-08-01",10383,609,17.0492610837438
3428,"2011-08-08",8348,424,19.688679245283
3428,"2011-08-15",8025,520,15.4326923076923
3428,"2011-08-22",7617,347,21.9510086455331
3428,"2011-08-29",7699,337,22.8456973293769
3428,"2011-09-05",7809,330,23.6636363636364
3428,"2011-09-12",5753,4,1438.25
3428,"2011-09-19",7043,230,30.6217391304348
3428,"2011-09-26",6644,275,24.16
3428,"2011-10-03",7671,381,20.1338582677165
3428,"2011-10-10",7990,550,14.5272727272727
3428,"2011-10-17",6818,330,20.6606060606061
3428,"2011-10-24",8167,409,19.9682151589242
3428,"2011-10-31",8339,317,26.3059936908517
3428,"2011-11-07",8177,520,15.725
3428,"2011-11-14",9485,678,13.9896755162242
3428,"2011-11-21",7658,398,19.2412060301508
3428,"2011-11-28",7469,299,24.9799331103679
3428,"2011-12-05",7723,358,21.572625698324
3428,"2011-12-12",8139,381,21.3622047244094
3431,"2011-07-25",5130,250,20.52
3431,"2011-08-01",5698,415,13.7301204819277
3431,"2011-08-08",6376,887,7.18827508455468
3431,"2011-08-15",7919,1330,5.95413533834587
3431,"2011-08-22",7209,1330,5.4203007518797
3431,"2011-08-29",6688,1341,4.98732289336316
3431,"2011-09-05",6822,1479,4.61257606490872
3431,"2011-09-12",6659,1745,3.81604584527221
3431,"2011-09-19",6719,1717,3.91322073383809
3431,"2011-09-26",7586,108,70.2407407407407
3431,"2011-10-03",6975,1837,3.79695155144257
3431,"2011-10-10",7299,135,54.0666666666667
3431,"2011-10-17",7734,41,188.634146341463
3431,"2011-10-24",7099,1793,3.95928611266035
3431,"2011-10-31",8243,72,114.486111111111
3431,"2011-11-07",7744,225,34.4177777777778
3431,"2011-11-14",7859,126,62.3730158730159
3431,"2011-11-21",7715,32,241.09375
3431,"2011-11-28",7296,1801,4.05108273181566
3431,"2011-12-05",7033,1525,4.61180327868852
3431,"2011-12-12",6477,1266,5.11611374407583
3432,"2011-07-25",8885,169,52.5739644970414
3432,"2011-08-01",8001,1774,4.51014656144307
3432,"2011-08-08",7929,1837,4.31627653783342
3432,"2011-08-15",11215,464,24.1702586206897
3432,"2011-08-22",9320,225,41.4222222222222
3432,"2011-08-29",10040,234,42.9059829059829
3432,"2011-09-05",8730,225,38.8
3432,"2011-09-12",9496,317,29.9558359621451
3432,"2011-09-19",9283,267,34.7677902621723
3432,"2011-09-26",8696,174,49.9770114942529
3432,"2011-10-03",9295,220,42.25
3432,"2011-10-10",9834,330,29.8
3432,"2011-10-17",8692,220,39.5090909090909
3432,"2011-10-24",7461,135,55.2666666666667
3432,"2011-10-31",9871,282,35.0035460992908
3432,"2011-11-07",9509,267,35.6142322097378
3432,"2011-11-14",7731,143,54.0629370629371
3432,"2011-11-21",7948,1801,4.41310383120489
3432,"2011-11-28",7575,1767,4.28692699490662
3432,"2011-12-05",6507,1492,4.3612600536193
3432,"2011-12-12",4783,535,8.94018691588785
3437,"2011-07-25",9571,1311,7.30053394355454
3437,"2011-08-01",9579,1294,7.40262751159196
3437,"2011-08-08",6613,1079,6.12882298424467
3437,"2011-08-15",9627,1239,7.76997578692494
3437,"2011-08-22",7117,1007,7.06752730883813
3437,"2011-08-29",6741,917,7.35114503816794
3437,"2011-09-05",6026,683,8.82284040995608
3437,"2011-09-12",4923,225,21.88
3437,"2011-09-19",5125,1811,2.829928216455
3437,"2011-09-26",4284,1611,2.65921787709497
3437,"2011-10-03",2404,1205,1.99502074688797
3437,"2011-10-10",2703,940,2.87553191489362
3437,"2011-10-17",4103,1223,3.35486508585446
3437,"2011-10-24",4626,1014,4.56213017751479
3437,"2011-10-31",3628,814,4.45700245700246
3437,"2011-11-07",4386,915,4.79344262295082
3437,"2011-11-14",2187,3,729
3437,"2011-11-21",4219,853,4.94607268464244
3437,"2011-11-28",3888,479,8.11691022964509
3437,"2011-12-05",2140,97,22.0618556701031
3437,"2011-12-12",1952,1766,1.10532276330691
3738,"2011-07-25",14325,1431,10.0104821802935
3738,"2011-08-01",9983,1266,7.88546603475513
3738,"2011-08-08",11765,940,12.5159574468085
3738,"2011-08-15",10874,1182,9.19966159052453
3738,"2011-08-22",11391,1140,9.99210526315789
3738,"2011-08-29",10230,1237,8.27000808407437
3738,"2011-09-05",12105,1251,9.67625899280575
3738,"2011-09-12",13003,1182,11.0008460236887
3738,"2011-09-19",12065,1251,9.64428457234213
3738,"2011-09-26",11545,1266,9.11927330173776
3738,"2011-10-03",11854,1266,9.36334913112164
3738,"2011-10-10",13111,1365,9.6051282051282
3738,"2011-10-17",10015,1038,9.64836223506744
3738,"2011-10-24",13908,1330,10.4571428571429
3738,"2011-10-31",12815,1160,11.0474137931034
3738,"2011-11-07",15503,1503,10.3147039254824
3738,"2011-11-14",12417,1266,9.80805687203791
3738,"2011-11-21",9340,990,9.43434343434343
3738,"2011-11-28",12923,1266,10.2077409162717
3738,"2011-12-05",13979,1420,9.8443661971831
3738,"2011-12-12",14816,1398,10.5979971387697
3768,"2011-07-25",3413,369,9.24932249322493
3768,"2011-08-01",3597,385,9.34285714285714
3768,"2011-08-08",3956,330,11.9878787878788
3768,"2011-08-15",2705,143,18.9160839160839
3768,"2011-08-22",3040,352,8.63636363636364
3768,"2011-08-29",2982,135,22.0888888888889
3768,"2011-09-05",2667,150,17.78
3768,"2011-09-12",2710,41,66.0975609756098
3768,"2011-09-19",2594,98,26.469387755102
3768,"2011-09-26",3173,352,9.01420454545454
3768,"2011-10-03",2785,190,14.6578947368421
3768,"2011-10-10",2992,285,10.4982456140351
3768,"2011-10-17",2808,259,10.8416988416988
3768,"2011-10-24",3360,392,8.57142857142857
3768,"2011-10-31",2856,230,12.4173913043478
3768,"2011-11-07",3028,296,10.2297297297297
3768,"2011-11-14",3128,181,17.2817679558011
3768,"2011-11-21",2624,174,15.0804597701149
3768,"2011-11-28",3580,540,6.62962962962963
3768,"2011-12-05",2515,220,11.4318181818182
3768,"2011-12-12",2790,282,9.8936170212766
3822,"2011-07-25",0,1,0
3822,"2011-08-01",0,1,0
3822,"2011-08-08",5700,648,8.7962962962963
3822,"2011-08-15",19950,1556,12.8213367609254
3822,"2011-08-22",32285,479,67.4008350730689
3822,"2011-08-29",36260,597,60.7370184254606
3822,"2011-09-05",42735,1080,39.5694444444444
3822,"2011-09-12",83255,1769,47.0633126059921
3822,"2011-09-19",81423,1794,45.3862876254181
3822,"2011-09-26",65600,1710,38.3625730994152
3822,"2011-10-03",23326,662,35.2356495468278
3822,"2011-10-10",14571,1353,10.7694013303769
3822,"2011-10-17",15057,1431,10.5220125786164
3822,"2011-10-24",9814,887,11.0642615558061
3822,"2011-10-31",9690,250,38.76
3822,"2011-11-07",15418,1665,9.26006006006006
3822,"2011-11-14",7860,1329,5.91422121896163
3822,"2011-11-21",11340,3,3780
3822,"2011-11-28",12420,1442,8.6130374479889
3822,"2011-12-05",6120,2,3060
3822,"2011-12-12",12393,1442,8.59431345353675
3841,"2011-07-25",43003,741,58.0337381916329
3841,"2011-08-01",38314,745,51.4281879194631
3841,"2011-08-08",40651,694,58.5749279538905
3841,"2011-08-15",42705,805,53.0496894409938
3841,"2011-08-22",39011,708,55.1002824858757
3841,"2011-08-29",45779,888,51.5529279279279
3841,"2011-09-05",36755,634,57.9731861198738
3841,"2011-09-12",35443,525,67.5104761904762
3841,"2011-09-19",32444,572,56.7202797202797
3841,"2011-09-26",36910,727,50.7702888583219
3841,"2011-10-03",41349,716,57.75
3841,"2011-10-10",32179,650,49.5061538461538
3841,"2011-10-17",39045,678,57.5884955752212
3841,"2011-10-24",47348,687,68.919941775837
3841,"2011-10-31",40796,811,50.3033292231813
3841,"2011-11-07",43894,721,60.879334257975
3841,"2011-11-14",39997,716,55.8617318435754
3841,"2011-11-21",36432,604,60.317880794702
3841,"2011-11-28",37234,708,52.590395480226
3841,"2011-12-05",43489,815,53.360736196319
3841,"2011-12-12",41017,815,50.3276073619632
3982,"2011-07-25",3276,234,14
3982,"2011-08-01",3079,181,17.0110497237569
3982,"2011-08-08",2552,1767,1.4442558007923
3982,"2011-08-15",2244,4,561
3982,"2011-08-22",2704,118,22.9152542372881
3982,"2011-08-29",2728,150,18.1866666666667
3982,"2011-09-05",2472,1828,1.35229759299781
3982,"2011-09-12",2769,230,12.0391304347826
3982,"2011-09-19",2525,24,105.208333333333
3982,"2011-09-26",2465,118,20.8898305084746
3982,"2011-10-03",3272,143,22.8811188811189
3982,"2011-10-10",2394,90,26.6
3982,"2011-10-17",2556,63,40.5714285714286
3982,"2011-10-24",2581,160,16.13125
3982,"2011-10-31",2630,90,29.2222222222222
3982,"2011-11-07",2521,98,25.7244897959184
3982,"2011-11-14",2801,98,28.5816326530612
3982,"2011-11-21",3343,234,14.2863247863248
3982,"2011-11-28",3058,251,12.1832669322709
3982,"2011-12-05",3457,285,12.1298245614035
3982,"2011-12-12",3145,243,12.9423868312757
4058,"2011-07-25",12365,805,15.360248447205
4058,"2011-08-01",11247,644,17.4642857142857
4058,"2011-08-08",11126,749,14.8544726301736
4058,"2011-08-15",11440,732,15.6284153005464
4058,"2011-08-22",10597,598,17.7207357859532
4058,"2011-08-29",11971,820,14.5987804878049
4058,"2011-09-05",12418,811,15.3119605425401
4058,"2011-09-12",11505,703,16.3655761024182
4058,"2011-09-19",11227,694,16.1772334293948
4058,"2011-09-26",11597,754,15.3806366047745
4058,"2011-10-03",10786,630,17.1206349206349
4058,"2011-10-10",10509,621,16.9227053140097
4058,"2011-10-17",10244,634,16.1577287066246
4058,"2011-10-24",11816,687,17.1994177583697
4058,"2011-10-31",10969,703,15.6031294452347
4058,"2011-11-07",11541,703,16.4167852062589
4058,"2011-11-14",10336,564,18.3262411347518
4058,"2011-11-21",10880,678,16.047197640118
4058,"2011-11-28",13218,870,15.1931034482759
4058,"2011-12-05",10861,626,17.3498402555911
4058,"2011-12-12",9425,540,17.4537037037037
4376,"2011-07-25",3507,196,17.8928571428571
4376,"2011-08-01",2641,190,13.9
4376,"2011-08-08",2632,1837,1.43277082199238
4376,"2011-08-15",3574,373,9.58176943699732
4376,"2011-08-22",3047,225,13.5422222222222
4376,"2011-08-29",3627,381,9.51968503937008
4376,"2011-09-05",3311,330,10.0333333333333
4376,"2011-09-12",2994,143,20.9370629370629
4376,"2011-09-19",2610,81,32.2222222222222
4376,"2011-09-26",3238,347,9.3314121037464
4376,"2011-10-03",2654,143,18.5594405594406
4376,"2011-10-10",2849,90,31.6555555555556
4376,"2011-10-17",2641,143,18.4685314685315
4376,"2011-10-24",3076,306,10.0522875816993
4376,"2011-10-31",2842,63,45.1111111111111
4376,"2011-11-07",2847,90,31.6333333333333
4376,"2011-11-14",3229,230,14.0391304347826
4376,"2011-11-21",3563,369,9.65582655826558
4376,"2011-11-28",3520,464,7.58620689655172
4376,"2011-12-05",3383,424,7.97877358490566
4376,"2011-12-12",2769,275,10.0690909090909
