inst/sales/table1.csv
"product","date","revenue","units","price"
4402,"2011-07-25",2334,1821,1.28171334431631
4402,"2011-08-01",2324,1774,1.31003382187148
4402,"2011-08-08",2320,1707,1.35910954891623
4402,"2011-08-15",2180,1774,1.22886133032694
4402,"2011-08-22",2377,63,37.7301587301587
4402,"2011-08-29",2416,4,604
4402,"2011-09-05",2847,63,45.1904761904762
4402,"2011-09-12",2219,13,170.692307692308
4402,"2011-09-19",2497,1793,1.39263803680982
4402,"2011-09-26",2630,267,9.8501872659176
4402,"2011-10-03",2089,1828,1.14277899343545
4402,"2011-10-10",2137,1774,1.20462232243517
4402,"2011-10-17",2536,1755,1.44501424501424
4402,"2011-10-24",2600,98,26.530612244898
4402,"2011-10-31",2516,135,18.637037037037
4402,"2011-11-07",2245,24,93.5416666666667
4402,"2011-11-14",2700,63,42.8571428571429
4402,"2011-11-21",3216,358,8.98324022346369
4402,"2011-11-28",2914,251,11.609561752988
4402,"2011-12-05",2660,24,110.833333333333
4402,"2011-12-12",2632,32,82.25
4404,"2011-07-25",2750,24,114.583333333333
4404,"2011-08-01",2505,1793,1.39709983268265
4404,"2011-08-08",2953,1837,1.60751224823081
4404,"2011-08-15",2505,1845,1.35772357723577
4404,"2011-08-22",2726,230,11.8521739130435
4404,"2011-08-29",2534,81,31.2839506172839
4404,"2011-09-05",2168,1479,1.4658553076403
4404,"2011-09-12",2346,1622,1.44636251541307
4404,"2011-09-19",1741,1398,1.24535050071531
4404,"2011-09-26",2231,1600,1.394375
4404,"2011-10-03",1731,1376,1.25799418604651
4404,"2011-10-10",1827,1038,1.76011560693642
4404,"2011-10-17",1806,990,1.82424242424242
4404,"2011-10-24",1438,535,2.68785046728972
4404,"2011-10-31",2779,1455,1.90996563573883
4404,"2011-11-07",642,1556,0.412596401028278
4404,"2011-11-14",3880,1140,3.40350877192982
4404,"2011-11-21",957,1329,0.720090293453725
4404,"2011-11-28",2425,1329,1.82468021068473
4404,"2011-12-05",1331,250,5.324
4404,"2011-12-12",1391,3,463.666666666667
4413,"2011-07-25",2902,150,19.3466666666667
4413,"2011-08-01",2272,1774,1.28072153325817
4413,"2011-08-08",2365,4,591.25
4413,"2011-08-15",3031,259,11.7027027027027
4413,"2011-08-22",2941,259,11.3552123552124
4413,"2011-08-29",3888,471,8.25477707006369
4413,"2011-09-05",3281,243,13.5020576131687
4413,"2011-09-12",2725,52,52.4038461538462
4413,"2011-09-19",3373,285,11.8350877192982
4413,"2011-09-26",3604,530,6.8
4413,"2011-10-03",3788,513,7.38401559454191
4413,"2011-10-10",3216,204,15.7647058823529
4413,"2011-10-17",2587,1845,1.40216802168022
4413,"2011-10-24",3222,322,10.0062111801242
4413,"2011-10-31",2915,267,10.9176029962547
4413,"2011-11-07",2468,1828,1.35010940919037
4413,"2011-11-14",2401,24,100.041666666667
4413,"2011-11-21",2494,174,14.3333333333333
4413,"2011-11-28",3291,306,10.7549019607843
4413,"2011-12-05",2338,90,25.9777777777778
4413,"2011-12-12",2816,174,16.183908045977
4445,"2011-07-25",2816,98,28.734693877551
4445,"2011-08-01",3270,234,13.974358974359
4445,"2011-08-08",2616,1784,1.46636771300448
4445,"2011-08-15",2471,1784,1.38508968609865
4445,"2011-08-22",2937,196,14.984693877551
4445,"2011-08-29",3835,459,8.35511982570806
4445,"2011-09-05",2174,1767,1.23033389926429
4445,"2011-09-12",3082,1845,1.67046070460705
4445,"2011-09-19",2764,32,86.375
4445,"2011-09-26",3166,169,18.7337278106509
4445,"2011-10-03",2250,1579,1.42495250158328
4445,"2011-10-10",2228,1365,1.63223443223443
4445,"2011-10-17",2444,1479,1.65246788370521
4445,"2011-10-24",2238,1420,1.57605633802817
4445,"2011-10-31",1276,1291,0.988381099922541
4445,"2011-11-07",1241,1120,1.10803571428571
4445,"2011-11-14",2463,1503,1.63872255489022
4445,"2011-11-21",1765,990,1.78282828282828
4445,"2011-11-28",1718,365,4.70684931506849
4445,"2011-12-05",1293,1766,0.732163080407701
4445,"2011-12-12",1940,3,646.666666666667
4652,"2011-07-25",2949,143,20.6223776223776
4652,"2011-08-01",3591,225,15.96
4652,"2011-08-08",3122,98,31.8571428571429
4652,"2011-08-15",3047,81,37.6172839506173
4652,"2011-08-22",3561,160,22.25625
4652,"2011-08-29",3756,385,9.75584415584416
4652,"2011-09-05",3089,230,13.4304347826087
4652,"2011-09-12",3423,98,34.9285714285714
4652,"2011-09-19",3173,169,18.7751479289941
4652,"2011-09-26",3914,358,10.9329608938547
4652,"2011-10-03",3451,299,11.5418060200669
4652,"2011-10-10",3379,220,15.3590909090909
4652,"2011-10-17",3364,220,15.2909090909091
4652,"2011-10-24",4107,471,8.71974522292994
4652,"2011-10-31",3567,347,10.2795389048991
4652,"2011-11-07",2255,1725,1.30724637681159
4652,"2011-11-14",2853,32,89.15625
4652,"2011-11-21",2728,1755,1.55441595441595
4652,"2011-11-28",3896,358,10.8826815642458
4652,"2011-12-05",4045,435,9.29885057471264
4652,"2011-12-12",5450,765,7.12418300653595
5034,"2011-07-25",15549,713,21.8078541374474
5034,"2011-08-01",16644,732,22.7377049180328
5034,"2011-08-08",18008,895,20.1206703910615
5034,"2011-08-15",17824,678,26.2890855457227
5034,"2011-08-22",16986,650,26.1323076923077
5034,"2011-08-29",19601,749,26.1695594125501
5034,"2011-09-05",16999,609,27.9129720853859
5034,"2011-09-12",14325,409,35.0244498777506
5034,"2011-09-19",19229,604,31.8360927152318
5034,"2011-09-26",17455,615,28.3821138211382
5034,"2011-10-03",17405,550,31.6454545454545
5034,"2011-10-10",18420,550,33.4909090909091
5034,"2011-10-17",17656,536,32.9402985074627
5034,"2011-10-24",19773,650,30.42
5034,"2011-10-31",20589,672,30.6383928571429
5034,"2011-11-07",19461,683,28.493411420205
5034,"2011-11-14",22456,741,30.3049932523617
5034,"2011-11-21",19414,540,35.9518518518518
5034,"2011-11-28",27238,883,30.8471121177803
5034,"2011-12-05",26303,917,28.6837513631407
5034,"2011-12-12",42829,1276,33.5650470219436
5204,"2011-07-25",40201,243,165.43621399177
5204,"2011-08-01",101359,1046,96.9015296367113
5204,"2011-08-08",49301,366,134.70218579235
5204,"2011-08-15",35954,1811,19.853119823302
5204,"2011-08-22",56426,520,108.511538461538
5204,"2011-08-29",61466,536,114.675373134328
5204,"2011-09-05",57691,672,85.8497023809524
5204,"2011-09-12",48678,196,248.357142857143
5204,"2011-09-19",59249,424,139.73820754717
5204,"2011-09-26",53648,398,134.793969849246
5204,"2011-10-03",43717,292,149.715753424658
5204,"2011-10-10",69279,737,94.0013568521031
5204,"2011-10-17",76560,815,93.9386503067485
5204,"2011-10-24",39585,906,43.6920529801325
5204,"2011-10-31",40514,1204,33.6495016611296
5204,"2011-11-07",40052,1247,32.1186848436247
5204,"2011-11-14",42665,1331,32.0548459804658
5204,"2011-11-21",49671,1447,34.3268832066344
5204,"2011-11-28",86872,58,1497.79310344828
5204,"2011-12-05",201781,879,229.557451649602
5204,"2011-12-12",351299,1274,275.744897959184
5257,"2011-07-25",7126,1665,4.27987987987988
5257,"2011-08-01",12603,305,41.3213114754098
5257,"2011-08-08",9482,1766,5.36919592298981
5257,"2011-08-15",11771,479,24.5741127348643
5257,"2011-08-22",8265,1665,4.96396396396396
5257,"2011-08-29",11690,250,46.76
5257,"2011-09-05",7352,1556,4.72493573264781
5257,"2011-09-12",9428,1442,6.5381414701803
5257,"2011-09-19",8942,180,49.6777777777778
5257,"2011-09-26",11695,479,24.4154488517745
5257,"2011-10-03",12625,1665,7.58258258258258
5257,"2011-10-10",9585,989,9.69160768452983
5257,"2011-10-17",11923,597,19.9715242881072
5257,"2011-10-24",7707,97,79.4536082474227
5257,"2011-10-31",13872,97,143.010309278351
5257,"2011-11-07",10832,479,22.6137787056367
5257,"2011-11-14",9698,415,23.3686746987952
5257,"2011-11-21",9125,989,9.22649140546006
5257,"2011-11-28",11715,97,120.773195876289
5257,"2011-12-05",11715,97,120.773195876289
5257,"2011-12-12",9125,250,36.5
5277,"2011-07-25",0,1,0
5277,"2011-08-01",0,1,0
5277,"2011-08-08",0,1,0
5277,"2011-08-15",0,1,0
5277,"2011-08-22",0,1,0
5277,"2011-08-29",0,1,0
5277,"2011-09-05",0,1,0
5277,"2011-09-12",0,1,0
5277,"2011-09-19",0,1,0
5277,"2011-09-26",0,1,0
5277,"2011-10-03",0,1,0
5277,"2011-10-10",0,1,0
5277,"2011-10-17",0,1,0
5277,"2011-10-24",16847,1556,10.8271208226221
5277,"2011-10-31",17118,1766,9.69309173272933
5277,"2011-11-07",12866,781,16.4737516005122
5277,"2011-11-14",12968,365,35.5287671232877
5277,"2011-11-21",11888,649,18.3174114021572
5277,"2011-11-28",9408,305,30.8459016393443
5277,"2011-12-05",12680,415,30.5542168674699
5277,"2011-12-12",12767,702,18.1866096866097
5309,"2011-07-25",15640,1387,11.2761355443403
5309,"2011-08-01",16630,1398,11.89556509299
5309,"2011-08-08",18472,1525,12.1127868852459
5309,"2011-08-15",16233,1409,11.5209368346345
5309,"2011-08-22",15737,1525,10.3193442622951
5309,"2011-08-29",14686,1409,10.4229950319375
5309,"2011-09-05",16291,1316,12.379179331307
5309,"2011-09-12",16913,1468,11.5211171662125
5309,"2011-09-19",14127,1546,9.13777490297542
5309,"2011-09-26",15474,1443,10.7234927234927
5309,"2011-10-03",19730,1376,14.3386627906977
5309,"2011-10-10",12398,1073,11.5545200372787
5309,"2011-10-17",16238,1409,11.5244854506742
5309,"2011-10-24",16490,1492,11.0522788203753
5309,"2011-10-31",13797,1409,9.79205110007097
5309,"2011-11-07",17459,1479,11.8045977011494
5309,"2011-11-14",13931,1291,10.7908597986057
5309,"2011-11-21",14352,1266,11.3364928909953
5309,"2011-11-28",18094,1409,12.8417317246274
5309,"2011-12-05",15143,1431,10.5821104122991
5309,"2011-12-12",15053,1479,10.1778228532792
5429,"2011-07-25",0,1,0
5429,"2011-08-01",0,1,0
5429,"2011-08-08",0,1,0
5429,"2011-08-15",0,1,0
5429,"2011-08-22",0,1,0
5429,"2011-08-29",0,1,0
5429,"2011-09-05",0,1,0
5429,"2011-09-12",0,1,0
5429,"2011-09-19",0,1,0
5429,"2011-09-26",0,1,0
5429,"2011-10-03",0,1,0
5429,"2011-10-10",0,1,0
5429,"2011-10-17",0,1,0
5429,"2011-10-24",9860,1442,6.8377253814147
5429,"2011-10-31",13314,702,18.965811965812
5429,"2011-11-07",15216,814,18.6928746928747
5429,"2011-11-14",13314,814,16.3562653562654
5429,"2011-11-21",9457,535,17.6766355140187
5429,"2011-11-28",11285,535,21.0934579439252
5429,"2011-12-05",14558,649,22.4314329738059
5429,"2011-12-12",11280,365,30.9041095890411
5434,"2011-07-25",22242,63,353.047619047619
5434,"2011-08-01",24411,13,1877.76923076923
5434,"2011-08-08",26575,169,157.248520710059
5434,"2011-08-15",20375,1784,11.4209641255605
5434,"2011-08-22",22394,72,311.027777777778
5434,"2011-08-29",25086,72,348.416666666667
5434,"2011-09-05",22144,1767,12.5319750990379
5434,"2011-09-12",17191,1525,11.2727868852459
5434,"2011-09-19",23313,1687,13.819205690575
5434,"2011-09-26",23067,98,235.377551020408
5434,"2011-10-03",22958,1837,12.4975503538378
5434,"2011-10-10",18451,1697,10.8727165586329
5434,"2011-10-17",23313,135,172.688888888889
5434,"2011-10-24",19280,1736,11.1059907834101
5434,"2011-10-31",18990,1697,11.1903358868592
5434,"2011-11-07",26813,108,248.268518518519
5434,"2011-11-14",22232,1755,12.6678062678063
5434,"2011-11-21",19158,1755,10.9162393162393
5434,"2011-11-28",19908,1736,11.4677419354839
5434,"2011-12-05",22205,108,205.601851851852
5434,"2011-12-12",19745,4,4936.25
5545,"2011-07-25",11062,744,14.8682795698925
5545,"2011-08-01",9730,1140,8.53508771929824
5545,"2011-08-08",10421,1291,8.07203718048025
5545,"2011-08-15",12240,1054,11.6129032258065
5545,"2011-08-22",9582,1054,9.09108159392789
5545,"2011-08-29",12259,1251,9.79936051159073
5545,"2011-09-05",10780,1073,10.0465983224604
5545,"2011-09-12",10909,1205,9.05311203319502
5545,"2011-09-19",9300,1038,8.95953757225434
5545,"2011-09-26",14132,1316,10.7386018237082
5545,"2011-10-03",11263,1316,8.55851063829787
5545,"2011-10-10",9071,1054,8.60626185958254
5545,"2011-10-17",8467,915,9.25355191256831
5545,"2011-10-24",9683,969,9.99277605779154
5545,"2011-10-31",9905,1073,9.23112767940354
5545,"2011-11-07",11771,1160,10.1474137931034
5545,"2011-11-14",9056,990,9.14747474747475
5545,"2011-11-21",10103,1090,9.26880733944954
5545,"2011-11-28",9939,1223,8.12673753066231
5545,"2011-12-05",8397,1073,7.82572227399814
5545,"2011-12-12",10970,1237,8.86822958771221
5546,"2011-07-25",9620,887,10.8455467869222
5546,"2011-08-01",10072,887,11.3551296505073
5546,"2011-08-08",12175,1140,10.6798245614035
5546,"2011-08-15",12308,1266,9.72195892575039
5546,"2011-08-22",12770,1237,10.3233629749394
5546,"2011-08-29",12880,1376,9.36046511627907
5546,"2011-09-05",13417,1251,10.7250199840128
5546,"2011-09-12",12385,1038,11.9315992292871
5546,"2011-09-19",12466,1038,12.009633911368
5546,"2011-09-26",14473,1316,10.9977203647416
5546,"2011-10-03",12191,1305,9.34176245210728
5546,"2011-10-10",12850,1291,9.95352439969016
5546,"2011-10-17",10298,1038,9.92100192678227
5546,"2011-10-24",12777,1387,9.21196827685652
5546,"2011-10-31",12648,1237,10.2247372675829
5546,"2011-11-07",11560,1160,9.96551724137931
5546,"2011-11-14",13731,1160,11.8370689655172
5546,"2011-11-21",11235,1090,10.3073394495413
5546,"2011-11-28",13168,1205,10.9278008298755
5546,"2011-12-05",12327,1182,10.4289340101523
5546,"2011-12-12",12158,1305,9.31647509578544
5621,"2011-07-25",11741,853,13.7643610785463
5621,"2011-08-01",9882,702,14.0769230769231
5621,"2011-08-08",10157,990,10.259595959596
5621,"2011-08-15",10795,781,13.8220230473752
5621,"2011-08-22",12114,1038,11.6705202312139
5621,"2011-08-29",12211,969,12.6016511867905
5621,"2011-09-05",12659,915,13.8349726775956
5621,"2011-09-12",12213,781,15.6376440460948
5621,"2011-09-19",13253,853,15.5369284876905
5621,"2011-09-26",13761,597,23.0502512562814
5621,"2011-10-03",13153,940,13.9925531914894
5621,"2011-10-10",11247,814,13.8169533169533
5621,"2011-10-17",9778,744,13.1424731182796
5621,"2011-10-24",13840,887,15.6031567080045
5621,"2011-10-31",10286,535,19.2261682242991
5621,"2011-11-07",11423,649,17.6009244992296
5621,"2011-11-14",10891,990,11.0010101010101
5621,"2011-11-21",10824,781,13.8591549295775
5621,"2011-11-28",14353,1014,14.15483234714
5621,"2011-12-05",13091,1105,11.8470588235294
5621,"2011-12-12",13183,1140,11.5640350877193
5802,"2011-07-25",30082,464,64.8318965517241
5802,"2011-08-01",27354,340,80.4529411764706
5802,"2011-08-08",24898,230,108.252173913043
5802,"2011-08-15",24552,143,171.692307692308
5802,"2011-08-22",26841,285,94.178947368421
5802,"2011-08-29",25111,347,72.3659942363112
5802,"2011-09-05",26669,234,113.970085470085
5802,"2011-09-12",22635,143,158.286713286713
5802,"2011-09-19",21218,150,141.453333333333
5802,"2011-09-26",25358,337,75.2462908011869
5802,"2011-10-03",26697,282,94.6702127659574
5802,"2011-10-10",25703,181,142.005524861878
5802,"2011-10-17",23045,81,284.506172839506
5802,"2011-10-24",25647,225,113.986666666667
5802,"2011-10-31",28344,347,81.6829971181556
5802,"2011-11-07",28159,282,99.854609929078
5802,"2011-11-14",22283,150,148.553333333333
5802,"2011-11-21",21435,160,133.96875
5802,"2011-11-28",19385,1755,11.045584045584
5802,"2011-12-05",26441,292,90.5513698630137
5802,"2011-12-12",25203,292,86.3116438356164
5805,"2011-07-25",64825,1001,64.7602397602398
5805,"2011-08-01",55377,970,57.0896907216495
5805,"2011-08-08",37613,340,110.626470588235
5805,"2011-08-15",37547,174,215.787356321839
5805,"2011-08-22",37231,536,69.4608208955224
5805,"2011-08-29",34769,545,63.7963302752294
5805,"2011-09-05",38913,694,56.0706051873199
5805,"2011-09-12",43342,694,62.4524495677233
5805,"2011-09-19",42218,609,69.3234811165846
5805,"2011-09-26",36525,453,80.6291390728477
5805,"2011-10-03",38521,604,63.7764900662252
5805,"2011-10-10",44881,797,56.3124215809285
5805,"2011-10-17",52520,839,62.5983313468415
5805,"2011-10-24",42604,582,73.2027491408935
5805,"2011-10-31",44216,708,62.4519774011299
5805,"2011-11-07",44827,626,71.6086261980831
5805,"2011-11-14",34241,330,103.760606060606
5805,"2011-11-21",30937,135,229.162962962963
5805,"2011-11-28",25524,1557,16.393063583815
5805,"2011-12-05",26512,1546,17.1487710219922
5805,"2011-12-12",26454,1767,14.9711375212224
5828,"2011-07-25",52823,1736,30.4279953917051
5828,"2011-08-01",41814,1492,28.0254691689008
5828,"2011-08-08",45708,1455,31.4144329896907
5828,"2011-08-15",38995,1525,25.5704918032787
5828,"2011-08-22",52936,1536,34.4635416666667
5828,"2011-08-29",40999,1387,29.5594808940159
5828,"2011-09-05",34407,1305,26.3655172413793
5828,"2011-09-12",28009,1182,23.6962774957699
5828,"2011-09-19",30820,479,64.3423799582463
5828,"2011-09-26",36347,1365,26.6278388278388
5828,"2011-10-03",38651,1266,30.5300157977883
5828,"2011-10-10",35897,1316,27.2773556231003
5828,"2011-10-17",44210,1376,32.1293604651163
5828,"2011-10-24",33550,1316,25.4939209726444
5828,"2011-10-31",44197,1468,30.1069482288828
5828,"2011-11-07",36551,1182,30.9230118443316
5828,"2011-11-14",37366,1305,28.6329501915709
5828,"2011-11-21",43889,1305,33.6314176245211
5828,"2011-11-28",46502,1468,31.6771117166213
5828,"2011-12-05",44623,1280,34.86171875
5828,"2011-12-12",37234,1353,27.519586104952
5855,"2011-07-25",209779,360,582.719444444444
5855,"2011-08-01",228992,417,549.141486810552
5855,"2011-08-08",213123,406,524.933497536946
5855,"2011-08-15",228645,436,524.415137614679
5855,"2011-08-22",206378,386,534.658031088083
5855,"2011-08-29",268838,658,408.568389057751
5855,"2011-09-05",191048,312,612.333333333333
5855,"2011-09-12",200973,379,530.271767810026
5855,"2011-09-19",208207,410,507.821951219512
5855,"2011-09-26",247923,573,432.675392670157
5855,"2011-10-03",216228,446,484.816143497758
5855,"2011-10-10",192979,318,606.852201257862
5855,"2011-10-17",235281,515,456.856310679612
5855,"2011-10-24",235562,514,458.291828793774
5855,"2011-10-31",216292,457,473.286652078775
5855,"2011-11-07",210741,372,566.508064516129
5855,"2011-11-14",230229,470,489.848936170213
5855,"2011-11-21",196309,371,529.134770889488
5855,"2011-11-28",229666,521,440.817658349328
5855,"2011-12-05",199686,380,525.489473684211
5855,"2011-12-12",208695,422,494.537914691943
