inst/sales/table1.csv
"product","date","revenue","units","price"
5933,"2011-07-25",4900,1387,3.53280461427541
5933,"2011-08-01",6603,1774,3.72209695603157
5933,"2011-08-08",5538,1568,3.53188775510204
5933,"2011-08-15",5197,1514,3.43262879788639
5933,"2011-08-22",4854,1589,3.0547514159849
5933,"2011-08-29",5594,1745,3.20573065902579
5933,"2011-09-05",5425,1611,3.36747361887027
5933,"2011-09-12",5500,1525,3.60655737704918
5933,"2011-09-19",4209,1353,3.11086474501109
5933,"2011-09-26",4822,1398,3.44921316165951
5933,"2011-10-03",4554,1365,3.33626373626374
5933,"2011-10-10",4405,1291,3.41208365608056
5933,"2011-10-17",5480,1589,3.44870988042794
5933,"2011-10-24",5031,1455,3.45773195876289
5933,"2011-10-31",5162,1468,3.51634877384196
5933,"2011-11-07",5186,1644,3.15450121654501
5933,"2011-11-14",4301,1455,2.95601374570447
5933,"2011-11-21",4855,1387,3.50036049026676
5933,"2011-11-28",3944,969,4.07017543859649
5933,"2011-12-05",5336,990,5.38989898989899
5933,"2011-12-12",3986,814,4.8968058968059
5942,"2011-07-25",7536,589,12.7945670628183
5942,"2011-08-01",7752,615,12.6048780487805
5942,"2011-08-08",6987,491,14.2301425661914
5942,"2011-08-15",7631,536,14.2369402985075
5942,"2011-08-22",6614,403,16.4119106699752
5942,"2011-08-29",7637,754,10.1286472148541
5942,"2011-09-05",6310,440,14.3409090909091
5942,"2011-09-12",6227,322,19.3385093167702
5942,"2011-09-19",7641,464,16.4676724137931
5942,"2011-09-26",6990,491,14.2362525458248
5942,"2011-10-03",6095,381,15.997375328084
5942,"2011-10-10",6652,445,14.9483146067416
5942,"2011-10-17",7605,662,11.487915407855
5942,"2011-10-24",6920,440,15.7272727272727
5942,"2011-10-31",8204,577,14.2183708838821
5942,"2011-11-07",7734,626,12.3546325878594
5942,"2011-11-14",7533,598,12.5969899665552
5942,"2011-11-21",7200,508,14.1732283464567
5942,"2011-11-28",8426,765,11.0143790849673
5942,"2011-12-05",7539,491,15.3543788187373
5942,"2011-12-12",4527,1717,2.63657542224811
5950,"2011-07-25",0,1,0
5950,"2011-08-01",0,1,0
5950,"2011-08-08",0,1,0
5950,"2011-08-15",1580,648,2.43827160493827
5950,"2011-08-22",2733,1329,2.05643340857788
5950,"2011-08-29",5507,3,1835.66666666667
5950,"2011-09-05",1558,2,779
5950,"2011-09-12",2875,1556,1.84768637532134
5950,"2011-09-19",2875,1556,1.84768637532134
5950,"2011-09-26",3615,1329,2.72009029345372
5950,"2011-10-03",3140,1665,1.88588588588589
5950,"2011-10-10",2900,1181,2.45554614733277
5950,"2011-10-17",4455,250,17.82
5950,"2011-10-24",2385,1665,1.43243243243243
5950,"2011-10-31",1673,1181,1.41659610499577
5950,"2011-11-07",2850,1766,1.61381653454134
5950,"2011-11-14",3311,180,18.3944444444444
5950,"2011-11-21",4547,97,46.8762886597938
5950,"2011-11-28",2855,1181,2.41744284504657
5950,"2011-12-05",1800,989,1.82002022244692
5950,"2011-12-12",1255,1181,1.06265876375953
5977,"2011-07-25",21160,1568,13.4948979591837
5977,"2011-08-01",21053,1821,11.5612300933553
5977,"2011-08-08",22751,1622,14.0265104808878
5977,"2011-08-15",16438,1546,10.6326002587322
5977,"2011-08-22",27332,1717,15.9184624344787
5977,"2011-08-29",16722,1546,10.8163001293661
5977,"2011-09-05",21980,1811,12.1369409166207
5977,"2011-09-12",18913,1409,13.4229950319375
5977,"2011-09-19",18757,1579,11.8790373654212
5977,"2011-09-26",20107,1745,11.5226361031519
5977,"2011-10-03",21109,1525,13.8419672131148
5977,"2011-10-10",23410,1644,14.2396593673966
5977,"2011-10-17",18827,1557,12.0918432883751
5977,"2011-10-24",20421,1387,14.7231434751262
5977,"2011-10-31",20499,1546,13.2593790426908
5977,"2011-11-07",18726,1316,14.2294832826748
5977,"2011-11-14",23423,1546,15.1507115135834
5977,"2011-11-21",20252,1568,12.9158163265306
5977,"2011-11-28",20051,1579,12.6985433818873
5977,"2011-12-05",19639,1479,13.2785665990534
5977,"2011-12-12",20275,1687,12.0183758150563
5980,"2011-07-25",43978,1646,26.7181044957473
5980,"2011-08-01",44918,1643,27.3390139987827
5980,"2011-08-08",41999,1619,25.9413218035825
5980,"2011-08-15",40958,1593,25.7112366603892
5980,"2011-08-22",47343,1639,28.8852959121416
5980,"2011-08-29",47998,1692,28.3676122931442
5980,"2011-09-05",43871,1575,27.8546031746032
5980,"2011-09-12",46150,1615,28.5758513931889
5980,"2011-09-19",43916,1614,27.2094175960347
5980,"2011-09-26",46045,1626,28.3179581795818
5980,"2011-10-03",40859,1522,26.8455978975033
5980,"2011-10-10",41350,1520,27.2039473684211
5980,"2011-10-17",43969,1604,27.4120947630923
5980,"2011-10-24",43813,1609,27.2299564947172
5980,"2011-10-31",46025,1652,27.8601694915254
5980,"2011-11-07",42125,1565,26.9169329073482
5980,"2011-11-14",46168,1669,27.6620730976633
5980,"2011-11-21",47465,1693,28.0360307147076
5980,"2011-11-28",54070,1818,29.7414741474147
5980,"2011-12-05",45546,1646,27.6707168894289
5980,"2011-12-12",49390,1698,29.0871613663133
5981,"2011-07-25",53584,1570,34.1299363057325
5981,"2011-08-01",52029,1585,32.8258675078864
5981,"2011-08-08",48062,1544,31.1282383419689
5981,"2011-08-15",49481,1542,32.0888456549935
5981,"2011-08-22",47996,1456,32.9642857142857
5981,"2011-08-29",61097,1691,36.130691898285
5981,"2011-09-05",45396,1426,31.8345021037868
5981,"2011-09-12",46988,1482,31.7058029689609
5981,"2011-09-19",44809,1437,31.1823242867084
5981,"2011-09-26",51679,1502,34.4067909454061
5981,"2011-10-03",50384,1506,33.4555112881806
5981,"2011-10-10",43266,1368,31.6271929824561
5981,"2011-10-17",41055,1350,30.4111111111111
5981,"2011-10-24",42397,1393,30.4357501794688
5981,"2011-10-31",43027,1380,31.1789855072464
5981,"2011-11-07",42112,1346,31.2867756315007
5981,"2011-11-14",40317,1339,30.109783420463
5981,"2011-11-21",44391,1380,32.1673913043478
5981,"2011-11-28",50598,1459,34.6799177518849
5981,"2011-12-05",42104,1367,30.8002926115582
5981,"2011-12-12",50517,1452,34.7913223140496
5982,"2011-07-25",62521,1685,37.1044510385757
5982,"2011-08-01",67410,1279,52.7052384675528
5982,"2011-08-08",64493,1263,51.0633412509897
5982,"2011-08-15",67700,1273,53.1814611154753
5982,"2011-08-22",66621,1294,51.484544049459
5982,"2011-08-29",81523,1439,56.6525364836692
5982,"2011-09-05",68510,1298,52.7812018489985
5982,"2011-09-12",64349,1276,50.4302507836991
5982,"2011-09-19",63659,1230,51.7552845528455
5982,"2011-09-26",82916,1570,52.8127388535032
5982,"2011-10-03",75564,1630,46.358282208589
5982,"2011-10-10",62559,1530,40.8882352941176
5982,"2011-10-17",66735,1340,49.8022388059701
5982,"2011-10-24",74811,1380,54.2108695652174
5982,"2011-10-31",72603,1361,53.3453343130051
5982,"2011-11-07",65716,1292,50.8637770897833
5982,"2011-11-14",71467,1315,54.3475285171103
5982,"2011-11-21",71461,1324,53.9735649546828
5982,"2011-11-28",87713,1498,58.5534045393858
5982,"2011-12-05",74509,1396,53.3732091690544
5982,"2011-12-12",79231,1371,57.7906637490883
5984,"2011-07-25",65633,24,2734.70833333333
5984,"2011-08-01",69148,225,307.324444444444
5984,"2011-08-08",64456,1811,35.5913859745997
5984,"2011-08-15",49769,1611,30.893234016139
5984,"2011-08-22",77033,204,377.612745098039
5984,"2011-08-29",55557,1677,33.128801431127
5984,"2011-09-05",54940,1536,35.7682291666667
5984,"2011-09-12",41519,1536,27.0305989583333
5984,"2011-09-19",45007,1707,26.3661394258934
5984,"2011-09-26",43113,1479,29.1501014198783
5984,"2011-10-03",56893,1655,34.3764350453172
5984,"2011-10-10",47370,1611,29.4040968342644
5984,"2011-10-17",60799,1801,33.7584675180455
5984,"2011-10-24",50892,1725,29.5026086956522
5984,"2011-10-31",36683,1492,24.5864611260054
5984,"2011-11-07",50009,1455,34.3704467353952
5984,"2011-11-14",53368,1600,33.355
5984,"2011-11-21",61649,72,856.236111111111
5984,"2011-11-28",46278,1697,27.2704773129051
5984,"2011-12-05",52752,1755,30.0581196581197
5984,"2011-12-12",65463,118,554.771186440678
5985,"2011-07-25",168592,706,238.798866855524
5985,"2011-08-01",163384,669,244.221225710015
5985,"2011-08-08",167852,704,238.426136363636
5985,"2011-08-15",165120,700,235.885714285714
5985,"2011-08-22",161123,599,268.986644407346
5985,"2011-08-29",180863,719,251.547983310153
5985,"2011-09-05",159450,583,273.499142367067
5985,"2011-09-12",156014,557,280.096947935368
5985,"2011-09-19",157372,623,252.603531300161
5985,"2011-09-26",175791,735,239.171428571429
5985,"2011-10-03",165161,666,247.98948948949
5985,"2011-10-10",160947,625,257.5152
5985,"2011-10-17",160589,686,234.094752186589
5985,"2011-10-24",157616,673,234.199108469539
5985,"2011-10-31",163316,696,234.649425287356
5985,"2011-11-07",152713,628,243.173566878981
5985,"2011-11-14",155340,642,241.96261682243
5985,"2011-11-21",158197,661,239.32980332829
5985,"2011-11-28",181991,791,230.077117572693
5985,"2011-12-05",167840,723,232.143845089903
5985,"2011-12-12",170891,742,230.311320754717
5987,"2011-07-25",24841,577,43.051993067591
5987,"2011-08-01",22304,376,59.3191489361702
5987,"2011-08-08",22469,409,54.9364303178484
5987,"2011-08-15",22185,373,59.4772117962466
5987,"2011-08-22",16380,150,109.2
5987,"2011-08-29",20643,369,55.9430894308943
5987,"2011-09-05",20496,285,71.9157894736842
5987,"2011-09-12",22144,340,65.1294117647059
5987,"2011-09-19",19397,267,72.6479400749064
5987,"2011-09-26",22476,440,51.0818181818182
5987,"2011-10-03",21327,347,61.4610951008646
5987,"2011-10-10",22151,243,91.156378600823
5987,"2011-10-17",22394,416,53.8317307692308
5987,"2011-10-24",26213,435,60.2597701149425
5987,"2011-10-31",22682,398,56.9899497487437
5987,"2011-11-07",27515,564,48.7854609929078
5987,"2011-11-14",26442,550,48.0763636363636
5987,"2011-11-21",20659,376,54.9441489361702
5987,"2011-11-28",29843,745,40.0577181208054
5987,"2011-12-05",26280,513,51.2280701754386
5987,"2011-12-12",34411,785,43.8356687898089
5989,"2011-07-25",77738,1540,50.4792207792208
5989,"2011-08-01",71589,1477,48.4691943127962
5989,"2011-08-08",62839,1418,44.3152327221439
5989,"2011-08-15",70882,1464,48.4166666666667
5989,"2011-08-22",62926,1475,42.6616949152542
5989,"2011-08-29",42544,474,89.7552742616034
5989,"2011-09-05",32615,202,161.460396039604
5989,"2011-09-12",31511,85,370.717647058824
5989,"2011-09-19",60707,1432,42.393156424581
5989,"2011-09-26",67211,1524,44.1017060367454
5989,"2011-10-03",67317,1473,45.7006109979633
5989,"2011-10-10",64835,1427,45.4344779257183
5989,"2011-10-17",66692,1483,44.9710047201618
5989,"2011-10-24",65849,1475,44.6433898305085
5989,"2011-10-31",71324,1533,46.525766470972
5989,"2011-11-07",65873,1475,44.6596610169492
5989,"2011-11-14",68900,1524,45.2099737532808
5989,"2011-11-21",75826,1596,47.5100250626566
5989,"2011-11-28",86450,1668,51.8285371702638
5989,"2011-12-05",84272,1686,49.9833926453144
5989,"2011-12-12",101001,1765,57.2243626062323
5992,"2011-07-25",27775,471,58.9702760084926
5992,"2011-08-01",33928,644,52.6832298136646
5992,"2011-08-08",24875,317,78.4700315457413
5992,"2011-08-15",21093,174,121.224137931034
5992,"2011-08-22",16761,1755,9.55042735042735
5992,"2011-08-29",20079,63,318.714285714286
5992,"2011-09-05",16086,1828,8.79978118161926
5992,"2011-09-12",20953,63,332.587301587302
5992,"2011-09-19",19087,13,1468.23076923077
5992,"2011-09-26",19996,1828,10.9387308533917
5992,"2011-10-03",22399,32,699.96875
5992,"2011-10-10",25863,174,148.637931034483
5992,"2011-10-17",23937,190,125.984210526316
5992,"2011-10-24",21260,190,111.894736842105
5992,"2011-10-31",31287,525,59.5942857142857
5992,"2011-11-07",24902,317,78.5552050473186
5992,"2011-11-14",35850,634,56.5457413249211
5992,"2011-11-21",32670,572,57.1153846153846
5992,"2011-11-28",43840,832,52.6923076923077
5992,"2011-12-05",55508,1032,53.7868217054264
5992,"2011-12-12",50246,986,50.9594320486815
5996,"2011-07-25",17127,772,22.1852331606218
5996,"2011-08-01",15801,797,19.8255959849435
5996,"2011-08-08",13952,582,23.9725085910653
5996,"2011-08-15",13200,754,17.5066312997347
5996,"2011-08-22",17703,850,20.8270588235294
5996,"2011-08-29",19096,971,19.6663233779609
5996,"2011-09-05",20348,935,21.7625668449198
5996,"2011-09-12",21774,1029,21.1603498542274
5996,"2011-09-19",17812,828,21.512077294686
5996,"2011-09-26",15091,582,25.9295532646048
5996,"2011-10-03",13179,459,28.7124183006536
5996,"2011-10-10",12375,306,40.4411764705882
5996,"2011-10-17",14061,435,32.3241379310345
5996,"2011-10-24",11607,306,37.9313725490196
5996,"2011-10-31",12906,347,37.193083573487
5996,"2011-11-07",18008,941,19.1370882040383
5996,"2011-11-14",24133,1136,21.243838028169
5996,"2011-11-21",23341,1131,20.6374889478338
5996,"2011-11-28",21549,1046,20.6013384321224
5996,"2011-12-05",21116,906,23.3068432671082
5996,"2011-12-12",19447,828,23.4867149758454
6009,"2011-07-25",2404,415,5.79277108433735
6009,"2011-08-01",4117,1120,3.67589285714286
6009,"2011-08-08",2460,597,4.12060301507538
6009,"2011-08-15",2514,597,4.21105527638191
6009,"2011-08-22",2750,597,4.60636515912898
6009,"2011-08-29",3925,702,5.59116809116809
6009,"2011-09-05",3354,814,4.12039312039312
6009,"2011-09-12",2884,781,3.69270166453265
6009,"2011-09-19",3252,887,3.6662908680947
6009,"2011-09-26",3665,969,3.78224974200206
6009,"2011-10-03",3325,597,5.56951423785595
6009,"2011-10-10",4005,781,5.1280409731114
6009,"2011-10-17",2799,415,6.74457831325301
6009,"2011-10-24",3195,940,3.39893617021277
6009,"2011-10-31",3173,535,5.93084112149533
6009,"2011-11-07",3031,649,4.67026194144838
6009,"2011-11-14",2371,479,4.94989561586639
6009,"2011-11-21",3351,814,4.11670761670762
6009,"2011-11-28",4279,940,4.55212765957447
6009,"2011-12-05",4642,990,4.68888888888889
6009,"2011-12-12",5552,1090,5.09357798165138
6010,"2011-07-25",4801,1237,3.88116410670978
6010,"2011-08-01",6954,1341,5.18568232662192
6010,"2011-08-08",5423,1140,4.75701754385965
6010,"2011-08-15",5131,1251,4.10151878497202
6010,"2011-08-22",5549,1266,4.38309636650869
6010,"2011-08-29",7281,1525,4.7744262295082
6010,"2011-09-05",6339,1365,4.64395604395604
6010,"2011-09-12",5237,1330,3.93759398496241
6010,"2011-09-19",5687,1376,4.13299418604651
6010,"2011-09-26",6474,1330,4.86766917293233
6010,"2011-10-03",5206,1280,4.0671875
6010,"2011-10-10",5929,1353,4.38211382113821
6010,"2011-10-17",5174,1266,4.086887835703
6010,"2011-10-24",5980,1280,4.671875
6010,"2011-10-31",5581,1316,4.24088145896657
6010,"2011-11-07",5881,1266,4.64533965244866
6010,"2011-11-14",5375,1205,4.46058091286307
6010,"2011-11-21",5226,1237,4.22473726758286
6010,"2011-11-28",6267,1387,4.5183850036049
6010,"2011-12-05",7695,1479,5.20283975659229
6010,"2011-12-12",6185,1420,4.3556338028169
6014,"2011-07-25",18764,459,40.880174291939
6014,"2011-08-01",17783,545,32.6293577981651
6014,"2011-08-08",15713,322,48.7981366459627
6014,"2011-08-15",16727,431,38.8097447795824
6014,"2011-08-22",19179,530,36.1867924528302
6014,"2011-08-29",18515,480,38.5729166666667
6014,"2011-09-05",19921,556,35.8291366906475
6014,"2011-09-12",15213,243,62.6049382716049
6014,"2011-09-19",23407,1021,22.9255631733594
6014,"2011-09-26",25622,1045,24.5186602870813
6014,"2011-10-03",20196,604,33.4370860927152
6014,"2011-10-10",19449,662,29.3791540785498
6014,"2011-10-17",19613,650,30.1738461538462
6014,"2011-10-24",18445,508,36.3090551181102
6014,"2011-10-31",20459,556,36.7967625899281
6014,"2011-11-07",17521,416,42.1177884615385
6014,"2011-11-14",23607,811,29.1085080147965
6014,"2011-11-21",27849,859,32.4202561117579
6014,"2011-11-28",24022,780,30.7974358974359
6014,"2011-12-05",25534,870,29.3494252873563
6014,"2011-12-12",24207,865,27.9849710982659
6015,"2011-07-25",23178,1038,22.3294797687861
6015,"2011-08-01",23049,1120,20.5794642857143
6015,"2011-08-08",20511,1105,18.5619909502262
6015,"2011-08-15",22563,1090,20.7
6015,"2011-08-22",20822,1073,19.4054054054054
6015,"2011-08-29",20892,1105,18.9067873303167
6015,"2011-09-05",18532,649,28.5546995377504
6015,"2011-09-12",21535,1014,21.2376725838264
6015,"2011-09-19",20729,1073,19.3187325256291
6015,"2011-09-26",25509,1546,16.5
6015,"2011-10-03",24034,1353,17.7634885439763
6015,"2011-10-10",20896,781,26.7554417413572
6015,"2011-10-17",20986,990,21.1979797979798
6015,"2011-10-24",21385,1054,20.2893738140417
6015,"2011-10-31",26661,1353,19.7050997782705
6015,"2011-11-07",24407,1014,24.0700197238659
6015,"2011-11-14",25400,1205,21.0788381742739
6015,"2011-11-21",22943,1073,21.3821062441752
6015,"2011-11-28",24319,1291,18.8373353989156
6015,"2011-12-05",21040,1223,17.2035977105478
6015,"2011-12-12",27838,1376,20.2311046511628
6018,"2011-07-25",15537,385,40.3558441558442
6018,"2011-08-01",18275,530,34.4811320754717
6018,"2011-08-08",15742,459,34.2962962962963
6018,"2011-08-15",17050,556,30.6654676258993
6018,"2011-08-22",16985,392,43.3290816326531
6018,"2011-08-29",18711,530,35.3037735849057
6018,"2011-09-05",16907,464,36.4375
6018,"2011-09-12",19698,641,30.7301092043682
6018,"2011-09-19",17831,496,35.9495967741936
6018,"2011-09-26",17434,626,27.8498402555911
6018,"2011-10-03",20432,785,26.028025477707
6018,"2011-10-10",20435,800,25.54375
6018,"2011-10-17",19623,760,25.8197368421053
6018,"2011-10-24",22183,875,25.352
6018,"2011-10-31",17191,491,35.0122199592668
6018,"2011-11-07",15055,340,44.2794117647059
6018,"2011-11-14",19834,550,36.0618181818182
6018,"2011-11-21",19235,644,29.8680124223602
6018,"2011-11-28",25433,900,28.2588888888889
6018,"2011-12-05",23361,931,25.0923737916219
6018,"2011-12-12",25292,979,25.8345250255363
6019,"2011-07-25",34566,1611,21.4562383612663
6019,"2011-08-01",29812,1251,23.8305355715428
6019,"2011-08-08",30602,1266,24.172195892575
6019,"2011-08-15",30464,1054,28.9032258064516
6019,"2011-08-22",31438,1160,27.101724137931
6019,"2011-08-29",30625,1455,21.0481099656357
6019,"2011-09-05",26669,1160,22.9905172413793
6019,"2011-09-12",25713,1266,20.3104265402844
6019,"2011-09-19",36328,1223,29.7040065412919
6019,"2011-09-26",25658,940,27.2957446808511
6019,"2011-10-03",27859,1237,22.5214227970897
6019,"2011-10-10",25773,1120,23.0116071428571
6019,"2011-10-17",21235,969,21.9143446852425
6019,"2011-10-24",22533,1182,19.0634517766497
6019,"2011-10-31",23476,1038,22.616570327553
6019,"2011-11-07",20386,969,21.0381836945304
6019,"2011-11-14",22540,940,23.9787234042553
6019,"2011-11-21",26813,597,44.9128978224456
6019,"2011-11-28",28440,1014,28.0473372781065
6019,"2011-12-05",25094,1160,21.6327586206897
6019,"2011-12-12",23544,915,25.7311475409836
