inst/sales/table1.csv
"product","date","revenue","units","price"
6022,"2011-07-25",16470,648,25.4166666666667
6022,"2011-08-01",0,1,0
6022,"2011-08-08",0,1,0
6022,"2011-08-15",0,1,0
6022,"2011-08-22",17910,648,27.6388888888889
6022,"2011-08-29",15990,2,7995
6022,"2011-09-05",0,1,0
6022,"2011-09-12",0,1,0
6022,"2011-09-19",0,1,0
6022,"2011-09-26",0,1,0
6022,"2011-10-03",15230,2,7615
6022,"2011-10-10",0,1,0
6022,"2011-10-17",15230,2,7615
6022,"2011-10-24",15230,2,7615
6022,"2011-10-31",0,1,0
6022,"2011-11-07",16920,648,26.1111111111111
6022,"2011-11-14",0,1,0
6022,"2011-11-21",0,1,0
6022,"2011-11-28",0,1,0
6022,"2011-12-05",0,1,0
6022,"2011-12-12",50760,989,51.324570273003
6025,"2011-07-25",69693,1447,48.1637871458189
6025,"2011-08-01",66309,1439,46.0799166087561
6025,"2011-08-08",62305,1416,44.0007062146893
6025,"2011-08-15",68188,1505,45.3076411960133
6025,"2011-08-22",60628,1429,42.4268719384185
6025,"2011-08-29",65839,1508,43.6598143236074
6025,"2011-09-05",56948,1384,41.1473988439306
6025,"2011-09-12",59951,1352,44.3424556213018
6025,"2011-09-19",60702,1378,44.0507982583454
6025,"2011-09-26",63082,1576,40.0266497461929
6025,"2011-10-03",52952,1594,33.2195734002509
6025,"2011-10-10",47437,1508,31.4568965517241
6025,"2011-10-17",63732,1415,45.0402826855124
6025,"2011-10-24",58417,1337,43.6925953627524
6025,"2011-10-31",52359,1278,40.9694835680751
6025,"2011-11-07",52959,1267,41.7987371744278
6025,"2011-11-14",54217,1286,42.1594090202177
6025,"2011-11-21",52996,1263,41.9604117181314
6025,"2011-11-28",55212,1318,41.8907435508346
6025,"2011-12-05",59943,1356,44.2057522123894
6025,"2011-12-12",63883,1395,45.7942652329749
6026,"2011-07-25",46808,1746,26.8087056128293
6026,"2011-08-01",46272,1698,27.2508833922261
6026,"2011-08-08",50194,1780,28.1988764044944
6026,"2011-08-15",45003,1683,26.7397504456328
6026,"2011-08-22",42651,1627,26.2145052243393
6026,"2011-08-29",48551,1764,27.5232426303855
6026,"2011-09-05",43698,1651,26.4675953967293
6026,"2011-09-12",46624,1740,26.7954022988506
6026,"2011-09-19",44458,1690,26.3065088757396
6026,"2011-09-26",45924,1684,27.270783847981
6026,"2011-10-03",45223,1672,27.0472488038278
6026,"2011-10-10",44496,1645,27.0492401215805
6026,"2011-10-17",45110,1643,27.4558734023128
6026,"2011-10-24",42394,1627,26.0565457897972
6026,"2011-10-31",47276,1728,27.3587962962963
6026,"2011-11-07",45055,1676,26.8824582338902
6026,"2011-11-14",43721,1627,26.8721573448064
6026,"2011-11-21",44496,1668,26.6762589928058
6026,"2011-11-28",49467,1759,28.1222285389426
6026,"2011-12-05",47304,1727,27.3908511870295
6026,"2011-12-12",44810,1698,26.3898704358068
6032,"2011-07-25",16305,1223,13.3319705641864
6032,"2011-08-01",10386,1014,10.2426035502959
6032,"2011-08-08",18444,1160,15.9
6032,"2011-08-15",13283,1120,11.8598214285714
6032,"2011-08-22",15881,1182,13.4357021996616
6032,"2011-08-29",12987,1223,10.6189697465249
6032,"2011-09-05",12259,1120,10.9455357142857
6032,"2011-09-12",16253,1205,13.4879668049793
6032,"2011-09-19",11543,969,11.9122807017544
6032,"2011-09-26",9521,702,13.5626780626781
6032,"2011-10-03",13095,1038,12.6156069364162
6032,"2011-10-10",13573,990,13.710101010101
6032,"2011-10-17",6523,415,15.7180722891566
6032,"2011-10-24",14383,1038,13.8564547206166
6032,"2011-10-31",12833,1120,11.4580357142857
6032,"2011-11-07",10961,915,11.9792349726776
6032,"2011-11-14",14246,1140,12.4964912280702
6032,"2011-11-21",15091,1120,13.4741071428571
6032,"2011-11-28",10891,1038,10.4922928709056
6032,"2011-12-05",16190,1237,13.088116410671
6032,"2011-12-12",9731,1014,9.59664694280079
6050,"2011-07-25",33645,1051,32.0123691722169
6050,"2011-08-01",34225,1040,32.9086538461538
6050,"2011-08-08",29281,907,32.2833517089305
6050,"2011-08-15",26654,875,30.4617142857143
6050,"2011-08-22",28832,932,30.9356223175966
6050,"2011-08-29",26029,895,29.0826815642458
6050,"2011-09-05",22197,737,30.1180461329715
6050,"2011-09-12",16442,337,48.7893175074184
6050,"2011-09-19",25832,859,30.0721769499418
6050,"2011-09-26",35276,1087,32.4526218951242
6050,"2011-10-03",37372,1114,33.5475763016158
6050,"2011-10-10",33578,997,33.679037111334
6050,"2011-10-17",30343,1005,30.192039800995
6050,"2011-10-24",21591,740,29.177027027027
6050,"2011-10-31",20726,545,38.0293577981651
6050,"2011-11-07",21744,459,47.3725490196078
6050,"2011-11-14",19029,491,38.7556008146639
6050,"2011-11-21",22055,577,38.2235701906412
6050,"2011-11-28",31757,1021,31.103819784525
6050,"2011-12-05",30609,1016,30.126968503937
6050,"2011-12-12",37358,1107,33.747064137308
6060,"2011-07-25",18834,81,232.518518518519
6060,"2011-08-01",15121,1811,8.3495306460519
6060,"2011-08-08",12853,1666,7.71488595438175
6060,"2011-08-15",20070,63,318.571428571429
6060,"2011-08-22",17213,1845,9.32953929539295
6060,"2011-08-29",22321,299,74.6521739130435
6060,"2011-09-05",13333,1697,7.85680612846199
6060,"2011-09-12",18815,169,111.331360946746
6060,"2011-09-19",17102,1821,9.39154310818232
6060,"2011-09-26",16503,1811,9.11264494754279
6060,"2011-10-03",15012,1725,8.70260869565217
6060,"2011-10-10",12485,1579,7.90690310322989
6060,"2011-10-17",12896,1600,8.06
6060,"2011-10-24",18079,1811,9.98288238542242
6060,"2011-10-31",12855,1600,8.034375
6060,"2011-11-07",16111,1793,8.98549916341327
6060,"2011-11-14",16893,1755,9.62564102564103
6060,"2011-11-21",15642,1774,8.8173618940248
6060,"2011-11-28",29027,376,77.1994680851064
6060,"2011-12-05",30022,491,61.1446028513238
6060,"2011-12-12",39130,765,51.1503267973856
6063,"2011-07-25",36589,626,58.4488817891374
6063,"2011-08-01",36915,662,55.7628398791541
6063,"2011-08-08",37371,678,55.1194690265487
6063,"2011-08-15",35064,409,85.7310513447433
6063,"2011-08-22",40711,694,58.6613832853026
6063,"2011-08-29",45584,782,58.2915601023018
6063,"2011-09-05",35574,496,71.7217741935484
6063,"2011-09-12",38119,572,66.6416083916084
6063,"2011-09-19",35714,577,61.896013864818
6063,"2011-09-26",42502,662,64.202416918429
6063,"2011-10-03",44014,657,66.9923896499239
6063,"2011-10-10",35631,416,85.6514423076923
6063,"2011-10-17",36839,572,64.4038461538462
6063,"2011-10-24",41237,654,63.0535168195719
6063,"2011-10-31",41143,788,52.2119289340102
6063,"2011-11-07",34996,480,72.9083333333333
6063,"2011-11-14",37635,634,59.3611987381703
6063,"2011-11-21",38084,678,56.1710914454277
6063,"2011-11-28",45879,845,54.294674556213
6063,"2011-12-05",37882,496,76.375
6063,"2011-12-12",52053,683,76.212298682284
6064,"2011-07-25",22636,322,70.2981366459627
6064,"2011-08-01",19341,267,72.438202247191
6064,"2011-08-08",18701,143,130.776223776224
6064,"2011-08-15",19881,220,90.3681818181818
6064,"2011-08-22",20412,212,96.2830188679245
6064,"2011-08-29",20155,263,76.6349809885932
6064,"2011-09-05",21549,311,69.2893890675241
6064,"2011-09-12",20838,317,65.7350157728707
6064,"2011-09-19",20828,299,69.6588628762542
6064,"2011-09-26",20702,311,66.5659163987138
6064,"2011-10-03",19732,243,81.201646090535
6064,"2011-10-10",20185,98,205.969387755102
6064,"2011-10-17",18028,150,120.186666666667
6064,"2011-10-24",21545,317,67.9652996845426
6064,"2011-10-31",19844,337,58.8842729970326
6064,"2011-11-07",15123,1774,8.52480270574972
6064,"2011-11-14",19986,181,110.419889502762
6064,"2011-11-21",18820,169,111.360946745562
6064,"2011-11-28",22593,440,51.3477272727273
6064,"2011-12-05",21612,296,73.0135135135135
6064,"2011-12-12",21032,267,78.7715355805243
6065,"2011-07-25",14572,424,34.3679245283019
6065,"2011-08-01",16186,582,27.8109965635739
6065,"2011-08-08",14266,385,37.0545454545455
6065,"2011-08-15",15095,513,29.4249512670565
6065,"2011-08-22",15784,445,35.4696629213483
6065,"2011-08-29",17031,530,32.1339622641509
6065,"2011-09-05",14626,459,31.8649237472767
6065,"2011-09-12",13006,358,36.3296089385475
6065,"2011-09-19",12785,358,35.7122905027933
6065,"2011-09-26",16055,536,29.9533582089552
6065,"2011-10-03",15376,530,29.011320754717
6065,"2011-10-10",13236,311,42.5594855305466
6065,"2011-10-17",13488,459,29.3856209150327
6065,"2011-10-24",12496,337,37.080118694362
6065,"2011-10-31",16948,634,26.7318611987382
6065,"2011-11-07",13695,453,30.2317880794702
6065,"2011-11-14",14582,445,32.7685393258427
6065,"2011-11-21",14130,480,29.4375
6065,"2011-11-28",15045,572,26.3024475524476
6065,"2011-12-05",13893,369,37.650406504065
6065,"2011-12-12",14701,453,32.4525386313466
6066,"2011-07-25",54367,1682,32.3228299643282
6066,"2011-08-01",58706,1772,33.1297968397291
6066,"2011-08-08",46603,1572,29.6456743002545
6066,"2011-08-15",49151,1612,30.4906947890819
6066,"2011-08-22",53766,1684,31.9275534441805
6066,"2011-08-29",62911,1849,34.0243374797188
6066,"2011-09-05",52948,1713,30.9095154699358
6066,"2011-09-12",47704,1626,29.3382533825338
6066,"2011-09-19",54946,1729,31.7790630422209
6066,"2011-09-26",56789,1787,31.7789591494124
6066,"2011-10-03",57024,1758,32.4368600682594
6066,"2011-10-10",47195,1616,29.2048267326733
6066,"2011-10-17",48258,1640,29.4256097560976
6066,"2011-10-24",53983,1718,31.4220023282887
6066,"2011-10-31",54644,1734,31.5132641291811
6066,"2011-11-07",46993,1595,29.4626959247649
6066,"2011-11-14",49748,1643,30.2787583688375
6066,"2011-11-21",46569,1612,28.8889578163772
6066,"2011-11-28",44947,1580,28.4474683544304
6066,"2011-12-05",47180,1601,29.4690818238601
6066,"2011-12-12",48909,1663,29.4101022248948
6075,"2011-07-25",17848,1492,11.9624664879357
6075,"2011-08-01",18992,1666,11.3997599039616
6075,"2011-08-08",23228,1774,13.0935738444194
6075,"2011-08-15",13747,1353,10.160384331116
6075,"2011-08-22",14886,1376,10.8183139534884
6075,"2011-08-29",18959,1536,12.3430989583333
6075,"2011-09-05",11006,1054,10.4421252371917
6075,"2011-09-12",17086,1420,12.0323943661972
6075,"2011-09-19",16331,1353,12.070214338507
6075,"2011-09-26",14656,1365,10.7369963369963
6075,"2011-10-03",19730,1546,12.7619663648124
6075,"2011-10-10",17882,1431,12.4961565338924
6075,"2011-10-17",20611,1536,13.4186197916667
6075,"2011-10-24",22358,1644,13.5997566909976
6075,"2011-10-31",21109,1503,14.0445775116434
6075,"2011-11-07",19814,1514,13.0871862615588
6075,"2011-11-14",25336,1589,15.9446192573946
6075,"2011-11-21",21453,1468,14.6137602179837
6075,"2011-11-28",25207,1697,14.8538597525044
6075,"2011-12-05",27991,1725,16.2266666666667
6075,"2011-12-12",38774,174,222.83908045977
6076,"2011-07-25",38409,1136,33.8107394366197
6076,"2011-08-01",39462,1172,33.6706484641638
6076,"2011-08-08",41069,1212,33.8853135313531
6076,"2011-08-15",34147,1102,30.986388384755
6076,"2011-08-22",34563,1086,31.8259668508287
6076,"2011-08-29",22268,1535,14.5068403908795
6076,"2011-09-05",23040,1426,16.1570827489481
6076,"2011-09-12",23274,1386,16.7922077922078
6076,"2011-09-19",26997,932,28.9667381974249
6076,"2011-09-26",37716,1190,31.6941176470588
6076,"2011-10-03",28985,991,29.2482341069627
6076,"2011-10-10",29317,1039,28.2165543792108
6076,"2011-10-17",28236,1021,27.6552399608227
6076,"2011-10-24",39514,1199,32.9557964970809
6076,"2011-10-31",33188,1080,30.7296296296296
6076,"2011-11-07",36212,1129,32.074402125775
6076,"2011-11-14",37180,1179,31.5351993214589
6076,"2011-11-21",35901,1166,30.7898799313894
6076,"2011-11-28",45590,1318,34.5902883156297
6076,"2011-12-05",61048,1477,41.3324306025728
6076,"2011-12-12",47660,1368,34.8391812865497
6079,"2011-07-25",8985,1248,7.19951923076923
6079,"2011-08-01",9273,1244,7.45418006430868
6079,"2011-08-08",7842,1111,7.05850585058506
6079,"2011-08-15",10234,1306,7.83614088820827
6079,"2011-08-22",9796,1214,8.06919275123558
6079,"2011-08-29",11190,1375,8.13818181818182
6079,"2011-09-05",8475,1171,7.23740392826644
6079,"2011-09-12",7935,1131,7.0159151193634
6079,"2011-09-19",9198,1224,7.51470588235294
6079,"2011-09-26",10458,1313,7.96496572734196
6079,"2011-10-03",8891,1169,7.60564585115483
6079,"2011-10-10",7363,1042,7.06621880998081
6079,"2011-10-17",10259,1281,8.00858704137393
6079,"2011-10-24",8536,1147,7.44202266782912
6079,"2011-10-31",5795,721,8.0374479889043
6079,"2011-11-07",3970,98,40.5102040816327
6079,"2011-11-14",4072,1568,2.5969387755102
6079,"2011-11-21",2990,1105,2.70588235294118
6079,"2011-11-28",2471,1120,2.20625
6079,"2011-12-05",2854,887,3.21758737316798
6079,"2011-12-12",4738,990,4.78585858585859
6081,"2011-07-25",41974,1773,23.6739988719684
6081,"2011-08-01",42997,1829,23.5084745762712
6081,"2011-08-08",39028,1739,22.4427832087407
6081,"2011-08-15",39994,1788,22.3680089485459
6081,"2011-08-22",42306,1773,23.8612521150592
6081,"2011-08-29",39984,114,350.736842105263
6081,"2011-09-05",41290,1818,22.7117711771177
6081,"2011-09-12",44673,39,1145.46153846154
6081,"2011-09-19",37629,1762,21.3558456299659
6081,"2011-09-26",44682,43,1039.11627906977
6081,"2011-10-03",42403,21,2019.19047619048
6081,"2011-10-10",38797,1851,20.9600216099406
6081,"2011-10-17",42494,138,307.927536231884
6081,"2011-10-24",40477,111,364.657657657658
6081,"2011-10-31",40189,59,681.169491525424
6081,"2011-11-07",38413,115,334.026086956522
6081,"2011-11-14",37302,65,573.876923076923
6081,"2011-11-21",38244,59,648.203389830509
6081,"2011-11-28",47022,221,212.769230769231
6081,"2011-12-05",43998,93,473.096774193548
6081,"2011-12-12",50599,272,186.025735294118
6082,"2011-07-25",40524,1255,32.2900398406374
6082,"2011-08-01",40942,1281,31.9609679937549
6082,"2011-08-08",38958,1304,29.8757668711656
6082,"2011-08-15",33565,1159,28.9603106125971
6082,"2011-08-22",36208,1273,28.4430479183032
6082,"2011-08-29",33998,1435,23.6919860627178
6082,"2011-09-05",29421,1233,23.8613138686131
6082,"2011-09-12",35990,1339,26.8782673637043
6082,"2011-09-19",35035,1323,26.4814814814815
6082,"2011-09-26",39421,1345,29.3092936802974
6082,"2011-10-03",35161,1239,28.3785310734463
6082,"2011-10-10",30584,1153,26.5255854293148
6082,"2011-10-17",34317,1183,29.0084530853762
6082,"2011-10-24",41054,1254,32.7384370015949
6082,"2011-10-31",37305,1232,30.2800324675325
6082,"2011-11-07",37301,1224,30.4746732026144
6082,"2011-11-14",35591,1263,28.1797307996833
6082,"2011-11-21",37710,1333,28.2895723930983
6082,"2011-11-28",46410,1434,32.3640167364017
6082,"2011-12-05",43891,1470,29.8578231292517
6082,"2011-12-12",52602,1606,32.7534246575342
6083,"2011-07-25",20544,1249,16.4483586869496
6083,"2011-08-01",22381,1310,17.0847328244275
6083,"2011-08-08",20605,1252,16.4576677316294
6083,"2011-08-15",18764,1144,16.4020979020979
6083,"2011-08-22",22408,1262,17.7559429477021
6083,"2011-08-29",27053,1418,19.0782792665726
6083,"2011-09-05",23367,1229,19.013018714402
6083,"2011-09-12",22736,1193,19.0578373847443
6083,"2011-09-19",21507,1107,19.4281842818428
6083,"2011-09-26",23822,1262,18.8763866877971
6083,"2011-10-03",24682,1273,19.388845247447
6083,"2011-10-10",20035,1144,17.5131118881119
6083,"2011-10-17",22878,1285,17.8038910505837
6083,"2011-10-24",22544,1283,17.5713172252533
6083,"2011-10-31",22386,1164,19.2319587628866
6083,"2011-11-07",18632,1087,17.1407543698252
6083,"2011-11-14",25333,1257,20.1535401750199
6083,"2011-11-21",20374,1131,18.0141467727675
6083,"2011-11-28",25180,1296,19.429012345679
6083,"2011-12-05",24548,1304,18.8251533742331
6083,"2011-12-12",22446,1285,17.4677042801556
6124,"2011-07-25",123738,88,1406.11363636364
6124,"2011-08-01",115509,44,2625.20454545455
6124,"2011-08-08",101631,1785,56.9361344537815
6124,"2011-08-15",110858,1838,60.3144722524483
6124,"2011-08-22",89921,1641,54.7964655697745
6124,"2011-08-29",84305,1538,54.8146944083225
6124,"2011-09-05",61350,1344,45.6473214285714
6124,"2011-09-12",77377,1493,51.8265237776289
6124,"2011-09-19",81312,1560,52.1230769230769
6124,"2011-09-26",93812,1664,56.3774038461538
6124,"2011-10-03",93803,1652,56.7814769975787
6124,"2011-10-10",71747,1434,50.0327754532775
6124,"2011-10-17",98705,1739,56.7596319723979
6124,"2011-10-24",94092,1720,54.7046511627907
6124,"2011-10-31",92652,1657,55.915509957755
6124,"2011-11-07",91313,1656,55.1407004830918
6124,"2011-11-14",103423,1711,60.4459380479252
6124,"2011-11-21",79304,1538,51.5630689206762
6124,"2011-11-28",89458,1671,53.5356074207062
6124,"2011-12-05",86941,1617,53.7668521954236
6124,"2011-12-12",84546,1577,53.6119213696893
6126,"2011-07-25",38489,1496,25.7279411764706
6126,"2011-08-01",38141,1470,25.9462585034014
6126,"2011-08-08",35484,1437,24.6931106471816
6126,"2011-08-15",36114,1450,24.9062068965517
6126,"2011-08-22",39059,1526,25.5956749672346
6126,"2011-08-29",34077,1426,23.8969144460028
6126,"2011-09-05",32925,1395,23.6021505376344
6126,"2011-09-12",30248,1338,22.6068759342302
6126,"2011-09-19",34848,1426,24.437587657784
6126,"2011-09-26",34903,1412,24.7188385269122
6126,"2011-10-03",30191,1349,22.3802816901408
6126,"2011-10-10",29632,1345,22.0312267657993
6126,"2011-10-17",34312,1423,24.1124385101897
6126,"2011-10-24",31533,1366,23.0841874084919
6126,"2011-10-31",33701,1389,24.2627789776818
6126,"2011-11-07",33018,1383,23.8741865509761
6126,"2011-11-14",33650,1382,24.3487698986975
6126,"2011-11-21",34600,1433,24.1451500348918
6126,"2011-11-28",38627,1460,26.4568493150685
6126,"2011-12-05",33904,1381,24.5503258508327
6126,"2011-12-12",33970,1358,25.0147275405007
6127,"2011-07-25",47336,959,49.3597497393118
6127,"2011-08-01",61599,1150,53.564347826087
6127,"2011-08-08",71420,1250,57.136
6127,"2011-08-15",79489,1342,59.2317436661699
6127,"2011-08-22",71447,1260,56.7039682539683
6127,"2011-08-29",72484,1334,54.335832083958
6127,"2011-09-05",81331,1326,61.3355957767722
6127,"2011-09-12",74949,1222,61.3330605564648
6127,"2011-09-19",68475,1252,54.6924920127796
6127,"2011-09-26",78895,1346,58.6144130757801
6127,"2011-10-03",70418,1279,55.0570758405004
6127,"2011-10-10",55104,1114,49.4649910233393
6127,"2011-10-17",77843,1347,57.7899034892353
6127,"2011-10-24",75526,1331,56.7438016528926
6127,"2011-10-31",65967,1268,52.0244479495268
6127,"2011-11-07",74500,1312,56.7835365853659
6127,"2011-11-14",76286,1355,56.29963099631
6127,"2011-11-21",55318,1061,52.1376060320452
6127,"2011-11-28",47660,922,51.6919739696312
6127,"2011-12-05",38219,556,68.7392086330935
6127,"2011-12-12",25526,1745,14.6280802292264
