inst/sales/table1.csv
"product","date","revenue","units","price"
6130,"2011-07-25",87252,1711,50.9947399181765
6130,"2011-08-01",90646,1751,51.7681324957167
6130,"2011-08-08",76391,1631,46.8369098712446
6130,"2011-08-15",80341,1673,48.0221159593545
6130,"2011-08-22",73352,1590,46.1333333333333
6130,"2011-08-29",79848,1597,49.9987476518472
6130,"2011-09-05",71551,1555,46.0135048231511
6130,"2011-09-12",78040,1626,47.9950799507995
6130,"2011-09-19",76671,1598,47.9793491864831
6130,"2011-09-26",90511,1705,53.0856304985337
6130,"2011-10-03",77775,1637,47.5106902871106
6130,"2011-10-10",66337,1501,44.1952031978681
6130,"2011-10-17",74298,1606,46.2627646326276
6130,"2011-10-24",70142,1552,45.194587628866
6130,"2011-10-31",70213,1572,44.6647582697201
6130,"2011-11-07",68419,1511,45.2806088682991
6130,"2011-11-14",79903,1643,48.6323797930615
6130,"2011-11-21",57382,1380,41.5811594202899
6130,"2011-11-28",74907,1591,47.0817096165933
6130,"2011-12-05",73089,1526,47.8958060288336
6130,"2011-12-12",67631,1480,45.6966216216216
6136,"2011-07-25",33499,528,63.4450757575758
6136,"2011-08-01",26846,348,77.1436781609195
6136,"2011-08-08",32237,510,63.2098039215686
6136,"2011-08-15",32336,516,62.6666666666667
6136,"2011-08-22",30385,456,66.6337719298246
6136,"2011-08-29",33357,534,62.4662921348315
6136,"2011-09-05",34763,561,61.9661319073084
6136,"2011-09-12",36874,697,52.9038737446198
6136,"2011-09-19",34442,605,56.9289256198347
6136,"2011-09-26",33737,563,59.9236234458259
6136,"2011-10-03",32930,519,63.4489402697495
6136,"2011-10-10",31198,437,71.3913043478261
6136,"2011-10-17",28897,391,73.9053708439898
6136,"2011-10-24",32773,565,58.0053097345133
6136,"2011-10-31",30441,470,64.768085106383
6136,"2011-11-07",30976,492,62.9593495934959
6136,"2011-11-14",30315,451,67.2172949002217
6136,"2011-11-21",28740,384,74.84375
6136,"2011-11-28",30104,451,66.7494456762749
6136,"2011-12-05",29388,396,74.2121212121212
6136,"2011-12-12",28888,448,64.4821428571429
6145,"2011-07-25",5890,2,2945
6145,"2011-08-01",23560,1181,19.9491955969517
6145,"2011-08-08",11780,648,18.179012345679
6145,"2011-08-15",5890,2,2945
6145,"2011-08-22",11780,648,18.179012345679
6145,"2011-08-29",5890,2,2945
6145,"2011-09-05",29450,1329,22.1595184349135
6145,"2011-09-12",11780,648,18.179012345679
6145,"2011-09-19",11486,648,17.7253086419753
6145,"2011-09-26",11190,648,17.2685185185185
6145,"2011-10-03",0,1,0
6145,"2011-10-10",5890,2,2945
6145,"2011-10-17",11780,648,18.179012345679
6145,"2011-10-24",11780,648,18.179012345679
6145,"2011-10-31",2945,2,1472.5
6145,"2011-11-07",2945,2,1472.5
6145,"2011-11-14",2945,2,1472.5
6145,"2011-11-21",23560,1665,14.1501501501502
6145,"2011-11-28",0,1,0
6145,"2011-12-05",5890,2,2945
6145,"2011-12-12",0,1,0
6146,"2011-07-25",6487,1766,3.67327293318233
6146,"2011-08-01",4293,1442,2.97711511789182
6146,"2011-08-08",4335,1181,3.67061812023709
6146,"2011-08-15",5278,3,1759.33333333333
6146,"2011-08-22",7375,1556,4.73971722365039
6146,"2011-08-29",5285,3,1761.66666666667
6146,"2011-09-05",6433,1766,3.64269535673839
6146,"2011-09-12",5330,3,1776.66666666667
6146,"2011-09-19",3810,1766,2.15741789354473
6146,"2011-09-26",3160,989,3.19514661274014
6146,"2011-10-03",5340,1329,4.01805869074492
6146,"2011-10-10",3533,1329,2.65838976674191
6146,"2011-10-17",3195,989,3.23053589484328
6146,"2011-10-24",2837,1181,2.40220152413209
6146,"2011-10-31",8400,1181,7.11261642675699
6146,"2011-11-07",2110,2,1055
6146,"2011-11-14",2837,1181,2.40220152413209
6146,"2011-11-21",4233,1442,2.93550624133148
6146,"2011-11-28",4973,1556,3.19601542416452
6146,"2011-12-05",2145,648,3.31018518518519
6146,"2011-12-12",5950,97,61.340206185567
6149,"2011-07-25",7417,917,8.08833151581243
6149,"2011-08-01",6556,878,7.46697038724374
6149,"2011-08-08",6879,839,8.19904648390942
6149,"2011-08-15",6232,865,7.20462427745665
6149,"2011-08-22",6391,893,7.15677491601344
6149,"2011-08-29",7375,966,7.63457556935818
6149,"2011-09-05",8887,1119,7.94191242180518
6149,"2011-09-12",8675,1078,8.04730983302412
6149,"2011-09-19",6678,924,7.22727272727273
6149,"2011-09-26",8455,966,8.75258799171843
6149,"2011-10-03",7740,947,8.17317845828934
6149,"2011-10-10",6563,828,7.92632850241546
6149,"2011-10-17",6682,721,9.26768377253814
6149,"2011-10-24",7382,971,7.60247167868177
6149,"2011-10-31",6386,740,8.62972972972973
6149,"2011-11-07",6292,780,8.06666666666667
6149,"2011-11-14",6468,716,9.03351955307263
6149,"2011-11-21",6624,778,8.51413881748072
6149,"2011-11-28",6321,811,7.7940813810111
6149,"2011-12-05",7957,1019,7.80863591756624
6149,"2011-12-12",8798,1061,8.29217719132894
6152,"2011-07-25",0,1,0
6152,"2011-08-01",16970,2,8485
6152,"2011-08-08",0,1,0
6152,"2011-08-15",0,1,0
6152,"2011-08-22",0,1,0
6152,"2011-08-29",0,1,0
6152,"2011-09-05",18400,2,9200
6152,"2011-09-12",0,1,0
6152,"2011-09-19",16930,2,8465
6152,"2011-09-26",0,1,0
6152,"2011-10-03",17820,2,8910
6152,"2011-10-10",0,1,0
6152,"2011-10-17",18110,648,27.9475308641975
6152,"2011-10-24",18400,2,9200
6152,"2011-10-31",0,1,0
6152,"2011-11-07",0,1,0
6152,"2011-11-14",17857,989,18.0556117290192
6152,"2011-11-21",18400,2,9200
6152,"2011-11-28",34960,648,53.9506172839506
6152,"2011-12-05",0,1,0
6152,"2011-12-12",0,1,0
6160,"2011-07-25",0,1,0
6160,"2011-08-01",22970,2,11485
6160,"2011-08-08",22690,2,11345
6160,"2011-08-15",20873,989,21.1051567239636
6160,"2011-08-22",22970,2,11485
6160,"2011-08-29",22970,2,11485
6160,"2011-09-05",22830,648,35.2314814814815
6160,"2011-09-12",0,1,0
6160,"2011-09-19",22680,2,11340
6160,"2011-09-26",21925,648,33.8348765432099
6160,"2011-10-03",45940,648,70.8950617283951
6160,"2011-10-10",0,1,0
6160,"2011-10-17",0,1,0
6160,"2011-10-24",0,1,0
6160,"2011-10-31",0,1,0
6160,"2011-11-07",21822,2,10911
6160,"2011-11-14",22597,989,22.8483316481294
6160,"2011-11-21",22970,2,11485
6160,"2011-11-28",0,1,0
6160,"2011-12-05",22620,2,11310
6160,"2011-12-12",22680,2,11340
6169,"2011-07-25",12017,1120,10.7294642857143
6169,"2011-08-01",12926,1266,10.2101105845182
6169,"2011-08-08",15895,1420,11.193661971831
6169,"2011-08-15",14547,1376,10.5719476744186
6169,"2011-08-22",13583,1398,9.71602288984263
6169,"2011-08-29",13696,1455,9.41305841924399
6169,"2011-09-05",13496,1305,10.3417624521073
6169,"2011-09-12",14194,1479,9.59702501690331
6169,"2011-09-19",10860,1038,10.4624277456647
6169,"2011-09-26",12522,1105,11.3321266968326
6169,"2011-10-03",11930,1341,8.89634601043997
6169,"2011-10-10",14178,1353,10.4789356984479
6169,"2011-10-17",18837,1409,13.3690560681334
6169,"2011-10-24",13342,1237,10.7857720291027
6169,"2011-10-31",12389,1251,9.90327737809752
6169,"2011-11-07",13490,1330,10.1428571428571
6169,"2011-11-14",11680,1090,10.7155963302752
6169,"2011-11-21",12203,1182,10.324027072758
6169,"2011-11-28",12218,940,12.9978723404255
6169,"2011-12-05",13565,1120,12.1116071428571
6169,"2011-12-12",16971,1266,13.4052132701422
6176,"2011-07-25",10537,464,22.7090517241379
6176,"2011-08-01",9214,263,35.0342205323194
6176,"2011-08-08",9981,296,33.7195945945946
6176,"2011-08-15",8325,259,32.1428571428571
6176,"2011-08-22",9555,340,28.1029411764706
6176,"2011-08-29",11741,577,20.3483535528596
6176,"2011-09-05",8890,317,28.0441640378549
6176,"2011-09-12",9096,275,33.0763636363636
6176,"2011-09-19",8904,196,45.4285714285714
6176,"2011-09-26",9156,292,31.3561643835616
6176,"2011-10-03",9094,190,47.8631578947368
6176,"2011-10-10",10837,352,30.7869318181818
6176,"2011-10-17",12497,317,39.4227129337539
6176,"2011-10-24",11696,453,25.8189845474614
6176,"2011-10-31",11323,267,42.4082397003745
6176,"2011-11-07",9006,296,30.4256756756757
6176,"2011-11-14",9517,398,23.9120603015075
6176,"2011-11-21",10922,508,21.5
6176,"2011-11-28",12141,708,17.1483050847458
6176,"2011-12-05",12008,662,18.1389728096677
6176,"2011-12-12",9845,431,22.8422273781903
6210,"2011-07-25",14041,741,18.9487179487179
6210,"2011-08-01",11888,634,18.7507886435331
6210,"2011-08-08",8071,169,47.7573964497041
6210,"2011-08-15",11044,424,26.0471698113208
6210,"2011-08-22",10894,572,19.0454545454545
6210,"2011-08-29",10744,435,24.6988505747126
6210,"2011-09-05",8520,381,22.3622047244094
6210,"2011-09-12",9350,340,27.5
6210,"2011-09-19",7568,169,44.7810650887574
6210,"2011-09-26",10604,604,17.5562913907285
6210,"2011-10-03",9132,440,20.7545454545455
6210,"2011-10-10",8024,225,35.6622222222222
6210,"2011-10-17",6797,225,30.2088888888889
6210,"2011-10-24",9741,398,24.4748743718593
6210,"2011-10-31",8273,337,24.5489614243323
6210,"2011-11-07",8271,190,43.5315789473684
6210,"2011-11-14",8352,196,42.6122448979592
6210,"2011-11-21",7891,322,24.5062111801242
6210,"2011-11-28",8253,275,30.0109090909091
6210,"2011-12-05",8628,299,28.8561872909699
6210,"2011-12-12",11338,644,17.6055900621118
6221,"2011-07-25",93762,567,165.365079365079
6221,"2011-08-01",97166,594,163.579124579125
6221,"2011-08-08",101454,607,167.140032948929
6221,"2011-08-15",96250,565,170.353982300885
6221,"2011-08-22",90813,476,190.783613445378
6221,"2011-08-29",90343,468,193.040598290598
6221,"2011-09-05",83670,408,205.073529411765
6221,"2011-09-12",89584,495,180.977777777778
6221,"2011-09-19",88735,468,189.604700854701
6221,"2011-09-26",97928,585,167.398290598291
6221,"2011-10-03",88586,466,190.098712446352
6221,"2011-10-10",90468,504,179.5
6221,"2011-10-17",86759,460,188.60652173913
6221,"2011-10-24",98590,593,166.256323777403
6221,"2011-10-31",98103,555,176.762162162162
6221,"2011-11-07",99200,590,168.135593220339
6221,"2011-11-14",90523,493,183.616632860041
6221,"2011-11-21",95215,541,175.998151571164
6221,"2011-11-28",101003,566,178.450530035336
6221,"2011-12-05",109822,701,156.664764621969
6221,"2011-12-12",118193,756,156.339947089947
6249,"2011-07-25",7516,4,1879
6249,"2011-08-01",7929,1828,4.33752735229759
6249,"2011-08-08",7694,143,53.8041958041958
6249,"2011-08-15",6811,4,1702.75
6249,"2011-08-22",6759,1801,3.752915047196
6249,"2011-08-29",8543,234,36.508547008547
6249,"2011-09-05",6063,1736,3.49251152073733
6249,"2011-09-12",5788,1717,3.37099592312172
6249,"2011-09-19",7861,72,109.180555555556
6249,"2011-09-26",6512,4,1628
6249,"2011-10-03",6752,1837,3.67555797495917
6249,"2011-10-10",5214,1677,3.10912343470483
6249,"2011-10-17",6109,1821,3.3547501372872
6249,"2011-10-24",6089,1801,3.38089950027762
6249,"2011-10-31",6577,63,104.396825396825
6249,"2011-11-07",5610,1745,3.21489971346705
6249,"2011-11-14",5472,1725,3.17217391304348
6249,"2011-11-21",5335,1622,3.28914919852035
6249,"2011-11-28",6512,1811,3.59580342352292
6249,"2011-12-05",6931,225,30.8044444444444
6249,"2011-12-12",8420,267,31.5355805243446
6270,"2011-07-25",6889,1120,6.15089285714286
6270,"2011-08-01",9463,1376,6.87718023255814
6270,"2011-08-08",8558,1353,6.32520325203252
6270,"2011-08-15",8152,1330,6.12932330827068
6270,"2011-08-22",7753,1365,5.67985347985348
6270,"2011-08-29",10697,1536,6.96419270833333
6270,"2011-09-05",8293,1365,6.07545787545788
6270,"2011-09-12",8494,1316,6.45440729483283
6270,"2011-09-19",7456,1341,5.5600298284862
6270,"2011-09-26",10675,1589,6.71806167400881
6270,"2011-10-03",9245,1376,6.71875
6270,"2011-10-10",9276,1387,6.68781542898342
6270,"2011-10-17",7487,1266,5.91390205371248
6270,"2011-10-24",9531,1525,6.24983606557377
6270,"2011-10-31",7897,1330,5.93759398496241
6270,"2011-11-07",9187,1305,7.03984674329502
6270,"2011-11-14",7611,1266,6.01184834123223
6270,"2011-11-21",7193,1182,6.08544839255499
6270,"2011-11-28",11553,1579,7.31665611146295
6270,"2011-12-05",8682,1223,7.09893704006541
6270,"2011-12-12",11293,1568,7.20216836734694
6296,"2011-07-25",16955,1450,11.6931034482759
6296,"2011-08-01",19655,1521,12.922419460881
6296,"2011-08-08",17836,1491,11.962441314554
6296,"2011-08-15",17779,1529,11.6278613472858
6296,"2011-08-22",17916,1422,12.5991561181435
6296,"2011-08-29",19702,1562,12.6133162612036
6296,"2011-09-05",17605,1472,11.9599184782609
6296,"2011-09-12",16904,1427,11.8458304134548
6296,"2011-09-19",17268,1440,11.9916666666667
6296,"2011-09-26",17699,1460,12.122602739726
6296,"2011-10-03",18126,1530,11.8470588235294
6296,"2011-10-10",13208,1349,9.79095626389918
6296,"2011-10-17",12641,1501,8.42171885409727
6296,"2011-10-24",13504,1523,8.86671043992121
6296,"2011-10-31",11826,1372,8.61953352769679
6296,"2011-11-07",15332,1298,11.8120184899846
6296,"2011-11-14",14540,1336,10.8832335329341
6296,"2011-11-21",14825,1360,10.9007352941176
6296,"2011-11-28",15773,1397,11.2906227630637
6296,"2011-12-05",13987,1312,10.6608231707317
6296,"2011-12-12",12892,1227,10.5069274653627
6297,"2011-07-25",16844,1422,11.845288326301
6297,"2011-08-01",16887,1459,11.5743660041124
6297,"2011-08-08",17376,1472,11.804347826087
6297,"2011-08-15",14319,1368,10.4671052631579
6297,"2011-08-22",15019,1413,10.6291578202406
6297,"2011-08-29",17345,1571,11.0407383831954
6297,"2011-09-05",17834,1524,11.7020997375328
6297,"2011-09-12",15140,1419,10.6694855532065
6297,"2011-09-19",15476,1428,10.8375350140056
6297,"2011-09-26",16499,1452,11.3629476584022
6297,"2011-10-03",17154,1497,11.4589178356713
6297,"2011-10-10",12425,1389,8.94528437724982
6297,"2011-10-17",11896,1452,8.19283746556474
6297,"2011-10-24",12165,1427,8.52487736510161
6297,"2011-10-31",11472,1394,8.22955523672884
6297,"2011-11-07",14579,1344,10.8474702380952
6297,"2011-11-14",12354,1279,9.6591086786552
6297,"2011-11-21",12854,1302,9.87250384024578
6297,"2011-11-28",13606,1342,10.1385991058122
6297,"2011-12-05",12044,1287,9.35819735819736
6297,"2011-12-12",10739,1179,9.10856658184902
6298,"2011-07-25",15313,1319,11.6095526914329
6298,"2011-08-01",18285,1405,13.0142348754448
6298,"2011-08-08",16696,1339,12.4690067214339
6298,"2011-08-15",15409,1343,11.4735666418466
6298,"2011-08-22",16127,1408,11.4538352272727
6298,"2011-08-29",19198,1520,12.6302631578947
6298,"2011-09-05",15120,1374,11.0043668122271
6298,"2011-09-12",16259,1385,11.7393501805054
6298,"2011-09-19",14996,1309,11.4560733384263
6298,"2011-09-26",14784,1333,11.0907726931733
6298,"2011-10-03",15660,1346,11.6344725111441
6298,"2011-10-10",11183,1247,8.96792301523657
6298,"2011-10-17",10651,1347,7.9072011878248
6298,"2011-10-24",11389,1369,8.31921110299489
6298,"2011-10-31",10944,1301,8.4119907763259
6298,"2011-11-07",12592,1189,10.5904121110177
6298,"2011-11-14",13860,1227,11.2958435207824
6298,"2011-11-21",13451,1257,10.7008750994431
6298,"2011-11-28",10298,995,10.3497487437186
6298,"2011-12-05",12230,1178,10.3820033955857
6298,"2011-12-12",10370,1074,9.65549348230912
6299,"2011-07-25",16150,1385,11.6606498194946
6299,"2011-08-01",16655,1347,12.3645137342242
6299,"2011-08-08",14042,1290,10.8852713178295
6299,"2011-08-15",14913,1318,11.314871016692
6299,"2011-08-22",15697,1273,12.3307148468185
6299,"2011-08-29",16652,1379,12.075416968818
6299,"2011-09-05",16286,1328,12.2635542168675
6299,"2011-09-12",14679,1268,11.5764984227129
6299,"2011-09-19",15083,1269,11.8857368006304
6299,"2011-09-26",13795,1292,10.6772445820433
6299,"2011-10-03",16225,1356,11.9653392330383
6299,"2011-10-10",11493,1221,9.41277641277641
6299,"2011-10-17",10307,1282,8.03978159126365
6299,"2011-10-24",12635,1381,9.14916727009413
6299,"2011-10-31",9576,1216,7.875
6299,"2011-11-07",10399,1039,10.0086621751684
6299,"2011-11-14",12755,1131,11.2776304155615
6299,"2011-11-21",11969,1171,10.2211784799317
6299,"2011-11-28",14864,1248,11.9102564102564
6299,"2011-12-05",10899,1074,10.1480446927374
6299,"2011-12-12",12180,1089,11.1845730027548
6300,"2011-07-25",11787,1225,9.62204081632653
6300,"2011-08-01",14795,1320,11.2083333333333
6300,"2011-08-08",11393,1204,9.46262458471761
6300,"2011-08-15",12730,1267,10.0473559589582
6300,"2011-08-22",13369,1299,10.2917628945343
6300,"2011-08-29",12776,1359,9.40103016924209
6300,"2011-09-05",13619,1366,9.96998535871157
6300,"2011-09-12",11978,1224,9.7859477124183
6300,"2011-09-19",14185,1276,11.1167711598746
6300,"2011-09-26",13929,1270,10.9677165354331
6300,"2011-10-03",12294,1189,10.3397813288478
6300,"2011-10-10",9977,1210,8.24545454545455
6300,"2011-10-17",9139,1254,7.28787878787879
6300,"2011-10-24",9639,1233,7.81751824817518
6300,"2011-10-31",9751,1244,7.83842443729904
6300,"2011-11-07",10210,1068,9.55992509363296
6300,"2011-11-14",12522,1199,10.4437030859049
6300,"2011-11-21",11013,1148,9.59320557491289
6300,"2011-11-28",11425,1107,10.3206865401987
6300,"2011-12-05",9039,1021,8.85308521057786
6300,"2011-12-12",9899,1047,9.45463228271251
6301,"2011-07-25",13205,1285,10.2762645914397
6301,"2011-08-01",13102,1282,10.2199687987519
6301,"2011-08-08",11607,1159,10.0146678170837
6301,"2011-08-15",11825,1226,9.64518760195759
6301,"2011-08-22",11950,1204,9.92524916943522
6301,"2011-08-29",13603,1363,9.98019075568599
6301,"2011-09-05",10303,1141,9.02979842243646
6301,"2011-09-12",11040,1166,9.46826758147513
6301,"2011-09-19",12000,1189,10.0925147182506
6301,"2011-09-26",13015,1267,10.2722967640095
6301,"2011-10-03",13114,1235,10.6186234817814
6301,"2011-10-10",9525,1102,8.64337568058076
6301,"2011-10-17",9322,1241,7.51168412570508
6301,"2011-10-24",8921,1221,7.30630630630631
6301,"2011-10-31",7364,976,7.54508196721311
6301,"2011-11-07",11583,1067,10.8556701030928
6301,"2011-11-14",10505,1046,10.0430210325048
6301,"2011-11-21",10811,1104,9.79257246376812
6301,"2011-11-28",10152,1007,10.0814299900695
6301,"2011-12-05",8525,931,9.15682062298604
6301,"2011-12-12",6688,703,9.51351351351351
