inst/sales/table1.csv
"product","date","revenue","units","price"
6302,"2011-07-25",4966,1811,2.74213141910547
6302,"2011-08-01",4707,1589,2.96224040276904
6302,"2011-08-08",3665,1251,2.92965627498002
6302,"2011-08-15",3823,1492,2.56233243967828
6302,"2011-08-22",5690,1745,3.26074498567335
6302,"2011-08-29",4009,1579,2.53894870170994
6302,"2011-09-05",4186,1677,2.49612403100775
6302,"2011-09-12",3859,1525,2.53049180327869
6302,"2011-09-19",3938,1536,2.56380208333333
6302,"2011-09-26",4216,1644,2.56447688564477
6302,"2011-10-03",4295,1745,2.46131805157593
6302,"2011-10-10",3092,1223,2.52820932134096
6302,"2011-10-17",4516,1655,2.72870090634441
6302,"2011-10-24",3553,1431,2.48287910552061
6302,"2011-10-31",5914,1677,3.52653548002385
6302,"2011-11-07",3196,1316,2.42857142857143
6302,"2011-11-14",3702,1251,2.95923261390887
6302,"2011-11-21",3407,1365,2.4959706959707
6302,"2011-11-28",3736,1503,2.48569527611444
6302,"2011-12-05",3512,1431,2.45422781271838
6302,"2011-12-12",3315,1160,2.85775862068966
6304,"2011-07-25",2470,3,823.333333333333
6304,"2011-08-01",3240,1665,1.94594594594595
6304,"2011-08-08",2430,989,2.45702730030334
6304,"2011-08-15",1910,989,1.93124368048534
6304,"2011-08-22",1620,2,810
6304,"2011-08-29",1151,989,1.16380182002022
6304,"2011-09-05",486,2,243
6304,"2011-09-12",0,1,0
6304,"2011-09-19",0,1,0
6304,"2011-09-26",0,1,0
6304,"2011-10-03",0,1,0
6304,"2011-10-10",0,1,0
6304,"2011-10-17",0,1,0
6304,"2011-10-24",3010,1181,2.54868755292125
6304,"2011-10-31",0,1,0
6304,"2011-11-07",0,1,0
6304,"2011-11-14",0,1,0
6304,"2011-11-21",0,1,0
6304,"2011-11-28",0,1,0
6304,"2011-12-05",0,1,0
6304,"2011-12-12",0,1,0
6306,"2011-07-25",16049,1140,14.0780701754386
6306,"2011-08-01",23238,1140,20.3842105263158
6306,"2011-08-08",19558,1251,15.6338928856914
6306,"2011-08-15",17928,1182,15.1675126903553
6306,"2011-08-22",17308,1251,13.8353317346123
6306,"2011-08-29",19164,1205,15.903734439834
6306,"2011-09-05",15545,1073,14.4874184529357
6306,"2011-09-12",24115,1140,21.1535087719298
6306,"2011-09-19",17351,1182,14.6793570219966
6306,"2011-09-26",20547,1305,15.7448275862069
6306,"2011-10-03",22508,1280,17.584375
6306,"2011-10-10",21287,1280,16.63046875
6306,"2011-10-17",22172,1237,17.9240097008892
6306,"2011-10-24",18871,1223,15.4300899427637
6306,"2011-10-31",18982,1291,14.7033307513555
6306,"2011-11-07",19378,1291,15.0100697134005
6306,"2011-11-14",17679,940,18.8074468085106
6306,"2011-11-21",20175,1182,17.0685279187817
6306,"2011-11-28",19040,1090,17.4678899082569
6306,"2011-12-05",19811,1341,14.7733035048471
6306,"2011-12-12",24560,1376,17.8488372093023
6308,"2011-07-25",9872,1014,9.73570019723866
6308,"2011-08-01",8911,1105,8.06425339366516
6308,"2011-08-08",10586,1353,7.82409460458241
6308,"2011-08-15",12795,1330,9.6203007518797
6308,"2011-08-22",10316,1291,7.99070487993803
6308,"2011-08-29",10702,1223,8.75061324611611
6308,"2011-09-05",10224,1160,8.81379310344828
6308,"2011-09-12",9617,1205,7.98091286307054
6308,"2011-09-19",8303,1054,7.87760910815939
6308,"2011-09-26",11477,1353,8.48263118994826
6308,"2011-10-03",10857,1237,8.77687954729184
6308,"2011-10-10",9230,1090,8.46788990825688
6308,"2011-10-17",8607,940,9.1563829787234
6308,"2011-10-24",8550,1105,7.73755656108597
6308,"2011-10-31",8587,1073,8.00279589934762
6308,"2011-11-07",10323,1182,8.73350253807107
6308,"2011-11-14",10708,1365,7.84468864468864
6308,"2011-11-21",10045,1105,9.09049773755656
6308,"2011-11-28",10748,1291,8.32532920216886
6308,"2011-12-05",11463,1266,9.05450236966825
6308,"2011-12-12",11310,1073,10.5405405405405
6309,"2011-07-25",10611,969,10.9504643962848
6309,"2011-08-01",8401,781,10.7567221510883
6309,"2011-08-08",8280,1014,8.16568047337278
6309,"2011-08-15",8791,781,11.2560819462228
6309,"2011-08-22",9395,990,9.48989898989899
6309,"2011-08-29",10697,1014,10.5493096646943
6309,"2011-09-05",8046,969,8.30340557275542
6309,"2011-09-12",7457,250,29.828
6309,"2011-09-19",10666,1073,9.9403541472507
6309,"2011-09-26",8114,887,9.14768883878241
6309,"2011-10-03",7520,853,8.81594372801876
6309,"2011-10-10",7872,415,18.9686746987952
6309,"2011-10-17",8254,535,15.4280373831776
6309,"2011-10-24",8364,853,9.80539273153576
6309,"2011-10-31",7651,990,7.72828282828283
6309,"2011-11-07",8948,415,21.5614457831325
6309,"2011-11-14",8853,702,12.6111111111111
6309,"2011-11-21",9190,597,15.393634840871
6309,"2011-11-28",10135,969,10.4592363261094
6309,"2011-12-05",9697,887,10.9323562570462
6309,"2011-12-12",12883,1140,11.3008771929825
6312,"2011-07-25",22758,496,45.883064516129
6312,"2011-08-01",22870,373,61.313672922252
6312,"2011-08-08",20750,366,56.6939890710383
6312,"2011-08-15",22179,440,50.4068181818182
6312,"2011-08-22",21776,296,73.5675675675676
6312,"2011-08-29",24933,520,47.9480769230769
6312,"2011-09-05",19839,282,70.3510638297872
6312,"2011-09-12",20099,322,62.4192546583851
6312,"2011-09-19",18953,381,49.745406824147
6312,"2011-09-26",18744,459,40.8366013071895
6312,"2011-10-03",19523,381,51.241469816273
6312,"2011-10-10",18030,267,67.5280898876404
6312,"2011-10-17",17041,267,63.8239700374532
6312,"2011-10-24",19682,317,62.0883280757098
6312,"2011-10-31",20818,409,50.8997555012225
6312,"2011-11-07",19984,409,48.8606356968215
6312,"2011-11-14",17595,292,60.2568493150685
6312,"2011-11-21",19885,322,61.7546583850932
6312,"2011-11-28",24057,409,58.8190709046455
6312,"2011-12-05",20987,496,42.3125
6312,"2011-12-12",19810,416,47.6201923076923
6313,"2011-07-25",12393,1503,8.24550898203593
6313,"2011-08-01",10423,1443,7.22314622314622
6313,"2011-08-08",13509,1525,8.85836065573771
6313,"2011-08-15",10089,1503,6.7125748502994
6313,"2011-08-22",13557,1455,9.31752577319588
6313,"2011-08-29",12871,1666,7.72569027611044
6313,"2011-09-05",12748,1557,8.18754014129737
6313,"2011-09-12",13046,1525,8.55475409836066
6313,"2011-09-19",8914,1280,6.9640625
6313,"2011-09-26",11634,1579,7.36795440151995
6313,"2011-10-03",11883,1431,8.30398322851153
6313,"2011-10-10",10830,1251,8.65707434052758
6313,"2011-10-17",11403,1305,8.73793103448276
6313,"2011-10-24",10888,1353,8.04730229120473
6313,"2011-10-31",13087,1341,9.75913497390007
6313,"2011-11-07",11881,1160,10.2422413793103
6313,"2011-11-14",11084,1305,8.49348659003831
6313,"2011-11-21",13464,1589,8.47325361862807
6313,"2011-11-28",10396,1266,8.21169036334913
6313,"2011-12-05",11796,1525,7.73508196721312
6313,"2011-12-12",14458,1398,10.3419170243205
6316,"2011-07-25",5415,81,66.8518518518518
6316,"2011-08-01",6176,352,17.5454545454545
6316,"2011-08-08",5753,143,40.2307692307692
6316,"2011-08-15",5545,196,28.2908163265306
6316,"2011-08-22",5264,108,48.7407407407407
6316,"2011-08-29",7467,347,21.5187319884726
6316,"2011-09-05",6226,212,29.3679245283019
6316,"2011-09-12",6825,392,17.4107142857143
6316,"2011-09-19",5802,135,42.9777777777778
6316,"2011-09-26",5140,24,214.166666666667
6316,"2011-10-03",6269,263,23.8365019011407
6316,"2011-10-10",4707,1767,2.66383701188455
6316,"2011-10-17",6618,204,32.4411764705882
6316,"2011-10-24",6193,169,36.6449704142012
6316,"2011-10-31",6279,160,39.24375
6316,"2011-11-07",4777,1745,2.73753581661891
6316,"2011-11-14",4570,1687,2.70895080023711
6316,"2011-11-21",6121,1755,3.48774928774929
6316,"2011-11-28",5689,1801,3.1588006662965
6316,"2011-12-05",5914,1811,3.26559911651022
6316,"2011-12-12",4732,1316,3.59574468085106
6317,"2011-07-25",8454,445,18.9977528089888
6317,"2011-08-01",7576,369,20.5311653116531
6317,"2011-08-08",5705,225,25.3555555555556
6317,"2011-08-15",7233,322,22.4627329192547
6317,"2011-08-22",6242,234,26.6752136752137
6317,"2011-08-29",7971,440,18.1159090909091
6317,"2011-09-05",8177,403,20.2903225806452
6317,"2011-09-12",6801,358,18.9972067039106
6317,"2011-09-19",6845,212,32.2877358490566
6317,"2011-09-26",7197,376,19.1409574468085
6317,"2011-10-03",7272,330,22.0363636363636
6317,"2011-10-10",7464,126,59.2380952380952
6317,"2011-10-17",6956,204,34.0980392156863
6317,"2011-10-24",7703,330,23.3424242424242
6317,"2011-10-31",6191,243,25.477366255144
6317,"2011-11-07",5615,1793,3.13162297824875
6317,"2011-11-14",5554,1784,3.11322869955157
6317,"2011-11-21",5736,52,110.307692307692
6317,"2011-11-28",6687,234,28.5769230769231
6317,"2011-12-05",6585,225,29.2666666666667
6317,"2011-12-12",7010,174,40.2873563218391
6706,"2011-07-25",3306,915,3.61311475409836
6706,"2011-08-01",6260,1140,5.49122807017544
6706,"2011-08-08",5343,1237,4.31932093775263
6706,"2011-08-15",3486,781,4.46350832266325
6706,"2011-08-22",6178,1365,4.52600732600733
6706,"2011-08-29",7779,1568,4.96109693877551
6706,"2011-09-05",5953,1376,4.32630813953488
6706,"2011-09-12",5699,1237,4.60711398544867
6706,"2011-09-19",4523,853,5.30246189917937
6706,"2011-09-26",6744,1073,6.2851817334576
6706,"2011-10-03",5454,1251,4.35971223021583
6706,"2011-10-10",7861,1398,5.62303290414878
6706,"2011-10-17",7356,1479,4.973630831643
6706,"2011-10-24",7018,1443,4.86347886347886
6706,"2011-10-31",6772,1387,4.88248017303533
6706,"2011-11-07",5407,1266,4.27093206951027
6706,"2011-11-14",7579,1503,5.04258150365935
6706,"2011-11-21",8025,1546,5.19081500646831
6706,"2011-11-28",6231,1525,4.08590163934426
6706,"2011-12-05",7752,1237,6.26677445432498
6706,"2011-12-12",7636,1330,5.74135338345865
6761,"2011-07-25",19279,190,101.468421052632
6761,"2011-08-01",19360,143,135.384615384615
6761,"2011-08-08",17693,212,83.4575471698113
6761,"2011-08-15",16733,196,85.3724489795918
6761,"2011-08-22",14525,1801,8.06496390893948
6761,"2011-08-29",17193,135,127.355555555556
6761,"2011-09-05",14890,72,206.805555555556
6761,"2011-09-12",16540,41,403.414634146341
6761,"2011-09-19",14681,1717,8.55037856726849
6761,"2011-09-26",13990,1811,7.72501380452788
6761,"2011-10-03",13217,1784,7.40863228699552
6761,"2011-10-10",16148,143,112.923076923077
6761,"2011-10-17",12267,1611,7.6145251396648
6761,"2011-10-24",16468,160,102.925
6761,"2011-10-31",16558,385,43.0077922077922
6761,"2011-11-07",12607,41,307.487804878049
6761,"2011-11-14",8056,1291,6.24012393493416
6761,"2011-11-21",8666,1054,8.22201138519924
6761,"2011-11-28",8816,1223,7.2085036794767
6761,"2011-12-05",11616,1140,10.1894736842105
6761,"2011-12-12",10423,1105,9.43257918552036
6808,"2011-07-25",12482,1455,8.5786941580756
6808,"2011-08-01",11268,1503,7.49700598802395
6808,"2011-08-08",11732,1633,7.1843233312921
6808,"2011-08-15",9891,1353,7.31042128603104
6808,"2011-08-22",10869,1455,7.47010309278351
6808,"2011-08-29",12256,1611,7.60769708255742
6808,"2011-09-05",10320,1376,7.5
6808,"2011-09-12",11853,1546,7.66688227684347
6808,"2011-09-19",11010,1387,7.9379956741168
6808,"2011-09-26",10841,1420,7.63450704225352
6808,"2011-10-03",11439,1557,7.34682080924855
6808,"2011-10-10",11860,1536,7.72135416666667
6808,"2011-10-17",10972,1455,7.54089347079038
6808,"2011-10-24",11396,1600,7.1225
6808,"2011-10-31",10512,1633,6.43723208818126
6808,"2011-11-07",10730,1525,7.03606557377049
6808,"2011-11-14",7292,1073,6.79589934762349
6808,"2011-11-21",9100,1160,7.8448275862069
6808,"2011-11-28",12226,1251,9.77298161470823
6808,"2011-12-05",9527,1237,7.70169765561843
6808,"2011-12-12",16514,1266,13.044233807267
6814,"2011-07-25",11496,1600,7.185
6814,"2011-08-01",12040,1568,7.67857142857143
6814,"2011-08-08",13186,24,549.416666666667
6814,"2011-08-15",14383,1525,9.43147540983607
6814,"2011-08-22",15111,1677,9.01073345259392
6814,"2011-08-29",10377,1503,6.90419161676647
6814,"2011-09-05",11321,1455,7.7807560137457
6814,"2011-09-12",11045,1611,6.85599006828057
6814,"2011-09-19",12583,1579,7.96896770107663
6814,"2011-09-26",11853,1755,6.75384615384615
6814,"2011-10-03",12798,1387,9.22710886806056
6814,"2011-10-10",13405,1633,8.20881812614819
6814,"2011-10-17",12814,1644,7.79440389294404
6814,"2011-10-24",14142,1811,7.80894533406958
6814,"2011-10-31",12869,63,204.269841269841
6814,"2011-11-07",11302,1811,6.24075096631695
6814,"2011-11-14",8605,1182,7.28003384094755
6814,"2011-11-21",11135,887,12.5535512965051
6814,"2011-11-28",12413,1073,11.5684995340168
6814,"2011-12-05",11200,1073,10.4380242311277
6814,"2011-12-12",14442,1316,10.9741641337386
6818,"2011-07-25",11186,1514,7.3883751651255
6818,"2011-08-01",9682,1409,6.87154009936125
6818,"2011-08-08",10041,1655,6.06706948640483
6818,"2011-08-15",8755,1409,6.21362668559262
6818,"2011-08-22",9885,1514,6.52906208718626
6818,"2011-08-29",12263,63,194.650793650794
6818,"2011-09-05",9593,1387,6.91636625811103
6818,"2011-09-12",12402,1589,7.80490874764002
6818,"2011-09-19",11170,1655,6.74924471299094
6818,"2011-09-26",9735,1503,6.47704590818363
6818,"2011-10-03",10875,1655,6.57099697885196
6818,"2011-10-10",11401,1557,7.32241490044958
6818,"2011-10-17",13990,1666,8.39735894357743
6818,"2011-10-24",12966,24,540.25
6818,"2011-10-31",10399,1697,6.12787271655863
6818,"2011-11-07",9622,1503,6.4018629407851
6818,"2011-11-14",9113,1073,8.49301025163094
6818,"2011-11-21",13564,1398,9.70243204577969
6818,"2011-11-28",9244,969,9.53973168214654
6818,"2011-12-05",8061,969,8.31888544891641
6818,"2011-12-12",10200,1223,8.34014717906787
6971,"2011-07-25",8348,1611,5.18187461204221
6971,"2011-08-01",8018,1845,4.34579945799458
6971,"2011-08-08",8378,1811,4.62617338487024
6971,"2011-08-15",7679,24,319.958333333333
6971,"2011-08-22",8017,108,74.2314814814815
6971,"2011-08-29",9289,317,29.3028391167192
6971,"2011-09-05",10611,545,19.4697247706422
6971,"2011-09-12",12518,609,20.5550082101806
6971,"2011-09-19",12106,564,21.4645390070922
6971,"2011-09-26",12088,604,20.0132450331126
6971,"2011-10-03",12027,525,22.9085714285714
6971,"2011-10-10",9384,143,65.6223776223776
6971,"2011-10-17",10742,376,28.5691489361702
6971,"2011-10-24",11023,369,29.8726287262873
6971,"2011-10-31",7865,118,66.6525423728814
6971,"2011-11-07",7449,98,76.0102040816327
6971,"2011-11-14",10118,52,194.576923076923
6971,"2011-11-21",7666,1774,4.32130777903044
6971,"2011-11-28",9357,81,115.518518518519
6971,"2011-12-05",6118,1557,3.92935131663455
6971,"2011-12-12",7103,1633,4.34966319657073
7165,"2011-07-25",31421,1353,23.2232076866223
7165,"2011-08-01",31987,1291,24.7769171185128
7165,"2011-08-08",24410,1140,21.4122807017544
7165,"2011-08-15",38032,1431,26.5772187281621
7165,"2011-08-22",31803,1443,22.039501039501
7165,"2011-08-29",27376,1305,20.9777777777778
7165,"2011-09-05",27344,1237,22.1050929668553
7165,"2011-09-12",35517,1420,25.0119718309859
7165,"2011-09-19",35256,1568,22.484693877551
7165,"2011-09-26",24118,1237,19.4971705739693
7165,"2011-10-03",32674,1376,23.7456395348837
7165,"2011-10-10",34772,1420,24.487323943662
7165,"2011-10-17",32345,1398,23.1366237482117
7165,"2011-10-24",39996,1514,26.4174372523118
7165,"2011-10-31",37849,1468,25.7826975476839
7165,"2011-11-07",38089,1745,21.8275071633238
7165,"2011-11-14",34911,1546,22.5815006468305
7165,"2011-11-21",38897,1687,23.0569057498518
7165,"2011-11-28",41568,1387,29.9697188175919
7165,"2011-12-05",54327,169,321.461538461538
7165,"2011-12-12",71126,683,104.137628111274
7198,"2011-07-25",20418,1074,19.0111731843575
7198,"2011-08-01",21461,1121,19.1445138269402
7198,"2011-08-08",22714,1079,21.0509731232623
7198,"2011-08-15",19070,906,21.0485651214128
7198,"2011-08-22",21057,964,21.8433609958506
7198,"2011-08-29",19685,920,21.3967391304348
7198,"2011-09-05",19396,870,22.2942528735632
7198,"2011-09-12",19829,878,22.5842824601367
7198,"2011-09-19",22856,941,24.2890541976621
7198,"2011-09-26",17907,672,26.6473214285714
7198,"2011-10-03",20994,788,26.6421319796954
7198,"2011-10-10",17514,634,27.6246056782334
7198,"2011-10-17",20085,703,28.5704125177809
7198,"2011-10-24",27639,1022,27.0440313111546
7198,"2011-10-31",28612,1042,27.4587332053743
7198,"2011-11-07",26172,1022,25.6086105675147
7198,"2011-11-14",23402,947,24.7117212249208
7198,"2011-11-21",21233,854,24.8629976580796
7198,"2011-11-28",24861,936,26.5608974358974
7198,"2011-12-05",32614,1122,29.0677361853832
7198,"2011-12-12",42474,1332,31.8873873873874
7769,"2011-07-25",13496,311,43.395498392283
7769,"2011-08-01",14665,358,40.963687150838
7769,"2011-08-08",11117,174,63.8908045977011
7769,"2011-08-15",12643,299,42.2842809364548
7769,"2011-08-22",10836,98,110.571428571429
7769,"2011-08-29",12937,282,45.8758865248227
7769,"2011-09-05",10868,52,209
7769,"2011-09-12",8891,52,170.980769230769
7769,"2011-09-19",9935,118,84.1949152542373
7769,"2011-09-26",10737,63,170.428571428571
7769,"2011-10-03",9907,90,110.077777777778
7769,"2011-10-10",9399,1821,5.16144975288303
7769,"2011-10-17",10146,90,112.733333333333
7769,"2011-10-24",11751,204,57.6029411764706
7769,"2011-10-31",12657,243,52.0864197530864
7769,"2011-11-07",8676,1655,5.24229607250755
7769,"2011-11-14",8491,1557,5.45343609505459
7769,"2011-11-21",11506,1811,6.35339591385975
7769,"2011-11-28",9686,1697,5.70771950500884
7769,"2011-12-05",9410,1745,5.39255014326648
7769,"2011-12-12",11681,24,486.708333333333
7770,"2011-07-25",36930,1525,24.216393442623
7770,"2011-08-01",45124,1589,28.3977344241661
7770,"2011-08-08",41926,1622,25.8483353884094
7770,"2011-08-15",37781,1353,27.9238728750924
7770,"2011-08-22",34654,1492,23.2265415549598
7770,"2011-08-29",44740,135,331.407407407407
7770,"2011-09-05",51404,1398,36.7696709585122
7770,"2011-09-12",39439,1353,29.1492978566149
7770,"2011-09-19",36382,1409,25.8211497515969
7770,"2011-09-26",37751,1330,28.3842105263158
7770,"2011-10-03",32730,1305,25.0804597701149
7770,"2011-10-10",31638,1237,25.5763945028294
7770,"2011-10-17",40406,1479,27.3198106828938
7770,"2011-10-24",37151,1455,25.5333333333333
7770,"2011-10-31",38729,1365,28.3728937728938
7770,"2011-11-07",38297,1330,28.7947368421053
7770,"2011-11-14",32775,1266,25.8886255924171
7770,"2011-11-21",34116,1160,29.4103448275862
7770,"2011-11-28",42772,1536,27.8463541666667
7770,"2011-12-05",39813,1431,27.8218029350105
7770,"2011-12-12",39066,1745,22.3873925501433
