inst/sales/table1.csv
"product","date","revenue","units","price"
7800,"2011-07-25",27480,1204,22.8239202657807
7800,"2011-08-01",38750,1389,27.8977681785457
7800,"2011-08-08",30562,1310,23.3297709923664
7800,"2011-08-15",32607,1281,25.4543325526932
7800,"2011-08-22",30200,1279,23.6121970289289
7800,"2011-08-29",39975,1504,26.5791223404255
7800,"2011-09-05",38366,1512,25.3743386243386
7800,"2011-09-12",30136,1287,23.4156954156954
7800,"2011-09-19",30238,1270,23.8094488188976
7800,"2011-09-26",31733,1332,23.8235735735736
7800,"2011-10-03",37321,1371,27.2217359591539
7800,"2011-10-10",31926,1326,24.0769230769231
7800,"2011-10-17",40492,1473,27.489477257298
7800,"2011-10-24",51460,1749,29.4225271583762
7800,"2011-10-31",45028,1681,26.7864366448543
7800,"2011-11-07",41243,1605,25.6965732087227
7800,"2011-11-14",47913,1689,28.3676731793961
7800,"2011-11-21",41356,1454,28.4429160935351
7800,"2011-11-28",41260,1414,29.1796322489392
7800,"2011-12-05",38490,1345,28.6171003717472
7800,"2011-12-12",35568,1312,27.109756097561
7979,"2011-07-25",28256,839,33.6781883194279
7979,"2011-08-01",28376,916,30.9781659388646
7979,"2011-08-08",25174,737,34.157394843962
7979,"2011-08-15",27215,841,32.3602853745541
7979,"2011-08-22",27801,839,33.1358760429082
7979,"2011-08-29",27028,810,33.3679012345679
7979,"2011-09-05",28588,824,34.6941747572816
7979,"2011-09-12",24705,805,30.6894409937888
7979,"2011-09-19",24453,820,29.8207317073171
7979,"2011-09-26",24097,824,29.243932038835
7979,"2011-10-03",28095,910,30.8736263736264
7979,"2011-10-10",24801,772,32.1256476683938
7979,"2011-10-17",27401,913,30.0120481927711
7979,"2011-10-24",25476,795,32.0452830188679
7979,"2011-10-31",26473,888,29.8119369369369
7979,"2011-11-07",25962,778,33.3701799485861
7979,"2011-11-14",26735,854,31.3056206088993
7979,"2011-11-21",26029,810,32.1345679012346
7979,"2011-11-28",30130,932,32.3283261802575
7979,"2011-12-05",25068,828,30.2753623188406
7979,"2011-12-12",24852,716,34.7094972067039
7994,"2011-07-25",112906,1071,105.421101774043
7994,"2011-08-01",99297,1011,98.2166172106825
7994,"2011-08-08",86421,892,96.8845291479821
7994,"2011-08-15",79346,803,98.8119551681196
7994,"2011-08-22",113247,1076,105.248141263941
7994,"2011-08-29",151875,1264,120.154272151899
7994,"2011-09-05",119088,1152,103.375
7994,"2011-09-12",90313,909,99.3542354235423
7994,"2011-09-19",108178,1033,104.722168441433
7994,"2011-09-26",88363,831,106.333333333333
7994,"2011-10-03",60880,247,246.477732793522
7994,"2011-10-10",82280,787,104.548919949174
7994,"2011-10-17",123693,1096,112.858576642336
7994,"2011-10-24",156333,1348,115.974035608309
7994,"2011-10-31",140743,1300,108.263846153846
7994,"2011-11-07",115121,1157,99.4995678478825
7994,"2011-11-14",113374,1075,105.464186046512
7994,"2011-11-21",110850,948,116.930379746835
7994,"2011-11-28",118897,1065,111.640375586854
7994,"2011-12-05",82057,709,115.736248236953
7994,"2011-12-12",80328,636,126.301886792453
8033,"2011-07-25",119015,195,610.333333333333
8033,"2011-08-01",110318,138,799.405797101449
8033,"2011-08-08",116962,193,606.020725388601
8033,"2011-08-15",108630,131,829.236641221374
8033,"2011-08-22",112082,136,824.132352941176
8033,"2011-08-29",128361,303,423.633663366337
8033,"2011-09-05",108873,261,417.137931034483
8033,"2011-09-12",103292,260,397.276923076923
8033,"2011-09-19",104108,69,1508.8115942029
8033,"2011-09-26",106125,106,1001.17924528302
8033,"2011-10-03",90448,1820,49.6967032967033
8033,"2011-10-10",101739,50,2034.78
8033,"2011-10-17",102155,45,2270.11111111111
8033,"2011-10-24",104314,86,1212.95348837209
8033,"2011-10-31",85828,1777,48.2993809791784
8033,"2011-11-07",96101,1848,52.0027056277056
8033,"2011-11-14",91687,1805,50.7961218836565
8033,"2011-11-21",99741,35,2849.74285714286
8033,"2011-11-28",102818,69,1490.11594202899
8033,"2011-12-05",98006,16,6125.375
8033,"2011-12-12",102621,75,1368.28
8035,"2011-07-25",52835,1351,39.1080680977054
8035,"2011-08-01",49148,1361,36.1116825863336
8035,"2011-08-08",49483,1344,36.8177083333333
8035,"2011-08-15",47403,1306,36.2963246554365
8035,"2011-08-22",45834,1294,35.4204018547141
8035,"2011-08-29",52204,1391,37.52983465133
8035,"2011-09-05",44551,1273,34.9968578161822
8035,"2011-09-12",51397,1363,37.7087307410125
8035,"2011-09-19",45469,1286,35.3569206842924
8035,"2011-09-26",49571,1338,37.0485799701046
8035,"2011-10-03",44800,1255,35.6972111553785
8035,"2011-10-10",41112,1202,34.2029950083195
8035,"2011-10-17",43765,1282,34.1380655226209
8035,"2011-10-24",44636,1268,35.2018927444795
8035,"2011-10-31",42376,1171,36.1878736122972
8035,"2011-11-07",40686,1208,33.6804635761589
8035,"2011-11-14",45102,1289,34.9899146625291
8035,"2011-11-21",43016,1245,34.5510040160643
8035,"2011-11-28",46797,1297,36.0809560524287
8035,"2011-12-05",44903,1292,34.7546439628483
8035,"2011-12-12",49320,1356,36.3716814159292
8098,"2011-07-25",15899,832,19.109375
8098,"2011-08-01",14407,782,18.423273657289
8098,"2011-08-08",16021,828,19.3490338164251
8098,"2011-08-15",15941,708,22.5155367231638
8098,"2011-08-22",14317,459,31.1917211328976
8098,"2011-08-29",16027,644,24.8866459627329
8098,"2011-09-05",19366,841,23.0273483947681
8098,"2011-09-12",14389,556,25.8794964028777
8098,"2011-09-19",14928,459,32.5228758169935
8098,"2011-09-26",14210,352,40.3693181818182
8098,"2011-10-03",15525,445,34.8876404494382
8098,"2011-10-10",14470,337,42.9376854599407
8098,"2011-10-17",16963,513,33.0662768031189
8098,"2011-10-24",19324,765,25.2601307189542
8098,"2011-10-31",18884,667,28.311844077961
8098,"2011-11-07",19140,754,25.3846153846154
8098,"2011-11-14",16064,502,32
8098,"2011-11-21",18857,644,29.2810559006211
8098,"2011-11-28",17666,644,27.4316770186335
8098,"2011-12-05",19681,708,27.7980225988701
8098,"2011-12-12",22276,860,25.9023255813953
8123,"2011-07-25",7794,1503,5.18562874251497
8123,"2011-08-01",6999,1579,4.43255224825839
8123,"2011-08-08",5616,1280,4.3875
8123,"2011-08-15",4394,1205,3.64647302904564
8123,"2011-08-22",6432,1205,5.33775933609958
8123,"2011-08-29",7935,1223,6.48814390842191
8123,"2011-09-05",5291,1105,4.78823529411765
8123,"2011-09-12",6881,1341,5.13124533929903
8123,"2011-09-19",6178,1054,5.86148007590133
8123,"2011-09-26",7652,1205,6.35020746887967
8123,"2011-10-03",7268,940,7.73191489361702
8123,"2011-10-10",3778,1766,2.13929784824462
8123,"2011-10-17",11454,1525,7.51081967213115
8123,"2011-10-24",10043,1492,6.73123324396783
8123,"2011-10-31",7797,1536,5.076171875
8123,"2011-11-07",10343,1557,6.64290301862556
8123,"2011-11-14",12614,1387,9.09444844989185
8123,"2011-11-21",5714,1341,4.26099925428784
8123,"2011-11-28",7852,1503,5.22421823020625
8123,"2011-12-05",11786,41,287.463414634146
8123,"2011-12-12",11401,1251,9.11350919264588
8153,"2011-07-25",42478,1754,24.2177879133409
8153,"2011-08-01",43248,1746,24.7697594501718
8153,"2011-08-08",40384,1696,23.811320754717
8153,"2011-08-15",42346,1720,24.6197674418605
8153,"2011-08-22",42840,1667,25.6988602279544
8153,"2011-08-29",45201,1771,25.5228684359119
8153,"2011-09-05",38077,1640,23.2176829268293
8153,"2011-09-12",35871,1584,22.6458333333333
8153,"2011-09-19",37415,1560,23.9839743589744
8153,"2011-09-26",38058,1595,23.8608150470219
8153,"2011-10-03",33601,1540,21.8188311688312
8153,"2011-10-10",33993,1540,22.0733766233766
8153,"2011-10-17",33860,1527,22.1741977734119
8153,"2011-10-24",34922,1562,22.3572343149808
8153,"2011-10-31",33290,1516,21.9591029023747
8153,"2011-11-07",29399,1423,20.659873506676
8153,"2011-11-14",29219,1403,20.8260869565217
8153,"2011-11-21",28114,1396,20.1389684813754
8153,"2011-11-28",33499,1486,22.543068640646
8153,"2011-12-05",32119,1477,21.7461069735951
8153,"2011-12-12",35081,1543,22.7355800388853
8188,"2011-07-25",23874,156,153.038461538462
8188,"2011-08-01",27243,256,106.41796875
8188,"2011-08-08",26912,217,124.018433179724
8188,"2011-08-15",25333,163,155.41717791411
8188,"2011-08-22",23135,70,330.5
8188,"2011-08-29",24985,172,145.261627906977
8188,"2011-09-05",23030,68,338.676470588235
8188,"2011-09-12",21143,1842,11.4782844733985
8188,"2011-09-19",20344,1802,11.2896781354051
8188,"2011-09-26",23632,136,173.764705882353
8188,"2011-10-03",19633,1819,10.7932930181418
8188,"2011-10-10",18072,1730,10.4462427745665
8188,"2011-10-17",17385,1651,10.5299818291944
8188,"2011-10-24",18566,1753,10.5909868796349
8188,"2011-10-31",20497,1816,11.2868942731278
8188,"2011-11-07",16362,1627,10.0565457897972
8188,"2011-11-14",18442,1748,10.5503432494279
8188,"2011-11-21",18672,1747,10.6880366342301
8188,"2011-11-28",18062,1716,10.525641025641
8188,"2011-12-05",17775,1720,10.3343023255814
8188,"2011-12-12",16489,1667,9.89142171565687
8231,"2011-07-25",4382,1316,3.32978723404255
8231,"2011-08-01",3401,1140,2.98333333333333
8231,"2011-08-08",3770,1182,3.18950930626058
8231,"2011-08-15",5011,1398,3.58440629470672
8231,"2011-08-22",4356,1387,3.14059120403749
8231,"2011-08-29",4550,1251,3.63709032773781
8231,"2011-09-05",3939,1280,3.07734375
8231,"2011-09-12",3385,1105,3.06334841628959
8231,"2011-09-19",3040,1120,2.71428571428571
8231,"2011-09-26",4734,1237,3.82700080840744
8231,"2011-10-03",3677,1105,3.32760180995475
8231,"2011-10-10",5370,1140,4.71052631578947
8231,"2011-10-17",2719,744,3.65456989247312
8231,"2011-10-24",3078,853,3.6084407971864
8231,"2011-10-31",2775,1105,2.51131221719457
8231,"2011-11-07",2675,1014,2.63806706114398
8231,"2011-11-14",2464,479,5.14405010438413
8231,"2011-11-21",2155,180,11.9722222222222
8231,"2011-11-28",1775,250,7.1
8231,"2011-12-05",2872,597,4.8107202680067
8231,"2011-12-12",7369,969,7.6047471620227
8348,"2011-07-25",3644,887,4.10822998872604
8348,"2011-08-01",4265,1330,3.20676691729323
8348,"2011-08-08",3937,1073,3.66915191053122
8348,"2011-08-15",3288,1038,3.16763005780347
8348,"2011-08-22",5185,1387,3.73828406633021
8348,"2011-08-29",4052,1014,3.99605522682446
8348,"2011-09-05",4874,1120,4.35178571428571
8348,"2011-09-12",3202,1014,3.1577909270217
8348,"2011-09-19",4804,1341,3.58240119313945
8348,"2011-09-26",3108,990,3.13939393939394
8348,"2011-10-03",3663,1090,3.3605504587156
8348,"2011-10-10",2941,814,3.61302211302211
8348,"2011-10-17",2595,702,3.6965811965812
8348,"2011-10-24",2729,744,3.66801075268817
8348,"2011-10-31",2135,415,5.14457831325301
8348,"2011-11-07",1845,97,19.020618556701
8348,"2011-11-14",4631,744,6.2244623655914
8348,"2011-11-21",2971,702,4.23219373219373
8348,"2011-11-28",4207,535,7.86355140186916
8348,"2011-12-05",5366,597,8.98827470686767
8348,"2011-12-12",4202,597,7.03852596314908
8642,"2011-07-25",87227,798,109.30701754386
8642,"2011-08-01",95460,942,101.337579617834
8642,"2011-08-08",92104,901,102.224195338513
8642,"2011-08-15",98734,921,107.203040173724
8642,"2011-08-22",93392,879,106.248009101251
8642,"2011-08-29",114069,1026,111.178362573099
8642,"2011-09-05",99927,994,100.530181086519
8642,"2011-09-12",83156,794,104.730478589421
8642,"2011-09-19",85316,806,105.85111662531
8642,"2011-09-26",104515,975,107.194871794872
8642,"2011-10-03",67237,489,137.498977505112
8642,"2011-10-10",72091,680,106.016176470588
8642,"2011-10-17",104045,973,106.932168550874
8642,"2011-10-24",126902,1187,106.909856781803
8642,"2011-10-31",119261,1151,103.615117289314
8642,"2011-11-07",92824,954,97.2997903563941
8642,"2011-11-14",59648,386,154.528497409326
8642,"2011-11-21",68776,592,116.175675675676
8642,"2011-11-28",105798,972,108.845679012346
8642,"2011-12-05",103227,933,110.639871382637
8642,"2011-12-12",106736,952,112.117647058824
8676,"2011-07-25",29861,1492,20.0140750670241
8676,"2011-08-01",25793,1341,19.234153616704
8676,"2011-08-08",25188,1376,18.3052325581395
8676,"2011-08-15",30332,1557,19.4810533076429
8676,"2011-08-22",30004,1409,21.2945351312988
8676,"2011-08-29",36424,1546,23.5601552393273
8676,"2011-09-05",30910,1492,20.7171581769437
8676,"2011-09-12",24130,1140,21.1666666666667
8676,"2011-09-19",32313,1398,23.1137339055794
8676,"2011-09-26",41219,1536,26.8352864583333
8676,"2011-10-03",28704,1409,20.3718949609652
8676,"2011-10-10",28205,1316,21.4323708206687
8676,"2011-10-17",33689,1455,23.1539518900344
8676,"2011-10-24",27702,1409,19.6607523066004
8676,"2011-10-31",29028,1387,20.928622927181
8676,"2011-11-07",23191,1251,18.5379696243006
8676,"2011-11-14",28166,1341,21.0037285607755
8676,"2011-11-21",35737,1536,23.2662760416667
8676,"2011-11-28",26722,1365,19.5765567765568
8676,"2011-12-05",32957,1622,20.3187422934649
8676,"2011-12-12",27844,1387,20.0749819754867
8717,"2011-07-25",7844,654,11.9938837920489
8717,"2011-08-01",9181,683,13.4421669106881
8717,"2011-08-08",6076,352,17.2613636363636
8717,"2011-08-15",7720,582,13.2646048109966
8717,"2011-08-22",7701,502,15.3406374501992
8717,"2011-08-29",9672,545,17.7467889908257
8717,"2011-09-05",7525,431,17.4593967517401
8717,"2011-09-12",8059,530,15.2056603773585
8717,"2011-09-19",6876,330,20.8363636363636
8717,"2011-09-26",7096,366,19.3879781420765
8717,"2011-10-03",8557,502,17.0458167330677
8717,"2011-10-10",7154,373,19.1796246648794
8717,"2011-10-17",7049,220,32.0409090909091
8717,"2011-10-24",8885,870,10.2126436781609
8717,"2011-10-31",8050,650,12.3846153846154
8717,"2011-11-07",8113,621,13.0644122383253
8717,"2011-11-14",7588,502,15.1155378486056
8717,"2011-11-21",7824,352,22.2272727272727
8717,"2011-11-28",8181,550,14.8745454545455
8717,"2011-12-05",7161,285,25.1263157894737
8717,"2011-12-12",6984,317,22.0315457413249
8789,"2011-07-25",202083,607,332.920922570017
8789,"2011-08-01",204774,518,395.316602316602
8789,"2011-08-08",154747,281,550.701067615658
8789,"2011-08-15",163517,240,681.320833333333
8789,"2011-08-22",182346,355,513.650704225352
8789,"2011-08-29",204955,505,405.851485148515
8789,"2011-09-05",136440,140,974.571428571429
8789,"2011-09-12",174559,360,484.886111111111
8789,"2011-09-19",176655,353,500.439093484419
8789,"2011-09-26",183827,394,466.565989847716
8789,"2011-10-03",175735,361,486.80055401662
8789,"2011-10-10",138049,167,826.640718562874
8789,"2011-10-17",189172,422,448.274881516588
8789,"2011-10-24",182584,378,483.026455026455
8789,"2011-10-31",166700,308,541.233766233766
8789,"2011-11-07",163308,301,542.551495016611
8789,"2011-11-14",180299,372,484.674731182796
8789,"2011-11-21",164555,297,554.057239057239
8789,"2011-11-28",183142,383,478.177545691906
8789,"2011-12-05",151110,253,597.272727272727
8789,"2011-12-12",151497,319,474.912225705329
8842,"2011-07-25",9275,1717,5.40186371578334
8842,"2011-08-01",6472,1409,4.59332860184528
8842,"2011-08-08",6920,1492,4.63806970509383
8842,"2011-08-15",8119,1611,5.0397268777157
8842,"2011-08-22",6797,1316,5.16489361702128
8842,"2011-08-29",8188,1479,5.53617308992563
8842,"2011-09-05",5158,1090,4.73211009174312
8842,"2011-09-12",6049,1266,4.7780410742496
8842,"2011-09-19",5862,1266,4.6303317535545
8842,"2011-09-26",6485,1223,5.30253475061325
8842,"2011-10-03",4899,1205,4.0655601659751
8842,"2011-10-10",7590,1420,5.34507042253521
8842,"2011-10-17",7050,1353,5.21064301552106
8842,"2011-10-24",8418,1514,5.56010568031704
8842,"2011-10-31",6706,1387,4.83489545782264
8842,"2011-11-07",6029,1431,4.21313766596785
8842,"2011-11-14",8925,1557,5.73217726396917
8842,"2011-11-21",8396,1546,5.43078913324709
8842,"2011-11-28",6928,1420,4.87887323943662
8842,"2011-12-05",6158,1280,4.8109375
8842,"2011-12-12",6073,1237,4.90945836701698
9097,"2011-07-25",33500,754,44.4297082228117
9097,"2011-08-01",20447,1697,12.0489098408957
9097,"2011-08-08",15318,250,61.272
9097,"2011-08-15",24458,654,37.3975535168196
9097,"2011-08-22",29423,895,32.8748603351955
9097,"2011-08-29",19631,445,44.114606741573
9097,"2011-09-05",24155,644,37.5077639751553
9097,"2011-09-12",32547,1005,32.3850746268657
9097,"2011-09-19",36848,1086,33.9300184162063
9097,"2011-09-26",37281,1147,32.5030514385353
9097,"2011-10-03",36381,1127,32.2812777284827
9097,"2011-10-10",30824,1040,29.6384615384615
9097,"2011-10-17",40333,1232,32.7378246753247
9097,"2011-10-24",39139,1158,33.7987910189983
9097,"2011-10-31",30208,1002,30.1477045908184
9097,"2011-11-07",24792,780,31.7846153846154
9097,"2011-11-14",31937,1032,30.9467054263566
9097,"2011-11-21",30336,1016,29.8582677165354
9097,"2011-11-28",34579,1107,31.2366757000903
9097,"2011-12-05",28197,953,29.5876180482686
9097,"2011-12-12",26844,917,29.2737186477645
9257,"2011-07-25",20299,744,27.2836021505376
9257,"2011-08-01",22256,744,29.9139784946237
9257,"2011-08-08",21236,744,28.5430107526882
9257,"2011-08-15",21963,940,23.3648936170213
9257,"2011-08-22",16726,702,23.8262108262108
9257,"2011-08-29",16674,814,20.4840294840295
9257,"2011-09-05",16251,940,17.2882978723404
9257,"2011-09-12",16050,990,16.2121212121212
9257,"2011-09-19",16190,535,30.2616822429907
9257,"2011-09-26",20432,969,21.0856553147575
9257,"2011-10-03",20865,250,83.46
9257,"2011-10-10",20808,649,32.0616332819723
9257,"2011-10-17",16711,535,31.2355140186916
9257,"2011-10-24",18725,597,31.3651591289782
9257,"2011-10-31",21507,702,30.6367521367521
9257,"2011-11-07",21998,915,24.0415300546448
9257,"2011-11-14",18502,781,23.6901408450704
9257,"2011-11-21",19260,535,36
9257,"2011-11-28",20464,97,210.969072164948
9257,"2011-12-05",16692,97,172.082474226804
9257,"2011-12-12",21601,415,52.0506024096386
9362,"2011-07-25",6170,2,3085
9362,"2011-08-01",0,1,0
9362,"2011-08-08",0,1,0
9362,"2011-08-15",0,1,0
9362,"2011-08-22",6170,2,3085
9362,"2011-08-29",0,1,0
9362,"2011-09-05",6170,2,3085
9362,"2011-09-12",4250,648,6.55864197530864
9362,"2011-09-19",4250,2,2125
9362,"2011-09-26",0,1,0
9362,"2011-10-03",4250,2,2125
9362,"2011-10-10",0,1,0
9362,"2011-10-17",0,1,0
9362,"2011-10-24",4250,2,2125
9362,"2011-10-31",4250,648,6.55864197530864
9362,"2011-11-07",2125,2,1062.5
9362,"2011-11-14",11688,97,120.494845360825
9362,"2011-11-21",0,1,0
9362,"2011-11-28",0,1,0
9362,"2011-12-05",0,1,0
9362,"2011-12-12",0,1,0
