inst/sales/table1.csv
"product","date","revenue","units","price"
9711,"2011-07-25",22470,2,11235
9711,"2011-08-01",22470,2,11235
9711,"2011-08-08",0,1,0
9711,"2011-08-15",22470,2,11235
9711,"2011-08-22",22470,2,11235
9711,"2011-08-29",44940,648,69.3518518518518
9711,"2011-09-05",22470,2,11235
9711,"2011-09-12",22470,2,11235
9711,"2011-09-19",0,1,0
9711,"2011-09-26",22470,648,34.6759259259259
9711,"2011-10-03",22470,2,11235
9711,"2011-10-10",0,1,0
9711,"2011-10-17",0,1,0
9711,"2011-10-24",0,1,0
9711,"2011-10-31",22470,2,11235
9711,"2011-11-07",0,1,0
9711,"2011-11-14",0,1,0
9711,"2011-11-21",0,1,0
9711,"2011-11-28",0,1,0
9711,"2011-12-05",0,1,0
9711,"2011-12-12",33705,989,34.0798786653185
9932,"2011-07-25",19873,1090,18.2321100917431
9932,"2011-08-01",21289,1341,15.8754660700969
9932,"2011-08-08",17705,1205,14.6929460580913
9932,"2011-08-15",21276,1223,17.3965658217498
9932,"2011-08-22",21882,1120,19.5375
9932,"2011-08-29",23548,1266,18.6003159557662
9932,"2011-09-05",18472,1205,15.3294605809129
9932,"2011-09-12",20198,1266,15.9541864139021
9932,"2011-09-19",22059,1182,18.6624365482234
9932,"2011-09-26",16276,1182,13.7698815566836
9932,"2011-10-03",21822,1038,21.0231213872832
9932,"2011-10-10",21822,1330,16.4075187969925
9932,"2011-10-17",19112,1054,18.1328273244782
9932,"2011-10-24",19650,1182,16.6243654822335
9932,"2011-10-31",22341,1223,18.2673753066231
9932,"2011-11-07",25764,1316,19.5775075987842
9932,"2011-11-14",17862,1090,16.3871559633028
9932,"2011-11-21",18370,1291,14.2292796281952
9932,"2011-11-28",20173,1305,15.4582375478927
9932,"2011-12-05",19285,1330,14.5
9932,"2011-12-12",19547,1316,14.8533434650456
10230,"2011-07-25",205648,1146,179.448516579407
10230,"2011-08-01",182739,1173,155.787723785166
10230,"2011-08-08",174987,1124,155.682384341637
10230,"2011-08-15",213992,1174,182.27597955707
10230,"2011-08-22",197837,1167,169.526135389889
10230,"2011-08-29",220093,1246,176.639646869984
10230,"2011-09-05",192343,1177,163.418011894647
10230,"2011-09-12",175397,1201,146.042464612823
10230,"2011-09-19",174515,1184,147.394425675676
10230,"2011-09-26",204110,1236,165.137540453074
10230,"2011-10-03",215988,1185,182.26835443038
10230,"2011-10-10",197436,1077,183.320334261838
10230,"2011-10-17",218603,1185,184.475105485232
10230,"2011-10-24",213578,1184,180.386824324324
10230,"2011-10-31",199875,1139,175.482879719052
10230,"2011-11-07",199582,1118,178.516994633274
10230,"2011-11-14",201901,1149,175.718885987815
10230,"2011-11-21",190128,1101,172.686648501362
10230,"2011-11-28",203110,1145,177.38864628821
10230,"2011-12-05",198735,1123,176.967943009795
10230,"2011-12-12",192608,1113,173.053009883199
10233,"2011-07-25",133971,730,183.521917808219
10233,"2011-08-01",122400,786,155.725190839695
10233,"2011-08-08",115171,784,146.901785714286
10233,"2011-08-15",141301,818,172.739608801956
10233,"2011-08-22",123561,759,162.794466403162
10233,"2011-08-29",141022,896,157.390625
10233,"2011-09-05",103996,736,141.298913043478
10233,"2011-09-12",108190,846,127.884160756501
10233,"2011-09-19",115041,903,127.398671096346
10233,"2011-09-26",133805,926,144.497840172786
10233,"2011-10-03",140564,903,155.66334440753
10233,"2011-10-10",119896,726,165.146005509642
10233,"2011-10-17",133364,829,160.873341375151
10233,"2011-10-24",145811,926,157.463282937365
10233,"2011-10-31",131027,855,153.247953216374
10233,"2011-11-07",126782,825,153.675151515152
10233,"2011-11-14",128267,835,153.613173652695
10233,"2011-11-21",133697,861,155.281068524971
10233,"2011-11-28",132391,840,157.608333333333
10233,"2011-12-05",139988,918,152.492374727669
10233,"2011-12-12",146020,937,155.837780149413
11004,"2011-07-25",13858,1600,8.66125
11004,"2011-08-01",12542,1837,6.82743603701688
11004,"2011-08-08",14150,90,157.222222222222
11004,"2011-08-15",12759,118,108.127118644068
11004,"2011-08-22",11474,1525,7.52393442622951
11004,"2011-08-29",13094,1707,7.67076742823667
11004,"2011-09-05",13100,1677,7.81156827668456
11004,"2011-09-12",12135,1589,7.63687853996224
11004,"2011-09-19",7574,1140,6.64385964912281
11004,"2011-09-26",11264,1140,9.88070175438597
11004,"2011-10-03",6090,1073,5.67567567567568
11004,"2011-10-10",5434,887,6.12626832018038
11004,"2011-10-17",8983,940,9.5563829787234
11004,"2011-10-24",7263,915,7.93770491803279
11004,"2011-10-31",5505,969,5.68111455108359
11004,"2011-11-07",8632,535,16.1345794392523
11004,"2011-11-14",4421,415,10.6530120481928
11004,"2011-11-21",4083,1766,2.31200453001132
11004,"2011-11-28",7116,365,19.4958904109589
11004,"2011-12-05",6545,479,13.6638830897704
11004,"2011-12-12",6370,1556,4.09383033419023
11379,"2011-07-25",41772,169,247.171597633136
11379,"2011-08-01",41602,150,277.346666666667
11379,"2011-08-08",46920,306,153.333333333333
11379,"2011-08-15",47820,251,190.517928286853
11379,"2011-08-22",49607,285,174.059649122807
11379,"2011-08-29",51106,440,116.15
11379,"2011-09-05",41911,135,310.451851851852
11379,"2011-09-12",46560,243,191.604938271605
11379,"2011-09-19",49451,263,188.026615969582
11379,"2011-09-26",45661,347,131.587896253602
11379,"2011-10-03",43511,263,165.441064638783
11379,"2011-10-10",38055,32,1189.21875
11379,"2011-10-17",54536,322,169.366459627329
11379,"2011-10-24",37773,81,466.333333333333
11379,"2011-10-31",41044,196,209.408163265306
11379,"2011-11-07",42796,118,362.677966101695
11379,"2011-11-14",46228,296,156.175675675676
11379,"2011-11-21",39602,160,247.5125
11379,"2011-11-28",39970,160,249.8125
11379,"2011-12-05",48632,358,135.843575418994
11379,"2011-12-12",43960,263,167.148288973384
11655,"2011-07-25",12285,1443,8.51351351351351
11655,"2011-08-01",12669,1536,8.248046875
11655,"2011-08-08",17186,1811,9.48978464936499
11655,"2011-08-15",12876,1633,7.88487446417636
11655,"2011-08-22",10739,1398,7.68168812589413
11655,"2011-08-29",14383,1697,8.47554507955215
11655,"2011-09-05",13418,1644,8.161800486618
11655,"2011-09-12",13200,1468,8.99182561307902
11655,"2011-09-19",12573,1409,8.92334989354152
11655,"2011-09-26",12859,1546,8.31759379042691
11655,"2011-10-03",11278,1341,8.41014168530947
11655,"2011-10-10",12257,1536,7.97981770833333
11655,"2011-10-17",14158,1687,8.39241256668643
11655,"2011-10-24",15199,1687,9.00948429164197
11655,"2011-10-31",13622,1589,8.5726872246696
11655,"2011-11-07",13591,1644,8.26703163017032
11655,"2011-11-14",14390,1503,9.57418496340652
11655,"2011-11-21",12921,1503,8.59680638722555
11655,"2011-11-28",10370,1431,7.24668064290706
11655,"2011-12-05",10963,1431,7.66107617051013
11655,"2011-12-12",15258,1666,9.15846338535414
11805,"2011-07-25",9360,989,9.46410515672396
11805,"2011-08-01",4680,648,7.22222222222222
11805,"2011-08-08",0,1,0
11805,"2011-08-15",18720,1442,12.9819694868239
11805,"2011-08-22",4047,648,6.24537037037037
11805,"2011-08-29",2506,1181,2.12193056731583
11805,"2011-09-05",1938,2,969
11805,"2011-09-12",5820,1181,4.92802709568163
11805,"2011-09-19",0,1,0
11805,"2011-09-26",0,1,0
11805,"2011-10-03",1872,2,936
11805,"2011-10-10",3744,648,5.77777777777778
11805,"2011-10-17",0,1,0
11805,"2011-10-24",6240,2,3120
11805,"2011-10-31",0,1,0
11805,"2011-11-07",0,1,0
11805,"2011-11-14",0,1,0
11805,"2011-11-21",0,1,0
11805,"2011-11-28",0,1,0
11805,"2011-12-05",4850,2,2425
11805,"2011-12-12",14550,989,14.7118301314459
11825,"2011-07-25",19798,1644,12.0425790754258
11825,"2011-08-01",21077,1717,12.2754804892254
11825,"2011-08-08",20290,1655,12.2598187311178
11825,"2011-08-15",21451,1801,11.9106052193226
11825,"2011-08-22",17964,1611,11.1508379888268
11825,"2011-08-29",18545,1717,10.8008153756552
11825,"2011-09-05",16124,1492,10.8069705093834
11825,"2011-09-12",18228,1644,11.0875912408759
11825,"2011-09-19",15652,1546,10.124191461837
11825,"2011-09-26",18087,1611,11.2271880819367
11825,"2011-10-03",18016,1546,11.653298835705
11825,"2011-10-10",19158,1589,12.0566393958464
11825,"2011-10-17",17661,1468,12.0306539509537
11825,"2011-10-24",19724,1687,11.691760521636
11825,"2011-10-31",18909,1633,11.5793018983466
11825,"2011-11-07",20915,1687,12.397747480735
11825,"2011-11-14",20719,1707,12.1376684241359
11825,"2011-11-21",19844,1745,11.3719197707736
11825,"2011-11-28",21886,118,185.474576271186
11825,"2011-12-05",25826,366,70.5628415300546
11825,"2011-12-12",33328,536,62.1791044776119
11971,"2011-07-25",45528,1669,27.2786099460755
11971,"2011-08-01",45339,1688,26.8595971563981
11971,"2011-08-08",45011,1651,27.2628709872804
11971,"2011-08-15",57059,34,1678.20588235294
11971,"2011-08-22",51489,1806,28.5099667774086
11971,"2011-08-29",64737,187,346.187165775401
11971,"2011-09-05",53888,1844,29.2234273318872
11971,"2011-09-12",57037,28,2037.03571428571
11971,"2011-09-19",50271,1789,28.1000558971492
11971,"2011-09-26",53818,6,8969.66666666667
11971,"2011-10-03",41021,1598,25.6702127659574
11971,"2011-10-10",36882,1512,24.3928571428571
11971,"2011-10-17",57292,23,2490.95652173913
11971,"2011-10-24",55340,5,11068
11971,"2011-10-31",45688,1731,26.3939919121895
11971,"2011-11-07",44493,1708,26.0497658079625
11971,"2011-11-14",46346,1732,26.7586605080831
11971,"2011-11-21",39638,1593,24.8826114249843
11971,"2011-11-28",41751,1658,25.1815440289505
11971,"2011-12-05",33937,1482,22.8994601889339
11971,"2011-12-12",30409,1407,21.6126510305615
11975,"2011-07-25",7338,1556,4.7159383033419
11975,"2011-08-01",7124,1665,4.27867867867868
11975,"2011-08-08",6200,1329,4.66516177577126
11975,"2011-08-15",6290,648,9.70679012345679
11975,"2011-08-22",6213,1181,5.26079593564776
11975,"2011-08-29",7863,1766,4.4524348810872
11975,"2011-09-05",5661,1329,4.25959367945824
11975,"2011-09-12",6290,1181,5.3259949195597
11975,"2011-09-19",7231,1442,5.01456310679612
11975,"2011-09-26",6290,2,3145
11975,"2011-10-03",6135,648,9.46759259259259
11975,"2011-10-10",6290,648,9.70679012345679
11975,"2011-10-17",9210,989,9.31243680485339
11975,"2011-10-24",4563,648,7.04166666666667
11975,"2011-10-31",5138,1181,4.35055038103302
11975,"2011-11-07",3145,989,3.17997977755308
11975,"2011-11-14",3145,648,4.85339506172839
11975,"2011-11-21",4718,989,4.77047522750253
11975,"2011-11-28",3145,2,1572.5
11975,"2011-12-05",0,1,0
11975,"2011-12-12",7338,1181,6.21337849280271
12006,"2011-07-25",0,1,0
12006,"2011-08-01",4220,648,6.51234567901235
12006,"2011-08-08",4220,2,2110
12006,"2011-08-15",0,1,0
12006,"2011-08-22",4220,648,6.51234567901235
12006,"2011-08-29",4220,2,2110
12006,"2011-09-05",4220,2,2110
12006,"2011-09-12",0,1,0
12006,"2011-09-19",0,1,0
12006,"2011-09-26",0,1,0
12006,"2011-10-03",4220,2,2110
12006,"2011-10-10",4220,2,2110
12006,"2011-10-17",0,1,0
12006,"2011-10-24",3600,2,1800
12006,"2011-10-31",0,1,0
12006,"2011-11-07",0,1,0
12006,"2011-11-14",4220,648,6.51234567901235
12006,"2011-11-21",0,1,0
12006,"2011-11-28",0,1,0
12006,"2011-12-05",0,1,0
12006,"2011-12-12",0,1,0
12202,"2011-07-25",19888,1395,14.2566308243728
12202,"2011-08-01",20160,1356,14.8672566371681
12202,"2011-08-08",20527,1395,14.7146953405018
12202,"2011-08-15",19051,1344,14.1748511904762
12202,"2011-08-22",18600,1319,14.1015921152388
12202,"2011-08-29",22032,1421,15.5045742434905
12202,"2011-09-05",17942,1297,13.8334618350039
12202,"2011-09-12",18872,1326,14.2322775263952
12202,"2011-09-19",18250,1285,14.2023346303502
12202,"2011-09-26",20498,1388,14.7680115273775
12202,"2011-10-03",18020,1311,13.7452326468345
12202,"2011-10-10",11596,964,12.0290456431535
12202,"2011-10-17",13396,1074,12.4729981378026
12202,"2011-10-24",15755,1161,13.5701981050818
12202,"2011-10-31",16235,1224,13.2638888888889
12202,"2011-11-07",15338,1144,13.4073426573427
12202,"2011-11-14",9839,745,13.206711409396
12202,"2011-11-21",16186,1189,13.6131202691337
12202,"2011-11-28",8348,416,20.0673076923077
12202,"2011-12-05",7448,1376,5.41279069767442
12202,"2011-12-12",5887,1766,3.33352208380521
12400,"2011-07-25",4718,648,7.28086419753086
12400,"2011-08-01",6290,2,3145
12400,"2011-08-08",18870,989,19.0798786653185
12400,"2011-08-15",0,1,0
12400,"2011-08-22",3145,2,1572.5
12400,"2011-08-29",3145,2,1572.5
12400,"2011-09-05",0,1,0
12400,"2011-09-12",7863,1181,6.65791701947502
12400,"2011-09-19",0,1,0
12400,"2011-09-26",0,1,0
12400,"2011-10-03",6290,2,3145
12400,"2011-10-10",0,1,0
12400,"2011-10-17",0,1,0
12400,"2011-10-24",0,1,0
12400,"2011-10-31",6290,1181,5.3259949195597
12400,"2011-11-07",6290,2,3145
12400,"2011-11-14",5840,2,2920
12400,"2011-11-21",3145,2,1572.5
12400,"2011-11-28",6290,2,3145
12400,"2011-12-05",3145,2,1572.5
12400,"2011-12-12",3145,2,1572.5
12538,"2011-07-25",6140,989,6.20829120323559
12538,"2011-08-01",6290,1329,4.73288186606471
12538,"2011-08-08",6290,2,3145
12538,"2011-08-15",6290,2,3145
12538,"2011-08-22",8387,1181,7.10160880609653
12538,"2011-08-29",4718,648,7.28086419753086
12538,"2011-09-05",6290,2,3145
12538,"2011-09-12",0,1,0
12538,"2011-09-19",0,1,0
12538,"2011-09-26",6290,2,3145
12538,"2011-10-03",0,1,0
12538,"2011-10-10",0,1,0
12538,"2011-10-17",0,1,0
12538,"2011-10-24",0,1,0
12538,"2011-10-31",0,1,0
12538,"2011-11-07",0,1,0
12538,"2011-11-14",0,1,0
12538,"2011-11-21",0,1,0
12538,"2011-11-28",0,1,0
12538,"2011-12-05",0,1,0
12538,"2011-12-12",11008,1181,9.32091447925487
12615,"2011-07-25",17379,1408,12.3430397727273
12615,"2011-08-01",15394,1344,11.453869047619
12615,"2011-08-08",15946,1392,11.4554597701149
12615,"2011-08-15",16293,1397,11.6628489620616
12615,"2011-08-22",15791,1395,11.3197132616487
12615,"2011-08-29",16388,1436,11.4122562674095
12615,"2011-09-05",15261,1356,11.2544247787611
12615,"2011-09-12",15888,1390,11.4302158273381
12615,"2011-09-19",11887,1221,9.73546273546274
12615,"2011-09-26",13924,1283,10.8526890101325
12615,"2011-10-03",13573,1292,10.5054179566563
12615,"2011-10-10",12258,1249,9.8142514011209
12615,"2011-10-17",14926,1315,11.3505703422053
12615,"2011-10-24",13932,1299,10.7251732101617
12615,"2011-10-31",13497,1263,10.6864608076009
12615,"2011-11-07",12598,1224,10.2924836601307
12615,"2011-11-14",13055,1225,10.6571428571429
12615,"2011-11-21",15908,1344,11.8363095238095
12615,"2011-11-28",17100,1368,12.5
12615,"2011-12-05",15251,1342,11.3643815201192
12615,"2011-12-12",14367,1326,10.8348416289593
12670,"2011-07-25",19840,1490,13.3154362416107
12670,"2011-08-01",15677,1391,11.2703091301222
12670,"2011-08-08",17863,1461,12.2265571526352
12670,"2011-08-15",17799,1435,12.4034843205575
12670,"2011-08-22",16941,1429,11.8551434569629
12670,"2011-08-29",20578,1563,13.1657069737684
12670,"2011-09-05",17700,1460,12.1232876712329
12670,"2011-09-12",19012,1481,12.8372721134369
12670,"2011-09-19",16023,1347,11.8953229398664
12670,"2011-09-26",16862,1388,12.1484149855908
12670,"2011-10-03",17221,1472,11.6990489130435
12670,"2011-10-10",15050,1358,11.0824742268041
12670,"2011-10-17",16819,1378,12.2053701015965
12670,"2011-10-24",16671,1381,12.0716871832006
12670,"2011-10-31",14838,1285,11.5470817120623
12670,"2011-11-07",15279,1339,11.4107542942494
12670,"2011-11-14",15748,1356,11.6135693215339
12670,"2011-11-21",14641,1322,11.0748865355522
12670,"2011-11-28",19438,1472,13.2051630434783
12670,"2011-12-05",15286,1307,11.6954858454476
12670,"2011-12-12",17036,1403,12.1425516749822
12976,"2011-07-25",45183,1055,42.8274881516588
12976,"2011-08-01",34937,859,40.6717112922002
12976,"2011-08-08",35611,841,42.3436385255648
12976,"2011-08-15",48814,1104,44.2155797101449
12976,"2011-08-22",47288,1069,44.2357343311506
12976,"2011-08-29",52685,1148,45.8928571428571
12976,"2011-09-05",58215,1262,46.1291600633914
12976,"2011-09-12",57441,1226,46.852365415987
12976,"2011-09-19",58479,1204,48.5705980066445
12976,"2011-09-26",66733,1309,50.9801375095493
12976,"2011-10-03",69097,1283,53.8558067030398
12976,"2011-10-10",57722,1247,46.2886928628709
12976,"2011-10-17",47973,1095,43.8109589041096
12976,"2011-10-24",52602,1121,46.9241748438894
12976,"2011-10-31",54607,1190,45.8882352941176
12976,"2011-11-07",62158,1278,48.6369327073552
12976,"2011-11-14",54964,1179,46.6191687871077
12976,"2011-11-21",50536,1100,45.9418181818182
12976,"2011-11-28",55983,1190,47.044537815126
12976,"2011-12-05",67425,1318,51.1570561456753
12976,"2011-12-12",52631,1148,45.845818815331
13062,"2011-07-25",9633,780,12.35
13062,"2011-08-01",9260,716,12.9329608938547
13062,"2011-08-08",10940,780,14.025641025641
13062,"2011-08-15",10386,785,13.2305732484076
13062,"2011-08-22",9264,716,12.9385474860335
13062,"2011-08-29",12110,953,12.707240293809
13062,"2011-09-05",9064,703,12.8933143669986
13062,"2011-09-12",12175,841,14.4768133174792
13062,"2011-09-19",9091,540,16.8351851851852
13062,"2011-09-26",11345,805,14.0931677018634
13062,"2011-10-03",10390,767,13.5462842242503
13062,"2011-10-10",12426,931,13.3469387755102
13062,"2011-10-17",8020,604,13.2781456953642
13062,"2011-10-24",11254,863,13.0405561993048
13062,"2011-10-31",12067,922,13.087852494577
13062,"2011-11-07",11491,924,12.4361471861472
13062,"2011-11-14",10020,749,13.3778371161549
13062,"2011-11-21",12245,1005,12.18407960199
13062,"2011-11-28",12412,959,12.9426485922836
13062,"2011-12-05",13449,999,13.4624624624625
13062,"2011-12-12",16284,1148,14.184668989547
13079,"2011-07-25",3446,1557,2.21323057161207
13079,"2011-08-01",3910,1784,2.19170403587444
13079,"2011-08-08",3936,1811,2.17338487023744
13079,"2011-08-15",4199,90,46.6555555555556
13079,"2011-08-22",3706,1589,2.33228445563247
13079,"2011-08-29",3205,1479,2.16700473292765
13079,"2011-09-05",2937,1266,2.31990521327014
13079,"2011-09-12",3259,1330,2.45037593984962
13079,"2011-09-19",5134,1557,3.29736673089274
13079,"2011-09-26",3717,1611,2.3072625698324
13079,"2011-10-03",4182,1579,2.64851171627612
13079,"2011-10-10",3866,1387,2.78731074260995
13079,"2011-10-17",3481,1420,2.45140845070423
13079,"2011-10-24",3298,1280,2.5765625
13079,"2011-10-31",3285,1073,3.06150978564772
13079,"2011-11-07",2418,597,4.05025125628141
13079,"2011-11-14",3161,597,5.29480737018425
13079,"2011-11-21",3903,969,4.02786377708978
13079,"2011-11-28",3298,1038,3.17726396917148
13079,"2011-12-05",3589,1611,2.22780881440099
13079,"2011-12-12",4083,1644,2.48357664233577
