inst/sales/table1.csv
"product","date","revenue","units","price"
13083,"2011-07-25",4650,2,2325
13083,"2011-08-01",6200,1181,5.2497883149873
13083,"2011-08-08",4650,2,2325
13083,"2011-08-15",9300,648,14.3518518518519
13083,"2011-08-22",4650,2,2325
13083,"2011-08-29",0,1,0
13083,"2011-09-05",0,1,0
13083,"2011-09-12",4650,648,7.17592592592593
13083,"2011-09-19",0,1,0
13083,"2011-09-26",0,1,0
13083,"2011-10-03",0,1,0
13083,"2011-10-10",0,1,0
13083,"2011-10-17",4650,2,2325
13083,"2011-10-24",4650,2,2325
13083,"2011-10-31",0,1,0
13083,"2011-11-07",0,1,0
13083,"2011-11-14",0,1,0
13083,"2011-11-21",0,1,0
13083,"2011-11-28",0,1,0
13083,"2011-12-05",0,1,0
13083,"2011-12-12",0,1,0
13084,"2011-07-25",9142,702,13.022792022792
13084,"2011-08-01",11975,1038,11.5366088631985
13084,"2011-08-08",8737,969,9.01651186790506
13084,"2011-08-15",7751,969,7.99896800825593
13084,"2011-08-22",9543,1014,9.4112426035503
13084,"2011-08-29",11549,1266,9.12243285939968
13084,"2011-09-05",10684,1251,8.54036770583533
13084,"2011-09-12",12633,1387,9.10814708002884
13084,"2011-09-19",12982,1205,10.7734439834025
13084,"2011-09-26",9478,1160,8.17068965517241
13084,"2011-10-03",10050,1160,8.66379310344828
13084,"2011-10-10",7983,1280,6.23671875
13084,"2011-10-17",6492,1140,5.69473684210526
13084,"2011-10-24",7527,1387,5.42682047584715
13084,"2011-10-31",9157,1503,6.09248170326015
13084,"2011-11-07",8606,1376,6.25436046511628
13084,"2011-11-14",8580,1455,5.89690721649485
13084,"2011-11-21",7897,1492,5.29289544235925
13084,"2011-11-28",11561,63,183.507936507937
13084,"2011-12-05",16927,634,26.698738170347
13084,"2011-12-12",18697,740,25.2662162162162
13085,"2011-07-25",5666,1251,4.52917665867306
13085,"2011-08-01",7205,1409,5.11355571327182
13085,"2011-08-08",6196,1223,5.06623058053966
13085,"2011-08-15",7350,1341,5.48098434004474
13085,"2011-08-22",7580,1387,5.46503244412401
13085,"2011-08-29",8063,1633,4.93753827311696
13085,"2011-09-05",7905,1600,4.940625
13085,"2011-09-12",7810,1611,4.84792054624457
13085,"2011-09-19",6313,1316,4.79711246200608
13085,"2011-09-26",7412,1503,4.93147039254824
13085,"2011-10-03",6061,1251,4.8449240607514
13085,"2011-10-10",7459,1828,4.08041575492341
13085,"2011-10-17",6763,1677,4.03279666070364
13085,"2011-10-24",7701,1845,4.1739837398374
13085,"2011-10-31",11528,385,29.9428571428571
13085,"2011-11-07",7501,1784,4.20459641255605
13085,"2011-11-14",7074,1774,3.98759864712514
13085,"2011-11-21",9539,160,59.61875
13085,"2011-11-28",8135,72,112.986111111111
13085,"2011-12-05",9002,230,39.1391304347826
13085,"2011-12-12",15265,792,19.2739898989899
13086,"2011-07-25",13158,267,49.2808988764045
13086,"2011-08-01",12786,63,202.952380952381
13086,"2011-08-08",13267,196,67.6887755102041
13086,"2011-08-15",10961,1736,6.3139400921659
13086,"2011-08-22",13930,174,80.0574712643678
13086,"2011-08-29",13207,196,67.3826530612245
13086,"2011-09-05",11126,1784,6.23654708520179
13086,"2011-09-12",12353,72,171.569444444444
13086,"2011-09-19",11076,90,123.066666666667
13086,"2011-09-26",13048,108,120.814814814815
13086,"2011-10-03",13522,160,84.5125
13086,"2011-10-10",11693,81,144.358024691358
13086,"2011-10-17",11801,24,491.708333333333
13086,"2011-10-24",15315,358,42.7793296089385
13086,"2011-10-31",11158,41,272.146341463415
13086,"2011-11-07",10639,1811,5.87465488680287
13086,"2011-11-14",12345,90,137.166666666667
13086,"2011-11-21",11209,118,94.9915254237288
13086,"2011-11-28",13199,299,44.1438127090301
13086,"2011-12-05",12212,263,46.4334600760456
13086,"2011-12-12",14095,337,41.8249258160237
13087,"2011-07-25",10973,251,43.7171314741036
13087,"2011-08-01",11280,259,43.5521235521236
13087,"2011-08-08",8474,90,94.1555555555556
13087,"2011-08-15",9634,90,107.044444444444
13087,"2011-08-22",10409,126,82.6111111111111
13087,"2011-08-29",10225,212,48.2311320754717
13087,"2011-09-05",9121,160,57.00625
13087,"2011-09-12",10631,63,168.746031746032
13087,"2011-09-19",10482,160,65.5125
13087,"2011-09-26",10623,212,50.1084905660377
13087,"2011-10-03",11657,143,81.5174825174825
13087,"2011-10-10",12661,296,42.7736486486486
13087,"2011-10-17",10247,230,44.5521739130435
13087,"2011-10-24",11225,317,35.410094637224
13087,"2011-10-31",12914,398,32.4472361809045
13087,"2011-11-07",12490,285,43.8245614035088
13087,"2011-11-14",9888,32,309
13087,"2011-11-21",8324,41,203.024390243902
13087,"2011-11-28",12703,431,29.4733178654292
13087,"2011-12-05",15030,550,27.3272727272727
13087,"2011-12-12",13002,609,21.3497536945813
13089,"2011-07-25",22552,1223,18.4399018806214
13089,"2011-08-01",18645,1038,17.9624277456647
13089,"2011-08-08",23101,1266,18.2472353870458
13089,"2011-08-15",18570,969,19.1640866873065
13089,"2011-08-22",24731,1073,23.0484622553588
13089,"2011-08-29",21336,1266,16.8530805687204
13089,"2011-09-05",23106,1237,18.6790622473727
13089,"2011-09-12",24153,1365,17.6945054945055
13089,"2011-09-19",24604,1182,20.8155668358714
13089,"2011-09-26",20466,853,23.9929660023447
13089,"2011-10-03",21493,853,25.1969519343494
13089,"2011-10-10",17804,887,20.0721533258174
13089,"2011-10-17",14388,649,22.1694915254237
13089,"2011-10-24",19486,1090,17.8770642201835
13089,"2011-10-31",17312,915,18.920218579235
13089,"2011-11-07",20642,1140,18.1070175438596
13089,"2011-11-14",18855,1073,17.5722273998136
13089,"2011-11-21",15283,853,17.9167643610785
13089,"2011-11-28",19038,940,20.2531914893617
13089,"2011-12-05",28358,1697,16.7106658809664
13089,"2011-12-12",32838,126,260.619047619048
13111,"2011-07-25",7546,912,8.27412280701754
13111,"2011-08-01",8577,970,8.84226804123711
13111,"2011-08-08",9168,979,9.36465781409602
13111,"2011-08-15",7793,865,9.0092485549133
13111,"2011-08-22",8709,1002,8.69161676646707
13111,"2011-08-29",8006,916,8.74017467248908
13111,"2011-09-05",9167,974,9.41170431211499
13111,"2011-09-12",8804,971,9.06694129763131
13111,"2011-09-19",8198,944,8.6843220338983
13111,"2011-09-26",9589,1016,9.43799212598425
13111,"2011-10-03",8572,987,8.68490374873354
13111,"2011-10-10",8243,964,8.55082987551867
13111,"2011-10-17",7713,875,8.81485714285714
13111,"2011-10-24",8655,971,8.913491246138
13111,"2011-10-31",7542,850,8.87294117647059
13111,"2011-11-07",9193,1015,9.05714285714286
13111,"2011-11-14",7776,922,8.43383947939262
13111,"2011-11-21",7261,895,8.11284916201117
13111,"2011-11-28",10338,1086,9.51933701657459
13111,"2011-12-05",10475,1116,9.38620071684588
13111,"2011-12-12",8349,1007,8.2909632571996
13117,"2011-07-25",15961,1205,13.245643153527
13117,"2011-08-01",11140,1237,9.00565885206144
13117,"2011-08-08",9382,814,11.5257985257985
13117,"2011-08-15",10938,1073,10.1938490214352
13117,"2011-08-22",14241,1120,12.7151785714286
13117,"2011-08-29",11905,1205,9.87966804979253
13117,"2011-09-05",11314,1054,10.7343453510436
13117,"2011-09-12",14865,1251,11.8824940047962
13117,"2011-09-19",11762,1120,10.5017857142857
13117,"2011-09-26",10969,1105,9.92669683257919
13117,"2011-10-03",11502,1140,10.0894736842105
13117,"2011-10-10",15077,1105,13.6443438914027
13117,"2011-10-17",8794,814,10.8034398034398
13117,"2011-10-24",13013,1014,12.8333333333333
13117,"2011-10-31",11596,1160,9.99655172413793
13117,"2011-11-07",12492,887,14.0834272829763
13117,"2011-11-14",12665,990,12.7929292929293
13117,"2011-11-21",11680,940,12.4255319148936
13117,"2011-11-28",12867,915,14.0622950819672
13117,"2011-12-05",23599,1697,13.9063052445492
13117,"2011-12-12",22019,1557,14.1419396274888
13118,"2011-07-25",9734,1514,6.42932628797886
13118,"2011-08-01",9864,1525,6.46819672131148
13118,"2011-08-08",8935,1387,6.44196106705119
13118,"2011-08-15",9367,1546,6.05886157826649
13118,"2011-08-22",9512,1455,6.53745704467354
13118,"2011-08-29",9869,1503,6.56620093147039
13118,"2011-09-05",9444,1468,6.43324250681199
13118,"2011-09-12",8960,1409,6.35911994322214
13118,"2011-09-19",10575,1503,7.03592814371257
13118,"2011-09-26",8316,1280,6.496875
13118,"2011-10-03",8800,1503,5.85495675316035
13118,"2011-10-10",8087,1305,6.19693486590038
13118,"2011-10-17",9047,1443,6.26957726957727
13118,"2011-10-24",9928,1633,6.0796080832823
13118,"2011-10-31",10231,1365,7.4952380952381
13118,"2011-11-07",10806,1546,6.98965071151358
13118,"2011-11-14",10602,1455,7.28659793814433
13118,"2011-11-21",10740,1468,7.31607629427793
13118,"2011-11-28",10157,1455,6.9807560137457
13118,"2011-12-05",11147,1468,7.5933242506812
13118,"2011-12-12",13053,1644,7.93978102189781
13147,"2011-07-25",10243,1579,6.48701709943002
13147,"2011-08-01",13559,1821,7.44590884129599
13147,"2011-08-08",18052,944,19.1228813559322
13147,"2011-08-15",21389,1040,20.5663461538462
13147,"2011-08-22",21078,1046,20.151051625239
13147,"2011-08-29",27676,1208,22.9105960264901
13147,"2011-09-05",20629,1049,19.6653956148713
13147,"2011-09-12",23631,1083,21.819944598338
13147,"2011-09-19",23937,1083,22.1024930747922
13147,"2011-09-26",22407,1097,20.4257064721969
13147,"2011-10-03",22272,1103,20.1922030825023
13147,"2011-10-10",22813,1051,21.7059942911513
13147,"2011-10-17",22835,1087,21.0073597056118
13147,"2011-10-24",25627,1204,21.2848837209302
13147,"2011-10-31",23134,1112,20.8039568345324
13147,"2011-11-07",23283,1091,21.3409715857012
13147,"2011-11-14",22638,1086,20.8453038674033
13147,"2011-11-21",22083,1093,20.2040256175663
13147,"2011-11-28",24248,1136,21.3450704225352
13147,"2011-12-05",25607,1169,21.9050470487596
13147,"2011-12-12",26509,1212,21.8721122112211
13150,"2011-07-25",9007,1266,7.11453396524487
13150,"2011-08-01",8708,1182,7.36717428087986
13150,"2011-08-08",9061,1376,6.58502906976744
13150,"2011-08-15",12061,1503,8.02461743180306
13150,"2011-08-22",10612,1316,8.06382978723404
13150,"2011-08-29",12068,1479,8.15956727518594
13150,"2011-09-05",9870,1251,7.88968824940048
13150,"2011-09-12",9544,1280,7.45625
13150,"2011-09-19",8210,1038,7.90944123314066
13150,"2011-09-26",8911,1305,6.82835249042146
13150,"2011-10-03",9338,1330,7.02105263157895
13150,"2011-10-10",10385,1420,7.31338028169014
13150,"2011-10-17",9726,1376,7.06831395348837
13150,"2011-10-24",11496,1492,7.70509383378016
13150,"2011-10-31",9381,1182,7.93654822335025
13150,"2011-11-07",8303,1182,7.02453468697124
13150,"2011-11-14",10004,1330,7.5218045112782
13150,"2011-11-21",9290,1237,7.51010509296685
13150,"2011-11-28",10793,1330,8.11503759398496
13150,"2011-12-05",11507,1365,8.43003663003663
13150,"2011-12-12",12693,1455,8.72371134020618
13173,"2011-07-25",27896,418,66.7368421052632
13173,"2011-08-01",37302,707,52.7609618104668
13173,"2011-08-08",31563,554,56.9729241877256
13173,"2011-08-15",29911,481,62.1850311850312
13173,"2011-08-22",35637,679,52.4845360824742
13173,"2011-08-29",40317,806,50.0210918114144
13173,"2011-09-05",40673,804,50.5883084577114
13173,"2011-09-12",41494,868,47.8041474654378
13173,"2011-09-19",35527,711,49.9676511954993
13173,"2011-09-26",38141,747,51.0589022757697
13173,"2011-10-03",37345,751,49.7270306258322
13173,"2011-10-10",35982,710,50.6788732394366
13173,"2011-10-17",32731,715,45.7776223776224
13173,"2011-10-24",28425,613,46.3703099510604
13173,"2011-10-31",22760,327,69.6024464831804
13173,"2011-11-07",16789,1723,9.74405107370865
13173,"2011-11-14",13693,1384,9.89378612716763
13173,"2011-11-21",13884,1129,12.2976085031001
13173,"2011-11-28",12290,1056,11.6382575757576
13173,"2011-12-05",17888,1286,13.9097978227061
13173,"2011-12-12",24477,1433,17.0809490579204
13201,"2011-07-25",2325,648,3.58796296296296
13201,"2011-08-01",4920,1181,4.16596104995766
13201,"2011-08-08",2425,648,3.74228395061728
13201,"2011-08-15",2437,989,2.46410515672396
13201,"2011-08-22",2390,2,1195
13201,"2011-08-29",3690,989,3.73104145601618
13201,"2011-09-05",2390,648,3.68827160493827
13201,"2011-09-12",0,1,0
13201,"2011-09-19",2460,2,1230
13201,"2011-09-26",4920,648,7.59259259259259
13201,"2011-10-03",2425,648,3.74228395061728
13201,"2011-10-10",2460,2,1230
13201,"2011-10-17",3690,989,3.73104145601618
13201,"2011-10-24",0,1,0
13201,"2011-10-31",4920,648,7.59259259259259
13201,"2011-11-07",0,1,0
13201,"2011-11-14",7380,989,7.46208291203236
13201,"2011-11-21",0,1,0
13201,"2011-11-28",0,1,0
13201,"2011-12-05",4920,648,7.59259259259259
13201,"2011-12-12",0,1,0
13210,"2011-07-25",14061,1069,13.1534144059869
13210,"2011-08-01",13644,1029,13.2594752186589
13210,"2011-08-08",13829,1042,13.2715930902111
13210,"2011-08-15",13831,1040,13.2990384615385
13210,"2011-08-22",13144,1025,12.8234146341463
13210,"2011-08-29",16742,1169,14.3216424294269
13210,"2011-09-05",15785,1230,12.8333333333333
13210,"2011-09-12",16498,1241,13.2941176470588
13210,"2011-09-19",14195,1159,12.2476272648835
13210,"2011-09-26",13540,1147,11.8047079337402
13210,"2011-10-03",14314,1216,11.7713815789474
13210,"2011-10-10",12496,1097,11.3910665451231
13210,"2011-10-17",14879,1216,12.2360197368421
13210,"2011-10-24",14931,1218,12.2586206896552
13210,"2011-10-31",16369,1254,13.0534290271132
13210,"2011-11-07",14436,1133,12.7413945278023
13210,"2011-11-14",15728,1208,13.0198675496689
13210,"2011-11-21",13375,1222,10.9451718494272
13210,"2011-11-28",14936,1248,11.9679487179487
13210,"2011-12-05",15797,1214,13.0123558484349
13210,"2011-12-12",18093,1286,14.0692068429238
13213,"2011-07-25",8193,296,27.6790540540541
13213,"2011-08-01",8868,491,18.061099796334
13213,"2011-08-08",8384,358,23.4189944134078
13213,"2011-08-15",9308,445,20.9168539325843
13213,"2011-08-22",8683,453,19.167770419426
13213,"2011-08-29",9066,604,15.0099337748344
13213,"2011-09-05",8506,385,22.0935064935065
13213,"2011-09-12",8597,440,19.5386363636364
13213,"2011-09-19",8023,358,22.4106145251397
13213,"2011-09-26",10146,654,15.5137614678899
13213,"2011-10-03",8585,502,17.101593625498
13213,"2011-10-10",8570,471,18.1953290870488
13213,"2011-10-17",7204,292,24.6712328767123
13213,"2011-10-24",8075,366,22.0628415300546
13213,"2011-10-31",8705,471,18.4819532908705
13213,"2011-11-07",8929,381,23.4356955380577
13213,"2011-11-14",9294,491,18.928716904277
13213,"2011-11-21",7625,480,15.8854166666667
13213,"2011-11-28",7543,403,18.7171215880893
13213,"2011-12-05",8532,409,20.8606356968215
13213,"2011-12-12",8245,459,17.962962962963
13217,"2011-07-25",14295,1117,12.7976723366159
13217,"2011-08-01",16188,1189,13.6148023549201
13217,"2011-08-08",16181,1194,13.5519262981575
13217,"2011-08-15",14724,1138,12.9384885764499
13217,"2011-08-22",15480,1114,13.8958707360862
13217,"2011-08-29",16250,1208,13.4519867549669
13217,"2011-09-05",15157,1126,13.4609236234458
13217,"2011-09-12",14005,1068,13.1132958801498
13217,"2011-09-19",15076,1100,13.7054545454545
13217,"2011-09-26",16537,1194,13.8500837520938
13217,"2011-10-03",16608,1153,14.4041630529055
13217,"2011-10-10",15483,1097,14.1139471285324
13217,"2011-10-17",15658,1161,13.4866494401378
13217,"2011-10-24",15509,1252,12.3873801916933
13217,"2011-10-31",13420,1153,11.6392020815265
13217,"2011-11-07",12700,1099,11.5559599636033
13217,"2011-11-14",13884,1087,12.7727690892364
13217,"2011-11-21",13328,1138,11.7117750439367
13217,"2011-11-28",17191,1276,13.4725705329154
13217,"2011-12-05",18881,1271,14.8552321007081
13217,"2011-12-12",18156,1226,14.8091353996737
13225,"2011-07-25",8673,520,16.6788461538462
13225,"2011-08-01",9441,520,18.1557692307692
13225,"2011-08-08",10355,530,19.5377358490566
13225,"2011-08-15",8291,508,16.3208661417323
13225,"2011-08-22",8629,480,17.9770833333333
13225,"2011-08-29",9704,703,13.8036984352774
13225,"2011-09-05",8722,513,17.0019493177388
13225,"2011-09-12",8058,471,17.1082802547771
13225,"2011-09-19",8676,508,17.0787401574803
13225,"2011-09-26",7616,403,18.8982630272953
13225,"2011-10-03",8332,366,22.7650273224044
13225,"2011-10-10",7595,251,30.2589641434263
13225,"2011-10-17",9528,550,17.3236363636364
13225,"2011-10-24",8929,459,19.4531590413943
13225,"2011-10-31",9838,496,19.8346774193548
13225,"2011-11-07",8844,330,26.8
13225,"2011-11-14",8267,317,26.0788643533123
13225,"2011-11-21",9208,409,22.5134474327628
13225,"2011-11-28",9219,366,25.1885245901639
13225,"2011-12-05",10039,615,16.3235772357724
13225,"2011-12-12",10612,550,19.2945454545455
13235,"2011-07-25",20192,1476,13.680216802168
13235,"2011-08-01",19527,1450,13.4668965517241
13235,"2011-08-08",18707,1395,13.4100358422939
13235,"2011-08-15",17994,1380,13.0391304347826
13235,"2011-08-22",17633,1402,12.577032810271
13235,"2011-08-29",21306,1472,14.4741847826087
13235,"2011-09-05",17630,1378,12.7939042089985
13235,"2011-09-12",17372,1339,12.9738610903659
13235,"2011-09-19",16303,1336,12.2028443113772
13235,"2011-09-26",17696,1349,13.1178650852483
13235,"2011-10-03",18101,1368,13.2317251461988
13235,"2011-10-10",16700,1278,13.0672926447574
13235,"2011-10-17",16538,1319,12.538286580743
13235,"2011-10-24",16239,1285,12.6373540856031
13235,"2011-10-31",16363,1324,12.3587613293051
13235,"2011-11-07",14436,1219,11.8424938474159
13235,"2011-11-14",14685,1267,11.5903709550118
13235,"2011-11-21",15846,1287,12.3123543123543
13235,"2011-11-28",15990,1302,12.2811059907834
13235,"2011-12-05",16357,1298,12.6016949152542
13235,"2011-12-12",18031,1367,13.1901975128018
13241,"2011-07-25",15406,900,17.1177777777778
13241,"2011-08-01",14453,870,16.6126436781609
13241,"2011-08-08",13779,875,15.7474285714286
13241,"2011-08-15",15051,875,17.2011428571429
13241,"2011-08-22",16743,922,18.1594360086768
13241,"2011-08-29",18439,1047,17.6112702960841
13241,"2011-09-05",13659,792,17.2462121212121
13241,"2011-09-12",13150,788,16.6878172588832
13241,"2011-09-19",11774,765,15.3908496732026
13241,"2011-09-26",13316,788,16.8984771573604
13241,"2011-10-03",14597,815,17.9104294478528
13241,"2011-10-10",14542,760,19.1342105263158
13241,"2011-10-17",14291,881,16.2213393870602
13241,"2011-10-24",13967,820,17.0329268292683
13241,"2011-10-31",15302,906,16.8896247240618
13241,"2011-11-07",13459,737,18.2618724559023
13241,"2011-11-14",15350,875,17.5428571428571
13241,"2011-11-21",13866,815,17.0134969325153
13241,"2011-11-28",16331,924,17.6742424242424
13241,"2011-12-05",15303,875,17.4891428571429
13241,"2011-12-12",13288,854,15.559718969555
