inst/sales/table1.csv
"product","date","revenue","units","price"
13243,"2011-07-25",28082,1379,20.3640319071791
13243,"2011-08-01",29679,1405,21.1238434163701
13243,"2011-08-08",26221,1343,19.524199553239
13243,"2011-08-15",26689,1349,19.7842846553002
13243,"2011-08-22",25004,1294,19.323029366306
13243,"2011-08-29",31887,1452,21.9607438016529
13243,"2011-09-05",28125,1364,20.6195014662757
13243,"2011-09-12",27816,1339,20.773711725168
13243,"2011-09-19",25862,1337,19.3433059087509
13243,"2011-09-26",28977,1390,20.8467625899281
13243,"2011-10-03",27423,1350,20.3133333333333
13243,"2011-10-10",25590,1281,19.9765807962529
13243,"2011-10-17",27338,1323,20.6636432350718
13243,"2011-10-24",26519,1308,20.2744648318043
13243,"2011-10-31",27819,1345,20.6832713754647
13243,"2011-11-07",26887,1322,20.3381240544629
13243,"2011-11-14",25678,1304,19.691717791411
13243,"2011-11-21",26217,1335,19.638202247191
13243,"2011-11-28",28109,1364,20.6077712609971
13243,"2011-12-05",26750,1344,19.9032738095238
13243,"2011-12-12",27915,1340,20.8320895522388
13244,"2011-07-25",11322,1056,10.7215909090909
13244,"2011-08-01",11796,1080,10.9222222222222
13244,"2011-08-08",10824,1044,10.367816091954
13244,"2011-08-15",11521,1051,10.9619410085633
13244,"2011-08-22",10142,1001,10.1318681318681
13244,"2011-08-29",12854,1122,11.4563279857398
13244,"2011-09-05",11566,1070,10.8093457943925
13244,"2011-09-12",10800,1042,10.3646833013436
13244,"2011-09-19",10309,976,10.5625
13244,"2011-09-26",11636,1056,11.0189393939394
13244,"2011-10-03",9646,944,10.2182203389831
13244,"2011-10-10",10896,1035,10.5275362318841
13244,"2011-10-17",10119,947,10.6853220696938
13244,"2011-10-24",10200,974,10.4722792607803
13244,"2011-10-31",9452,900,10.5022222222222
13244,"2011-11-07",9673,906,10.6766004415011
13244,"2011-11-14",9837,888,11.0777027027027
13244,"2011-11-21",10293,922,11.1637744034707
13244,"2011-11-28",12555,1081,11.6142460684551
13244,"2011-12-05",11498,1002,11.4750499001996
13244,"2011-12-12",11328,971,11.6663233779609
13259,"2011-07-25",18770,910,20.6263736263736
13259,"2011-08-01",18617,875,21.2765714285714
13259,"2011-08-08",18578,917,20.2595419847328
13259,"2011-08-15",19739,895,22.054748603352
13259,"2011-08-22",17489,815,21.4588957055215
13259,"2011-08-29",21717,1016,21.375
13259,"2011-09-05",19292,820,23.5268292682927
13259,"2011-09-12",19565,888,22.0326576576577
13259,"2011-09-19",17451,850,20.5305882352941
13259,"2011-09-26",18822,906,20.7748344370861
13259,"2011-10-03",17813,865,20.593063583815
13259,"2011-10-10",17010,678,25.0884955752212
13259,"2011-10-17",20460,947,21.6050686378036
13259,"2011-10-24",18364,780,23.5435897435897
13259,"2011-10-31",18827,863,21.8157589803013
13259,"2011-11-07",17801,765,23.2692810457516
13259,"2011-11-14",18733,772,24.2655440414508
13259,"2011-11-21",21106,832,25.3677884615385
13259,"2011-11-28",21233,839,25.3075089392133
13259,"2011-12-05",18784,800,23.48
13259,"2011-12-12",19553,910,21.4868131868132
13262,"2011-07-25",7560,196,38.5714285714286
13262,"2011-08-01",6984,98,71.265306122449
13262,"2011-08-08",7274,234,31.0854700854701
13262,"2011-08-15",6946,32,217.0625
13262,"2011-08-22",6988,98,71.3061224489796
13262,"2011-08-29",7593,190,39.9631578947368
13262,"2011-09-05",6911,126,54.8492063492063
13262,"2011-09-12",6726,63,106.761904761905
13262,"2011-09-19",6368,52,122.461538461538
13262,"2011-09-26",7388,32,230.875
13262,"2011-10-03",5118,1644,3.11313868613139
13262,"2011-10-10",7553,41,184.219512195122
13262,"2011-10-17",7404,1821,4.0658978583196
13262,"2011-10-24",7400,32,231.25
13262,"2011-10-31",7049,72,97.9027777777778
13262,"2011-11-07",6100,24,254.166666666667
13262,"2011-11-14",6973,1793,3.88901282766313
13262,"2011-11-21",6384,1633,3.90936925903246
13262,"2011-11-28",7404,90,82.2666666666667
13262,"2011-12-05",7356,98,75.0612244897959
13262,"2011-12-12",7020,212,33.1132075471698
13270,"2011-07-25",12387,1251,9.90167865707434
13270,"2011-08-01",10800,1251,8.63309352517986
13270,"2011-08-08",10458,1365,7.66153846153846
13270,"2011-08-15",11009,1330,8.27744360902256
13270,"2011-08-22",11243,1353,8.30968218773097
13270,"2011-08-29",10686,1455,7.34432989690722
13270,"2011-09-05",8147,969,8.40763673890609
13270,"2011-09-12",9008,1305,6.90268199233716
13270,"2011-09-19",11086,1503,7.37591483699268
13270,"2011-09-26",12144,1376,8.82558139534884
13270,"2011-10-03",8004,1182,6.77157360406091
13270,"2011-10-10",9358,1182,7.917089678511
13270,"2011-10-17",8593,1038,8.27842003853565
13270,"2011-10-24",8026,915,8.77158469945355
13270,"2011-10-31",8494,915,9.28306010928962
13270,"2011-11-07",7739,887,8.72491544532131
13270,"2011-11-14",9817,1054,9.31404174573055
13270,"2011-11-21",6808,180,37.8222222222222
13270,"2011-11-28",7242,305,23.744262295082
13270,"2011-12-05",8882,305,29.1213114754098
13270,"2011-12-12",10184,1766,5.76670441676104
13273,"2011-07-25",10009,1068,9.37172284644195
13273,"2011-08-01",13237,1204,10.9941860465116
13273,"2011-08-08",11492,1102,10.4283121597096
13273,"2011-08-15",13463,1271,10.5924468922109
13273,"2011-08-22",14196,1302,10.9032258064516
13273,"2011-08-29",12788,1271,10.0613690007868
13273,"2011-09-05",15432,1248,12.3653846153846
13273,"2011-09-12",11602,1049,11.0600571973308
13273,"2011-09-19",14931,1318,11.3285280728376
13273,"2011-09-26",13699,1250,10.9592
13273,"2011-10-03",13553,1148,11.8057491289199
13273,"2011-10-10",12114,1080,11.2166666666667
13273,"2011-10-17",13575,1150,11.804347826087
13273,"2011-10-24",13613,1175,11.5855319148936
13273,"2011-10-31",12059,1111,10.8541854185419
13273,"2011-11-07",12613,1117,11.2918531781558
13273,"2011-11-14",9801,931,10.5273899033298
13273,"2011-11-21",13386,1138,11.7627416520211
13273,"2011-11-28",11135,1002,11.1127744510978
13273,"2011-12-05",12112,1114,10.8725314183124
13273,"2011-12-12",10026,841,11.9215219976219
13288,"2011-07-25",16256,1736,9.36405529953917
13288,"2011-08-01",14011,1717,8.16016307513104
13288,"2011-08-08",11543,1536,7.51497395833333
13288,"2011-08-15",13091,1644,7.96289537712895
13288,"2011-08-22",11733,1455,8.0639175257732
13288,"2011-08-29",13564,1622,8.36251541307028
13288,"2011-09-05",12099,1443,8.38461538461539
13288,"2011-09-12",11088,1376,8.05813953488372
13288,"2011-09-19",12802,1492,8.58042895442359
13288,"2011-09-26",11548,1266,9.1216429699842
13288,"2011-10-03",11088,1492,7.43163538873995
13288,"2011-10-10",8846,1251,7.07114308553157
13288,"2011-10-17",13389,1589,8.42605412208936
13288,"2011-10-24",11692,1443,8.1025641025641
13288,"2011-10-31",12407,1420,8.73732394366197
13288,"2011-11-07",12638,1365,9.25860805860806
13288,"2011-11-14",11170,1353,8.25572801182557
13288,"2011-11-21",12927,1341,9.63982102908277
13288,"2011-11-28",23912,160,149.45
13288,"2011-12-05",18031,1801,10.011660188784
13288,"2011-12-12",27164,381,71.2965879265092
13290,"2011-07-25",15517,678,22.8864306784661
13290,"2011-08-01",15593,604,25.8162251655629
13290,"2011-08-08",12120,385,31.4805194805195
13290,"2011-08-15",11398,322,35.3975155279503
13290,"2011-08-22",10999,230,47.8217391304348
13290,"2011-08-29",12943,431,30.030162412993
13290,"2011-09-05",11858,267,44.4119850187266
13290,"2011-09-12",11960,366,32.6775956284153
13290,"2011-09-19",11965,306,39.1013071895425
13290,"2011-09-26",13686,416,32.8990384615385
13290,"2011-10-03",11394,285,39.9789473684211
13290,"2011-10-10",9560,90,106.222222222222
13290,"2011-10-17",11986,292,41.0479452054795
13290,"2011-10-24",10954,299,36.6354515050167
13290,"2011-10-31",12405,299,41.4882943143813
13290,"2011-11-07",10466,150,69.7733333333333
13290,"2011-11-14",10794,160,67.4625
13290,"2011-11-21",9604,135,71.1407407407407
13290,"2011-11-28",15792,513,30.7836257309942
13290,"2011-12-05",15333,634,24.1845425867508
13290,"2011-12-12",31267,1179,26.5199321458863
13294,"2011-07-25",17848,556,32.1007194244604
13294,"2011-08-01",14233,572,24.8828671328671
13294,"2011-08-08",18939,654,28.9587155963303
13294,"2011-08-15",15828,496,31.9112903225806
13294,"2011-08-22",18041,491,36.7433808553971
13294,"2011-08-29",19644,703,27.9431009957326
13294,"2011-09-05",13625,337,40.4302670623145
13294,"2011-09-12",15071,403,37.3970223325062
13294,"2011-09-19",17754,545,32.5761467889908
13294,"2011-09-26",17547,657,26.7077625570776
13294,"2011-10-03",17431,687,25.372634643377
13294,"2011-10-10",17292,582,29.7113402061856
13294,"2011-10-17",13866,409,33.9022004889976
13294,"2011-10-24",18438,634,29.0820189274448
13294,"2011-10-31",17233,630,27.3539682539683
13294,"2011-11-07",19394,662,29.2960725075529
13294,"2011-11-14",23496,865,27.1630057803468
13294,"2011-11-21",16743,556,30.113309352518
13294,"2011-11-28",21835,893,24.451287793953
13294,"2011-12-05",20671,828,24.9649758454106
13294,"2011-12-12",38057,1263,30.132224861441
13296,"2011-07-25",12076,630,19.168253968254
13296,"2011-08-01",10602,366,28.9672131147541
13296,"2011-08-08",9470,135,70.1481481481482
13296,"2011-08-15",10071,108,93.25
13296,"2011-08-22",7325,1845,3.97018970189702
13296,"2011-08-29",9561,160,59.75625
13296,"2011-09-05",9511,243,39.1399176954733
13296,"2011-09-12",8916,90,99.0666666666667
13296,"2011-09-19",9600,160,60
13296,"2011-09-26",8783,143,61.4195804195804
13296,"2011-10-03",9198,243,37.8518518518519
13296,"2011-10-10",7869,1784,4.41087443946188
13296,"2011-10-17",8279,1837,4.50680457267284
13296,"2011-10-24",7945,1767,4.49632144878325
13296,"2011-10-31",11646,416,27.9951923076923
13296,"2011-11-07",9280,1811,5.12424075096632
13296,"2011-11-14",11363,126,90.1825396825397
13296,"2011-11-21",11010,225,48.9333333333333
13296,"2011-11-28",9860,150,65.7333333333333
13296,"2011-12-05",15291,678,22.5530973451327
13296,"2011-12-12",14130,556,25.4136690647482
13298,"2011-07-25",81528,933,87.3826366559486
13298,"2011-08-01",78697,961,81.8907388137357
13298,"2011-08-08",76598,934,82.0107066381156
13298,"2011-08-15",78839,864,91.2488425925926
13298,"2011-08-22",62346,633,98.4928909952607
13298,"2011-08-29",84899,908,93.5011013215859
13298,"2011-09-05",67425,718,93.9066852367688
13298,"2011-09-12",73820,771,95.745784695201
13298,"2011-09-19",76734,799,96.0375469336671
13298,"2011-09-26",84700,884,95.814479638009
13298,"2011-10-03",79891,821,97.3093788063337
13298,"2011-10-10",73329,779,94.1322207958922
13298,"2011-10-17",81039,891,90.952861952862
13298,"2011-10-24",76123,849,89.6619552414605
13298,"2011-10-31",73755,809,91.168108776267
13298,"2011-11-07",81429,867,93.9204152249135
13298,"2011-11-14",77796,823,94.5273390036452
13298,"2011-11-21",78811,816,96.5821078431373
13298,"2011-11-28",83950,1031,81.4258001939864
13298,"2011-12-05",82148,1088,75.5036764705882
13298,"2011-12-12",97108,1192,81.4664429530201
13300,"2011-07-25",5561,1443,3.85377685377685
13300,"2011-08-01",5504,1600,3.44
13300,"2011-08-08",6207,1755,3.53675213675214
13300,"2011-08-15",6420,1707,3.7609841827768
13300,"2011-08-22",7484,1828,4.09409190371991
13300,"2011-08-29",6805,1845,3.68834688346883
13300,"2011-09-05",6807,1666,4.08583433373349
13300,"2011-09-12",6308,1644,3.83698296836983
13300,"2011-09-19",6401,1801,3.5541365907829
13300,"2011-09-26",5891,1707,3.45108377270064
13300,"2011-10-03",5821,1622,3.58877928483354
13300,"2011-10-10",6272,1557,4.02825947334618
13300,"2011-10-17",6774,1503,4.50698602794411
13300,"2011-10-24",6808,1793,3.79698828778583
13300,"2011-10-31",5876,1666,3.52701080432173
13300,"2011-11-07",5637,1589,3.54751415984896
13300,"2011-11-14",6675,1557,4.28709055876686
13300,"2011-11-21",6624,1793,3.69436698271054
13300,"2011-11-28",7056,1845,3.82439024390244
13300,"2011-12-05",6394,1525,4.1927868852459
13300,"2011-12-12",6321,1568,4.03125
13301,"2011-07-25",11534,373,30.9222520107239
13301,"2011-08-01",10800,403,26.7990074441687
13301,"2011-08-08",10902,416,26.2067307692308
13301,"2011-08-15",7878,143,55.0909090909091
13301,"2011-08-22",11125,299,37.2073578595318
13301,"2011-08-29",11378,369,30.8346883468835
13301,"2011-09-05",10652,330,32.2787878787879
13301,"2011-09-12",9470,243,38.9711934156379
13301,"2011-09-19",8036,81,99.2098765432099
13301,"2011-09-26",10026,220,45.5727272727273
13301,"2011-10-03",8514,160,53.2125
13301,"2011-10-10",9752,220,44.3272727272727
13301,"2011-10-17",10463,196,53.3826530612245
13301,"2011-10-24",9709,135,71.9185185185185
13301,"2011-10-31",9700,259,37.4517374517375
13301,"2011-11-07",9811,13,754.692307692308
13301,"2011-11-14",9908,190,52.1473684210526
13301,"2011-11-21",10692,135,79.2
13301,"2011-11-28",11156,337,33.1038575667656
13301,"2011-12-05",14345,508,28.238188976378
13301,"2011-12-12",20349,1044,19.4913793103448
13302,"2011-07-25",7995,1755,4.55555555555556
13302,"2011-08-01",8866,1774,4.99774520856821
13302,"2011-08-08",7677,1755,4.37435897435897
13302,"2011-08-15",8699,1707,5.09607498535442
13302,"2011-08-22",6748,1546,4.36481241914618
13302,"2011-08-29",8684,1845,4.70677506775068
13302,"2011-09-05",7808,1707,4.57410661980082
13302,"2011-09-12",9246,1793,5.15672058003346
13302,"2011-09-19",8066,1557,5.18047527296082
13302,"2011-09-26",8629,1687,5.11499703615886
13302,"2011-10-03",7251,1725,4.20347826086957
13302,"2011-10-10",7512,1655,4.53897280966767
13302,"2011-10-17",8113,1687,4.80912863070539
13302,"2011-10-24",8706,1811,4.80728879072336
13302,"2011-10-31",7007,1546,4.53234152652005
13302,"2011-11-07",8323,1557,5.34553628773282
13302,"2011-11-14",7993,1633,4.8946723821188
13302,"2011-11-21",8204,1546,5.30659767141009
13302,"2011-11-28",7477,1717,4.35468841001747
13302,"2011-12-05",10621,63,168.587301587302
13302,"2011-12-12",12782,126,101.444444444444
13304,"2011-07-25",32675,1484,22.0181940700809
13304,"2011-08-01",37730,1610,23.4347826086957
13304,"2011-08-08",29699,1425,20.8414035087719
13304,"2011-08-15",34802,1552,22.4239690721649
13304,"2011-08-22",27353,1438,19.0215577190542
13304,"2011-08-29",34556,1531,22.5708687132593
13304,"2011-09-05",33668,1504,22.3856382978723
13304,"2011-09-12",32623,1486,21.9535666218035
13304,"2011-09-19",32369,1473,21.9748811948405
13304,"2011-09-26",32824,1515,21.6660066006601
13304,"2011-10-03",36809,1547,23.7937944408533
13304,"2011-10-10",33058,1499,22.0533689126084
13304,"2011-10-17",37186,1610,23.0968944099379
13304,"2011-10-24",34359,1619,21.2223594811612
13304,"2011-10-31",31352,1538,20.3849154746424
13304,"2011-11-07",35797,1605,22.3034267912773
13304,"2011-11-14",36137,1595,22.6564263322884
13304,"2011-11-21",35241,1597,22.0670006261741
13304,"2011-11-28",35804,1652,21.6731234866828
13304,"2011-12-05",35206,1612,21.8399503722084
13304,"2011-12-12",32184,1553,20.7237604636188
13305,"2011-07-25",45597,1601,28.4803247970019
13305,"2011-08-01",44923,1555,28.8893890675241
13305,"2011-08-08",44448,1545,28.768932038835
13305,"2011-08-15",41822,1482,28.2199730094467
13305,"2011-08-22",29231,1262,23.162440570523
13305,"2011-08-29",38087,1428,26.671568627451
13305,"2011-09-05",36476,1435,25.4188153310105
13305,"2011-09-12",32660,1379,23.6838288614938
13305,"2011-09-19",32939,1374,23.9730713245997
13305,"2011-09-26",36909,1415,26.0840989399293
13305,"2011-10-03",39594,1529,25.895356442119
13305,"2011-10-10",37857,1476,25.6483739837398
13305,"2011-10-17",36759,1404,26.1816239316239
13305,"2011-10-24",34841,1399,24.9042172980701
13305,"2011-10-31",40680,1474,27.5983717774763
13305,"2011-11-07",48588,1520,31.9657894736842
13305,"2011-11-14",50348,1553,32.4198325820992
13305,"2011-11-21",43838,1520,28.8407894736842
13305,"2011-11-28",43716,1486,29.4185733512786
13305,"2011-12-05",40264,1426,28.2356241234222
13305,"2011-12-12",42425,1496,28.3589572192513
13309,"2011-07-25",11422,1067,10.7047797563261
13309,"2011-08-01",12954,1114,11.6283662477558
13309,"2011-08-08",12582,1102,11.4174228675136
13309,"2011-08-15",12685,1102,11.510889292196
13309,"2011-08-22",11402,991,11.5055499495459
13309,"2011-08-29",15651,1273,12.2945797329144
13309,"2011-09-05",13014,1108,11.7454873646209
13309,"2011-09-12",11459,1005,11.4019900497512
13309,"2011-09-19",10987,979,11.2226762002043
13309,"2011-09-26",14400,1133,12.7096204766108
13309,"2011-10-03",13127,1066,12.3142589118199
13309,"2011-10-10",10818,1021,10.5954946131244
13309,"2011-10-17",13649,1130,12.0787610619469
13309,"2011-10-24",13211,1117,11.8272157564906
13309,"2011-10-31",12719,1045,12.1712918660287
13309,"2011-11-07",11331,999,11.3423423423423
13309,"2011-11-14",13748,1085,12.6709677419355
13309,"2011-11-21",12566,1040,12.0826923076923
13309,"2011-11-28",15142,1154,13.1213171577123
13309,"2011-12-05",13307,1056,12.6013257575758
13309,"2011-12-12",15903,1055,15.0739336492891
13311,"2011-07-25",12371,1022,12.1046966731898
13311,"2011-08-01",11056,988,11.1902834008097
13311,"2011-08-08",11736,986,11.9026369168357
13311,"2011-08-15",11814,991,11.9212916246216
13311,"2011-08-22",10408,931,11.1793770139635
13311,"2011-08-29",13706,1178,11.634974533107
13311,"2011-09-05",12123,1040,11.6567307692308
13311,"2011-09-12",10714,941,11.3857598299681
13311,"2011-09-19",12006,1046,11.4780114722753
13311,"2011-09-26",11841,1025,11.5521951219512
13311,"2011-10-03",13822,1147,12.050566695728
13311,"2011-10-10",10071,922,10.9229934924078
13311,"2011-10-17",11439,1029,11.1166180758017
13311,"2011-10-24",10685,927,11.5264293419633
13311,"2011-10-31",10607,964,11.003112033195
13311,"2011-11-07",10421,865,12.0473988439306
13311,"2011-11-14",12773,986,12.9543610547667
13311,"2011-11-21",11696,895,13.068156424581
13311,"2011-11-28",13432,1047,12.829035339064
13311,"2011-12-05",10521,870,12.0931034482759
13311,"2011-12-12",10910,910,11.989010989011
