inst/sales/table1.csv
"product","date","revenue","units","price"
13313,"2011-07-25",10338,863,11.9791425260718
13313,"2011-08-01",10259,883,11.6183465458664
13313,"2011-08-08",9156,836,10.9521531100478
13313,"2011-08-15",10595,917,11.5539803707743
13313,"2011-08-22",9481,800,11.85125
13313,"2011-08-29",13487,1051,12.8325404376784
13313,"2011-09-05",8797,694,12.6757925072046
13313,"2011-09-12",9741,795,12.2528301886792
13313,"2011-09-19",9901,800,12.37625
13313,"2011-09-26",9622,824,11.6771844660194
13313,"2011-10-03",10687,920,11.6163043478261
13313,"2011-10-10",8846,767,11.5332464146023
13313,"2011-10-17",10403,917,11.3446019629226
13313,"2011-10-24",9616,865,11.1167630057803
13313,"2011-10-31",9614,841,11.4316290130797
13313,"2011-11-07",9135,745,12.261744966443
13313,"2011-11-14",9763,713,13.6928471248247
13313,"2011-11-21",10493,820,12.7963414634146
13313,"2011-11-28",10646,845,12.5988165680473
13313,"2011-12-05",10716,863,12.4171494785632
13313,"2011-12-12",8475,672,12.6116071428571
13314,"2011-07-25",24665,997,24.7392176529589
13314,"2011-08-01",26914,971,27.7178166838311
13314,"2011-08-08",26717,1010,26.4524752475248
13314,"2011-08-15",24735,932,26.5396995708155
13314,"2011-08-22",24751,893,27.7166853303471
13314,"2011-08-29",26938,951,28.3259726603575
13314,"2011-09-05",23303,860,27.096511627907
13314,"2011-09-12",23984,904,26.5309734513274
13314,"2011-09-19",22579,836,27.0083732057416
13314,"2011-09-26",27384,1005,27.2477611940299
13314,"2011-10-03",24991,927,26.9590075512406
13314,"2011-10-10",25390,881,28.8195232690125
13314,"2011-10-17",24350,947,25.7127771911299
13314,"2011-10-24",27080,971,27.8887744593203
13314,"2011-10-31",30744,1046,29.3919694072658
13314,"2011-11-07",25765,912,28.2510964912281
13314,"2011-11-14",32906,1086,30.3001841620626
13314,"2011-11-21",22825,820,27.8353658536585
13314,"2011-11-28",25320,863,29.3395133256083
13314,"2011-12-05",28189,970,29.060824742268
13314,"2011-12-12",32056,979,32.7436159346272
13315,"2011-07-25",55176,460,119.947826086957
13315,"2011-08-01",52833,500,105.666
13315,"2011-08-08",53902,533,101.129455909944
13315,"2011-08-15",56496,444,127.243243243243
13315,"2011-08-22",36471,23,1585.69565217391
13315,"2011-08-29",42214,188,224.542553191489
13315,"2011-09-05",34954,8,4369.25
13315,"2011-09-12",39525,128,308.7890625
13315,"2011-09-19",49840,294,169.52380952381
13315,"2011-09-26",51621,364,141.815934065934
13315,"2011-10-03",58489,478,122.361924686192
13315,"2011-10-10",45549,274,166.237226277372
13315,"2011-10-17",50446,346,145.797687861272
13315,"2011-10-24",50373,345,146.008695652174
13315,"2011-10-31",49030,354,138.502824858757
13315,"2011-11-07",50522,349,144.76217765043
13315,"2011-11-14",51687,349,148.100286532951
13315,"2011-11-21",51801,339,152.805309734513
13315,"2011-11-28",50657,351,144.321937321937
13315,"2011-12-05",47802,323,147.993808049536
13315,"2011-12-12",55868,412,135.601941747573
13320,"2011-07-25",18717,951,19.6813880126183
13320,"2011-08-01",19388,1001,19.3686313686314
13320,"2011-08-08",20487,1016,20.1643700787402
13320,"2011-08-15",19089,1019,18.7330716388616
13320,"2011-08-22",19372,1001,19.3526473526474
13320,"2011-08-29",22044,1069,20.621141253508
13320,"2011-09-05",19112,979,19.5219611848825
13320,"2011-09-12",19629,1005,19.5313432835821
13320,"2011-09-19",16965,810,20.9444444444444
13320,"2011-09-26",18175,870,20.8908045977011
13320,"2011-10-03",20276,941,21.5472901168969
13320,"2011-10-10",22795,1046,21.7925430210325
13320,"2011-10-17",18352,863,21.2653534183082
13320,"2011-10-24",20143,995,20.2442211055276
13320,"2011-10-31",19183,895,21.4335195530726
13320,"2011-11-07",21888,999,21.9099099099099
13320,"2011-11-14",19121,931,20.5381310418904
13320,"2011-11-21",17711,845,20.9597633136095
13320,"2011-11-28",21692,995,21.8010050251256
13320,"2011-12-05",22540,1102,20.453720508167
13320,"2011-12-12",27900,1208,23.0960264900662
13323,"2011-07-25",5600,2,2800
13323,"2011-08-01",0,1,0
13323,"2011-08-08",0,1,0
13323,"2011-08-15",0,1,0
13323,"2011-08-22",0,1,0
13323,"2011-08-29",0,1,0
13323,"2011-09-05",0,1,0
13323,"2011-09-12",0,1,0
13323,"2011-09-19",0,1,0
13323,"2011-09-26",5600,2,2800
13323,"2011-10-03",0,1,0
13323,"2011-10-10",0,1,0
13323,"2011-10-17",10047,940,10.6882978723404
13323,"2011-10-24",14296,1767,8.09054895302773
13323,"2011-10-31",16541,340,48.65
13323,"2011-11-07",18024,480,37.55
13323,"2011-11-14",27515,964,28.542531120332
13323,"2011-11-21",22661,875,25.8982857142857
13323,"2011-11-28",38112,1306,29.1822358346095
13323,"2011-12-05",56608,1593,35.5354676710609
13323,"2011-12-12",63069,1799,35.0578098943858
13325,"2011-07-25",9660,2,4830
13325,"2011-08-01",0,1,0
13325,"2011-08-08",0,1,0
13325,"2011-08-15",19320,648,29.8148148148148
13325,"2011-08-22",0,1,0
13325,"2011-08-29",0,1,0
13325,"2011-09-05",0,1,0
13325,"2011-09-12",0,1,0
13325,"2011-09-19",0,1,0
13325,"2011-09-26",0,1,0
13325,"2011-10-03",0,1,0
13325,"2011-10-10",0,1,0
13325,"2011-10-17",0,1,0
13325,"2011-10-24",0,1,0
13325,"2011-10-31",0,1,0
13325,"2011-11-07",32860,1468,22.3841961852861
13325,"2011-11-14",27342,1579,17.31602279924
13325,"2011-11-21",44933,169,265.87573964497
13325,"2011-11-28",49025,299,163.963210702341
13325,"2011-12-05",68564,865,79.2647398843931
13325,"2011-12-12",79629,1049,75.9094375595806
13326,"2011-07-25",30530,854,35.7494145199063
13326,"2011-08-01",25562,703,36.3613086770982
13326,"2011-08-08",34136,997,34.2387161484453
13326,"2011-08-15",33476,953,35.1269674711438
13326,"2011-08-22",33854,970,34.9010309278351
13326,"2011-08-29",38333,1093,35.071363220494
13326,"2011-09-05",29874,913,32.7207009857612
13326,"2011-09-12",26508,772,34.3367875647668
13326,"2011-09-19",30952,810,38.2123456790123
13326,"2011-09-26",28520,910,31.3406593406593
13326,"2011-10-03",32432,931,34.8356605800215
13326,"2011-10-10",29259,883,33.1359003397508
13326,"2011-10-17",28990,810,35.7901234567901
13326,"2011-10-24",25416,792,32.0909090909091
13326,"2011-10-31",37170,1032,36.0174418604651
13326,"2011-11-07",31870,875,36.4228571428571
13326,"2011-11-14",33342,936,35.6217948717949
13326,"2011-11-21",28361,760,37.3171052631579
13326,"2011-11-28",34767,1022,34.0185909980431
13326,"2011-12-05",42303,1117,37.8719785138765
13326,"2011-12-12",40355,1130,35.712389380531
13331,"2011-07-25",10214,1366,7.47730600292826
13331,"2011-08-01",11220,1406,7.9800853485064
13331,"2011-08-08",10387,1385,7.49963898916968
13331,"2011-08-15",11530,1439,8.01250868658791
13331,"2011-08-22",10151,1379,7.36113125453227
13331,"2011-08-29",11185,1381,8.09920347574222
13331,"2011-09-05",9330,1230,7.58536585365854
13331,"2011-09-12",8034,1063,7.55785512699906
13331,"2011-09-19",6394,865,7.39190751445087
13331,"2011-09-26",5263,520,10.1211538461538
13331,"2011-10-03",5576,459,12.1481481481481
13331,"2011-10-10",4562,322,14.167701863354
13331,"2011-10-17",4391,174,25.235632183908
13331,"2011-10-24",4234,52,81.4230769230769
13331,"2011-10-31",5130,72,71.25
13331,"2011-11-07",5529,311,17.7781350482315
13331,"2011-11-14",5470,72,75.9722222222222
13331,"2011-11-21",5284,72,73.3888888888889
13331,"2011-11-28",8023,352,22.7926136363636
13331,"2011-12-05",9874,1049,9.41277407054337
13331,"2011-12-12",28971,127,228.11811023622
13332,"2011-07-25",22945,904,25.3816371681416
13332,"2011-08-01",25395,979,25.9397344228805
13332,"2011-08-08",22399,906,24.7229580573951
13332,"2011-08-15",23924,924,25.8917748917749
13332,"2011-08-22",24345,913,26.6648411829135
13332,"2011-08-29",29012,1078,26.9128014842301
13332,"2011-09-05",26523,1010,26.260396039604
13332,"2011-09-12",27000,1039,25.9865255052936
13332,"2011-09-19",24008,932,25.7596566523605
13332,"2011-09-26",27459,1016,27.0265748031496
13332,"2011-10-03",25757,1005,25.628855721393
13332,"2011-10-10",21604,845,25.5668639053254
13332,"2011-10-17",24001,912,26.3168859649123
13332,"2011-10-24",25654,1015,25.2748768472906
13332,"2011-10-31",25370,995,25.4974874371859
13332,"2011-11-07",28749,1019,28.2129538763494
13332,"2011-11-14",28004,999,28.032032032032
13332,"2011-11-21",32538,1092,29.7967032967033
13332,"2011-11-28",43060,1363,31.5920763022744
13332,"2011-12-05",49951,1435,34.8090592334495
13332,"2011-12-12",64537,1641,39.3278488726386
13334,"2011-07-25",0,1,0
13334,"2011-08-01",0,1,0
13334,"2011-08-08",0,1,0
13334,"2011-08-15",0,1,0
13334,"2011-08-22",0,1,0
13334,"2011-08-29",4880,2,2440
13334,"2011-09-05",0,1,0
13334,"2011-09-12",4880,2,2440
13334,"2011-09-19",4880,2,2440
13334,"2011-09-26",0,1,0
13334,"2011-10-03",11678,915,12.7628415300546
13334,"2011-10-10",19686,556,35.4064748201439
13334,"2011-10-17",19631,604,32.5016556291391
13334,"2011-10-24",14049,251,55.9721115537849
13334,"2011-10-31",13978,358,39.0446927374302
13334,"2011-11-07",22106,944,23.4173728813559
13334,"2011-11-14",36599,1421,25.7558057705841
13334,"2011-11-21",41347,1544,26.7791450777202
13334,"2011-11-28",62292,1851,33.6531604538088
13334,"2011-12-05",98556,524,188.083969465649
13334,"2011-12-12",126221,768,164.350260416667
13336,"2011-07-25",9320,648,14.3827160493827
13336,"2011-08-01",9805,648,15.1311728395062
13336,"2011-08-08",9777,989,9.88574317492417
13336,"2011-08-15",10530,2,5265
13336,"2011-08-22",15532,989,15.7047522750253
13336,"2011-08-29",9725,648,15.0077160493827
13336,"2011-09-05",10530,2,5265
13336,"2011-09-12",0,1,0
13336,"2011-09-19",31590,989,31.9413549039434
13336,"2011-09-26",10530,2,5265
13336,"2011-10-03",8735,648,13.4799382716049
13336,"2011-10-10",9363,989,9.46713852376138
13336,"2011-10-17",16543,1556,10.6317480719794
13336,"2011-10-24",15441,250,61.764
13336,"2011-10-31",24232,1014,23.8974358974359
13336,"2011-11-07",35707,311,114.813504823151
13336,"2011-11-14",37104,508,73.0393700787402
13336,"2011-11-21",37039,572,64.7534965034965
13336,"2011-11-28",73222,1150,63.6713043478261
13336,"2011-12-05",98090,1516,64.7031662269129
13336,"2011-12-12",121511,1681,72.2849494348602
13337,"2011-07-25",7710,989,7.79575328614762
13337,"2011-08-01",8297,1329,6.24303987960873
13337,"2011-08-08",16103,3,5367.66666666667
13337,"2011-08-15",5015,648,7.7391975308642
13337,"2011-08-22",9905,1181,8.38696020321761
13337,"2011-08-29",0,1,0
13337,"2011-09-05",5030,1181,4.25910245554615
13337,"2011-09-12",6643,1181,5.62489415749365
13337,"2011-09-19",10280,648,15.8641975308642
13337,"2011-09-26",5045,648,7.78549382716049
13337,"2011-10-03",17615,1556,11.3206940874036
13337,"2011-10-10",27985,97,288.505154639175
13337,"2011-10-17",8058,597,13.4974874371859
13337,"2011-10-24",8804,1054,8.35294117647059
13337,"2011-10-31",13475,90,149.722222222222
13337,"2011-11-07",32290,1230,26.2520325203252
13337,"2011-11-14",53072,1694,31.3293978748524
13337,"2011-11-21",65819,1852,35.5394168466523
13337,"2011-11-28",114138,499,228.733466933868
13337,"2011-12-05",167902,983,170.805696846389
13337,"2011-12-12",230952,1188,194.40404040404
13344,"2011-07-25",27583,860,32.0732558139535
13344,"2011-08-01",25942,745,34.8214765100671
13344,"2011-08-08",29407,881,33.3791146424518
13344,"2011-08-15",30697,960,31.9760416666667
13344,"2011-08-22",31225,941,33.182784272051
13344,"2011-08-29",26973,815,33.0957055214724
13344,"2011-09-05",31588,912,34.6359649122807
13344,"2011-09-12",23810,604,39.4205298013245
13344,"2011-09-19",20863,435,47.9609195402299
13344,"2011-09-26",25618,657,38.9923896499239
13344,"2011-10-03",26593,754,35.2692307692308
13344,"2011-10-10",28405,741,38.3333333333333
13344,"2011-10-17",24346,556,43.7877697841727
13344,"2011-10-24",25047,778,32.194087403599
13344,"2011-10-31",29394,900,32.66
13344,"2011-11-07",32962,912,36.1425438596491
13344,"2011-11-14",24460,708,34.5480225988701
13344,"2011-11-21",31240,883,35.3793884484711
13344,"2011-11-28",33625,875,38.4285714285714
13344,"2011-12-05",32217,854,37.7248243559719
13344,"2011-12-12",38266,1092,35.0421245421245
13349,"2011-07-25",9076,626,14.4984025559105
13349,"2011-08-01",9727,749,12.9866488651535
13349,"2011-08-08",7810,453,17.2406181015453
13349,"2011-08-15",9575,513,18.6647173489279
13349,"2011-08-22",8112,440,18.4363636363636
13349,"2011-08-29",11954,678,17.6312684365782
13349,"2011-09-05",10791,657,16.4246575342466
13349,"2011-09-12",9853,582,16.9295532646048
13349,"2011-09-19",7172,459,15.6252723311547
13349,"2011-09-26",7782,471,16.5222929936306
13349,"2011-10-03",10129,694,14.5951008645533
13349,"2011-10-10",9038,491,18.4073319755601
13349,"2011-10-17",8599,330,26.0575757575758
13349,"2011-10-24",8566,435,19.6919540229885
13349,"2011-10-31",8659,564,15.3528368794326
13349,"2011-11-07",7344,366,20.0655737704918
13349,"2011-11-14",6116,196,31.2040816326531
13349,"2011-11-21",8097,424,19.0966981132075
13349,"2011-11-28",10928,749,14.5901201602136
13349,"2011-12-05",10505,737,14.2537313432836
13349,"2011-12-12",9169,604,15.1804635761589
13359,"2011-07-25",13772,657,20.9619482496195
13359,"2011-08-01",15334,775,19.7858064516129
13359,"2011-08-08",13200,621,21.256038647343
13359,"2011-08-15",15686,792,19.8055555555556
13359,"2011-08-22",15465,772,20.0323834196891
13359,"2011-08-29",17392,881,19.7412031782066
13359,"2011-09-05",12913,540,23.912962962963
13359,"2011-09-12",13447,672,20.0104166666667
13359,"2011-09-19",12404,589,21.0594227504244
13359,"2011-09-26",13120,491,26.7209775967413
13359,"2011-10-03",15433,732,21.0833333333333
13359,"2011-10-10",15024,703,21.371266002845
13359,"2011-10-17",13306,577,23.0606585788562
13359,"2011-10-24",12786,491,26.040733197556
13359,"2011-10-31",13622,626,21.7603833865815
13359,"2011-11-07",15419,662,23.2915407854985
13359,"2011-11-14",14308,672,21.2916666666667
13359,"2011-11-21",14024,650,21.5753846153846
13359,"2011-11-28",18001,910,19.7813186813187
13359,"2011-12-05",18657,953,19.5771248688353
13359,"2011-12-12",17746,907,19.5656008820287
13362,"2011-07-25",960,648,1.48148148148148
13362,"2011-08-01",3840,1665,2.30630630630631
13362,"2011-08-08",0,1,0
13362,"2011-08-15",1920,648,2.96296296296296
13362,"2011-08-22",0,1,0
13362,"2011-08-29",3840,1181,3.25148179508891
13362,"2011-09-05",1920,1181,1.62574089754445
13362,"2011-09-12",960,2,480
13362,"2011-09-19",0,1,0
13362,"2011-09-26",1920,648,2.96296296296296
13362,"2011-10-03",1920,648,2.96296296296296
13362,"2011-10-10",960,2,480
13362,"2011-10-17",1920,648,2.96296296296296
13362,"2011-10-24",960,2,480
13362,"2011-10-31",0,1,0
13362,"2011-11-07",0,1,0
13362,"2011-11-14",4320,1766,2.44620611551529
13362,"2011-11-21",0,1,0
13362,"2011-11-28",0,1,0
13362,"2011-12-05",0,1,0
13362,"2011-12-12",0,1,0
13364,"2011-07-25",50464,1659,30.418324291742
13364,"2011-08-01",48320,1594,30.3136762860728
13364,"2011-08-08",38245,1533,24.9478147423353
13364,"2011-08-15",41889,1734,24.1574394463668
13364,"2011-08-22",44308,1610,27.5204968944099
13364,"2011-08-29",55066,1723,31.959373186303
13364,"2011-09-05",42824,1547,27.6819650937298
13364,"2011-09-12",43802,1550,28.2593548387097
13364,"2011-09-19",42843,1571,27.2711648631445
13364,"2011-09-26",44568,1603,27.8028696194635
13364,"2011-10-03",42299,1550,27.2896774193548
13364,"2011-10-10",41904,1532,27.3524804177546
13364,"2011-10-17",47056,1606,29.3001245330012
13364,"2011-10-24",43823,1565,28.0019169329073
13364,"2011-10-31",36452,1424,25.5983146067416
13364,"2011-11-07",32817,1360,24.1301470588235
13364,"2011-11-14",38785,1507,25.7365627073656
13364,"2011-11-21",40492,1516,26.7097625329815
13364,"2011-11-28",48816,1694,28.8170011806375
13364,"2011-12-05",47943,1662,28.8465703971119
13364,"2011-12-12",49292,1712,28.7920560747664
13367,"2011-07-25",2833,41,69.0975609756098
13367,"2011-08-01",2683,81,33.1234567901235
13367,"2011-08-08",2798,72,38.8611111111111
13367,"2011-08-15",2459,32,76.84375
13367,"2011-08-22",3128,234,13.3675213675214
13367,"2011-08-29",3042,311,9.78135048231511
13367,"2011-09-05",2692,234,11.5042735042735
13367,"2011-09-12",2602,98,26.5510204081633
13367,"2011-09-19",2042,1666,1.22569027611044
13367,"2011-09-26",2197,1837,1.19597169297768
13367,"2011-10-03",2836,299,9.48494983277592
13367,"2011-10-10",2751,41,67.0975609756098
13367,"2011-10-17",3170,1845,1.71815718157182
13367,"2011-10-24",2799,169,16.5621301775148
13367,"2011-10-31",2455,1828,1.34299781181619
13367,"2011-11-07",2966,160,18.5375
13367,"2011-11-14",2912,285,10.2175438596491
13367,"2011-11-21",2229,1697,1.31349440188568
13367,"2011-11-28",2546,90,28.2888888888889
13367,"2011-12-05",2564,41,62.5365853658537
13367,"2011-12-12",2879,126,22.8492063492063
13374,"2011-07-25",9781,893,10.952967525196
13374,"2011-08-01",11763,953,12.3431269674711
13374,"2011-08-08",9520,785,12.1273885350318
13374,"2011-08-15",9753,815,11.9668711656442
13374,"2011-08-22",11656,854,13.6487119437939
13374,"2011-08-29",10479,865,12.114450867052
13374,"2011-09-05",11823,1016,11.636811023622
13374,"2011-09-12",10095,913,11.0569550930997
13374,"2011-09-19",9772,900,10.8577777777778
13374,"2011-09-26",11951,1083,11.0350877192982
13374,"2011-10-03",8495,805,10.5527950310559
13374,"2011-10-10",8583,788,10.8921319796954
13374,"2011-10-17",11994,1001,11.982017982018
13374,"2011-10-24",10539,924,11.4058441558442
13374,"2011-10-31",11043,922,11.9772234273319
13374,"2011-11-07",9748,824,11.8300970873786
13374,"2011-11-14",9831,805,12.2124223602484
13374,"2011-11-21",11628,936,12.4230769230769
13374,"2011-11-28",12149,1049,11.5815061963775
13374,"2011-12-05",13225,1052,12.5712927756654
13374,"2011-12-12",15271,1166,13.0969125214408
