inst/sales/table1.csv
"product","date","revenue","units","price"
13380,"2011-07-25",12591,1036,12.1534749034749
13380,"2011-08-01",14104,1103,12.7869446962829
13380,"2011-08-08",12083,1049,11.5185891325072
13380,"2011-08-15",13576,1087,12.4894204231831
13380,"2011-08-22",14367,1153,12.460537727667
13380,"2011-08-29",13379,1117,11.9776186213071
13380,"2011-09-05",14019,1129,12.4171833480957
13380,"2011-09-12",12850,1013,12.685093780849
13380,"2011-09-19",12952,1078,12.0148423005566
13380,"2011-09-26",13334,1114,11.9694793536804
13380,"2011-10-03",13560,1129,12.0106288751107
13380,"2011-10-10",11228,988,11.3643724696356
13380,"2011-10-17",14609,1148,12.7256097560976
13380,"2011-10-24",12280,1061,11.573986804901
13380,"2011-10-31",13779,1089,12.6528925619835
13380,"2011-11-07",12848,1007,12.7586891757696
13380,"2011-11-14",13144,1085,12.1142857142857
13380,"2011-11-21",13061,1046,12.4866156787763
13380,"2011-11-28",16231,1178,13.7784380305603
13380,"2011-12-05",13757,1136,12.1100352112676
13380,"2011-12-12",15286,1169,13.0761334473909
13381,"2011-07-25",19197,1410,13.6148936170213
13381,"2011-08-01",17305,1380,12.5398550724638
13381,"2011-08-08",16551,1337,12.3792071802543
13381,"2011-08-15",16921,1355,12.4878228782288
13381,"2011-08-22",19451,1447,13.4422944022115
13381,"2011-08-29",22317,1540,14.4915584415584
13381,"2011-09-05",16884,1322,12.7715582450832
13381,"2011-09-12",16614,1339,12.4077669902913
13381,"2011-09-19",16766,1287,13.027195027195
13381,"2011-09-26",17264,1380,12.5101449275362
13381,"2011-10-03",17119,1350,12.6807407407407
13381,"2011-10-10",14312,1276,11.2163009404389
13381,"2011-10-17",15465,1320,11.7159090909091
13381,"2011-10-24",16668,1346,12.3833580980684
13381,"2011-10-31",15514,1344,11.5431547619048
13381,"2011-11-07",15464,1279,12.0906958561376
13381,"2011-11-14",15046,1284,11.7180685358255
13381,"2011-11-21",16526,1333,12.39759939985
13381,"2011-11-28",18475,1401,13.1870092790864
13381,"2011-12-05",15650,1328,11.7846385542169
13381,"2011-12-12",17911,1378,12.9978229317852
13382,"2011-07-25",18560,1424,13.0337078651685
13382,"2011-08-01",20260,1513,13.3906146728354
13382,"2011-08-08",18998,1432,13.2667597765363
13382,"2011-08-15",17218,1371,12.5587162654996
13382,"2011-08-22",17805,1392,12.7909482758621
13382,"2011-08-29",21277,1500,14.1846666666667
13382,"2011-09-05",20404,1401,14.5638829407566
13382,"2011-09-12",21898,1429,15.3240027991603
13382,"2011-09-19",17929,1320,13.5825757575758
13382,"2011-09-26",19950,1425,14
13382,"2011-10-03",19755,1450,13.6241379310345
13382,"2011-10-10",16169,1360,11.8889705882353
13382,"2011-10-17",18729,1437,13.0334029227557
13382,"2011-10-24",17338,1423,12.1841180604357
13382,"2011-10-31",18395,1405,13.0925266903915
13382,"2011-11-07",16826,1375,12.2370909090909
13382,"2011-11-14",18870,1440,13.1041666666667
13382,"2011-11-21",17938,1406,12.7581792318634
13382,"2011-11-28",20338,1519,13.3890717577354
13382,"2011-12-05",20368,1510,13.4887417218543
13382,"2011-12-12",20921,1545,13.5411003236246
13383,"2011-07-25",33445,175,191.114285714286
13383,"2011-08-01",38146,280,136.235714285714
13383,"2011-08-08",36876,232,158.948275862069
13383,"2011-08-15",36151,228,158.55701754386
13383,"2011-08-22",34838,187,186.299465240642
13383,"2011-08-29",43625,349,125
13383,"2011-09-05",37054,124,298.822580645161
13383,"2011-09-12",35689,104,343.163461538462
13383,"2011-09-19",32096,114,281.543859649123
13383,"2011-09-26",37516,228,164.543859649123
13383,"2011-10-03",32734,134,244.283582089552
13383,"2011-10-10",30697,47,653.127659574468
13383,"2011-10-17",35040,175,200.228571428571
13383,"2011-10-24",36791,246,149.556910569106
13383,"2011-10-31",34551,177,195.203389830508
13383,"2011-11-07",33763,1844,18.3096529284165
13383,"2011-11-14",35800,40,895
13383,"2011-11-21",39869,147,271.21768707483
13383,"2011-11-28",45062,278,162.093525179856
13383,"2011-12-05",33084,113,292.778761061947
13383,"2011-12-12",35417,197,179.781725888325
13384,"2011-07-25",15093,1283,11.7638347622759
13384,"2011-08-01",14069,1224,11.4942810457516
13384,"2011-08-08",14156,1227,11.5370823145884
13384,"2011-08-15",13439,1202,11.1805324459235
13384,"2011-08-22",14602,1299,11.2409545804465
13384,"2011-08-29",16671,1336,12.4782934131737
13384,"2011-09-05",17106,1323,12.9297052154195
13384,"2011-09-12",14347,1244,11.5329581993569
13384,"2011-09-19",13144,1214,10.827018121911
13384,"2011-09-26",12838,1154,11.1247833622184
13384,"2011-10-03",13016,1221,10.6601146601147
13384,"2011-10-10",13101,1183,11.0743871513102
13384,"2011-10-17",16077,1309,12.2818945760122
13384,"2011-10-24",17077,1380,12.3746376811594
13384,"2011-10-31",14174,1245,11.3847389558233
13384,"2011-11-07",13384,1171,11.4295473953886
13384,"2011-11-14",15078,1257,11.9952267303103
13384,"2011-11-21",13443,1199,11.2118432026689
13384,"2011-11-28",16779,1367,12.2743233357718
13384,"2011-12-05",14270,1254,11.3795853269537
13384,"2011-12-12",14422,1250,11.5376
13385,"2011-07-25",12972,1278,10.150234741784
13385,"2011-08-01",13914,1331,10.4537941397446
13385,"2011-08-08",14052,1358,10.3475699558174
13385,"2011-08-15",12324,1250,9.8592
13385,"2011-08-22",14793,1363,10.8532648569332
13385,"2011-08-29",15520,1410,11.0070921985816
13385,"2011-09-05",14219,1356,10.48598820059
13385,"2011-09-12",14465,1339,10.8028379387603
13385,"2011-09-19",14199,1346,10.5490341753343
13385,"2011-09-26",16193,1432,11.3079608938547
13385,"2011-10-03",15573,1410,11.0446808510638
13385,"2011-10-10",14878,1367,10.8836869056328
13385,"2011-10-17",13859,1356,10.2205014749263
13385,"2011-10-24",14475,1379,10.4967367657723
13385,"2011-10-31",14960,1356,11.0324483775811
13385,"2011-11-07",12545,1257,9.98011137629276
13385,"2011-11-14",15122,1351,11.1931902294597
13385,"2011-11-21",12960,1309,9.90068754774637
13385,"2011-11-28",14267,1347,10.5916852264291
13385,"2011-12-05",12317,1276,9.65282131661442
13385,"2011-12-12",14203,1338,10.6150971599402
13402,"2011-07-25",8369,1038,8.0626204238921
13402,"2011-08-01",8524,1054,8.08728652751423
13402,"2011-08-08",9000,1090,8.25688073394495
13402,"2011-08-15",8866,1073,8.26281453867661
13402,"2011-08-22",8149,781,10.4340588988476
13402,"2011-08-29",11555,1182,9.77580372250423
13402,"2011-09-05",8003,940,8.51382978723404
13402,"2011-09-12",6963,915,7.60983606557377
13402,"2011-09-19",7396,887,8.33821871476888
13402,"2011-09-26",10199,1038,9.82562620423892
13402,"2011-10-03",7715,887,8.6978579481398
13402,"2011-10-10",9527,940,10.1351063829787
13402,"2011-10-17",7059,781,9.03841229193342
13402,"2011-10-24",7579,853,8.88511137162954
13402,"2011-10-31",6518,479,13.60751565762
13402,"2011-11-07",10563,1140,9.26578947368421
13402,"2011-11-14",6453,702,9.19230769230769
13402,"2011-11-21",6092,649,9.38674884437596
13402,"2011-11-28",11244,1205,9.33112033195021
13402,"2011-12-05",15027,1376,10.9207848837209
13402,"2011-12-12",15732,1468,10.716621253406
13403,"2011-07-25",5357,415,12.9084337349398
13403,"2011-08-01",8211,853,9.62602579132474
13403,"2011-08-08",7058,915,7.71366120218579
13403,"2011-08-15",6723,853,7.88159437280188
13403,"2011-08-22",7311,744,9.82661290322581
13403,"2011-08-29",8204,1054,7.78368121442125
13403,"2011-09-05",6666,915,7.28524590163934
13403,"2011-09-12",7076,814,8.69287469287469
13403,"2011-09-19",7163,969,7.3921568627451
13403,"2011-09-26",9215,1014,9.08777120315582
13403,"2011-10-03",8683,1038,8.36512524084778
13403,"2011-10-10",7839,649,12.0785824345146
13403,"2011-10-17",7108,649,10.9522342064715
13403,"2011-10-24",8622,915,9.42295081967213
13403,"2011-10-31",9261,1038,8.92196531791907
13403,"2011-11-07",6760,702,9.62962962962963
13403,"2011-11-14",8215,969,8.47781217750258
13403,"2011-11-21",6342,180,35.2333333333333
13403,"2011-11-28",8728,744,11.7311827956989
13403,"2011-12-05",7922,781,10.1434058898848
13403,"2011-12-12",12070,1223,9.86917416189698
13405,"2011-07-25",3594,1251,2.87290167865707
13405,"2011-08-01",3925,1398,2.80758226037196
13405,"2011-08-08",3047,969,3.14447884416925
13405,"2011-08-15",3347,1280,2.61484375
13405,"2011-08-22",4135,1503,2.75116433799069
13405,"2011-08-29",3031,1237,2.45028294260307
13405,"2011-09-05",3374,1237,2.72756669361358
13405,"2011-09-12",3716,1387,2.67916366258111
13405,"2011-09-19",4159,1409,2.95173882185947
13405,"2011-09-26",3575,1503,2.37857618097139
13405,"2011-10-03",3565,1398,2.55007153075823
13405,"2011-10-10",4393,1398,3.14234620886981
13405,"2011-10-17",4075,1353,3.01182557280118
13405,"2011-10-24",3356,1237,2.71301535974131
13405,"2011-10-31",3450,1073,3.21528424976701
13405,"2011-11-07",3284,1223,2.6852003270646
13405,"2011-11-14",3336,1280,2.60625
13405,"2011-11-21",4160,1431,2.90705800139762
13405,"2011-11-28",3918,1443,2.71517671517672
13405,"2011-12-05",4118,1387,2.9689978370584
13405,"2011-12-12",4738,1536,3.08463541666667
13407,"2011-07-25",4828,1622,2.97657213316893
13407,"2011-08-01",4667,1755,2.65925925925926
13407,"2011-08-08",5328,1801,2.95835646862854
13407,"2011-08-15",6069,98,61.9285714285714
13407,"2011-08-22",5896,72,81.8888888888889
13407,"2011-08-29",4908,1821,2.69522240527183
13407,"2011-09-05",4457,1677,2.6577221228384
13407,"2011-09-12",4994,1774,2.81510710259301
13407,"2011-09-19",4531,1666,2.71968787515006
13407,"2011-09-26",3911,1611,2.42768466790813
13407,"2011-10-03",5446,1745,3.12091690544413
13407,"2011-10-10",5240,1811,2.89342904472667
13407,"2011-10-17",3588,1365,2.62857142857143
13407,"2011-10-24",4188,1514,2.7661822985469
13407,"2011-10-31",5297,1725,3.07072463768116
13407,"2011-11-07",4106,1503,2.73186959414504
13407,"2011-11-14",4462,1546,2.88615782664942
13407,"2011-11-21",4935,1736,2.84274193548387
13407,"2011-11-28",5417,1745,3.10429799426934
13407,"2011-12-05",5681,1767,3.21505376344086
13407,"2011-12-12",4892,1755,2.78746438746439
13416,"2011-07-25",3607,1525,2.36524590163934
13416,"2011-08-01",3257,1398,2.32975679542203
13416,"2011-08-08",3928,1589,2.47199496538704
13416,"2011-08-15",3534,1536,2.30078125
13416,"2011-08-22",2967,1291,2.29821843532146
13416,"2011-08-29",4698,1707,2.75219683655536
13416,"2011-09-05",2712,1182,2.29441624365482
13416,"2011-09-12",3090,1409,2.1930447125621
13416,"2011-09-19",3084,1291,2.38884585592564
13416,"2011-09-26",5099,1376,3.70566860465116
13416,"2011-10-03",3107,1160,2.67844827586207
13416,"2011-10-10",4847,1330,3.64436090225564
13416,"2011-10-17",4284,1291,3.31835786212239
13416,"2011-10-24",6248,1431,4.36617749825297
13416,"2011-10-31",6067,1266,4.79225908372828
13416,"2011-11-07",3128,940,3.32765957446809
13416,"2011-11-14",4170,1073,3.88630009319664
13416,"2011-11-21",4981,1353,3.68144863266815
13416,"2011-11-28",5150,1536,3.35286458333333
13416,"2011-12-05",4962,1492,3.32573726541555
13416,"2011-12-12",7249,1568,4.62308673469388
13426,"2011-07-25",40155,544,73.8143382352941
13426,"2011-08-01",43229,629,68.7265500794913
13426,"2011-08-08",38370,475,80.7789473684211
13426,"2011-08-15",39606,551,71.8802177858439
13426,"2011-08-22",40188,600,66.98
13426,"2011-08-29",32134,606,53.026402640264
13426,"2011-09-05",34703,399,86.9749373433584
13426,"2011-09-12",34001,390,87.1820512820513
13426,"2011-09-19",36722,427,86
13426,"2011-09-26",37947,501,75.7425149700599
13426,"2011-10-03",37482,473,79.2431289640592
13426,"2011-10-10",37298,485,76.9030927835052
13426,"2011-10-17",33533,362,92.6325966850829
13426,"2011-10-24",38556,477,80.8301886792453
13426,"2011-10-31",38036,443,85.8600451467269
13426,"2011-11-07",35954,401,89.6608478802993
13426,"2011-11-14",30361,345,88.0028985507246
13426,"2011-11-21",33892,557,60.8473967684022
13426,"2011-11-28",33516,616,54.4090909090909
13426,"2011-12-05",37770,614,61.514657980456
13426,"2011-12-12",35621,494,72.1072874493927
13428,"2011-07-25",9515,305,31.1967213114754
13428,"2011-08-01",12603,415,30.3686746987952
13428,"2011-08-08",9839,535,18.3906542056075
13428,"2011-08-15",13820,305,45.3114754098361
13428,"2011-08-22",10704,479,22.3465553235908
13428,"2011-08-29",10644,180,59.1333333333333
13428,"2011-09-05",9841,535,18.3943925233645
13428,"2011-09-12",9418,250,37.672
13428,"2011-09-19",14381,887,16.2130777903044
13428,"2011-09-26",11844,415,28.5397590361446
13428,"2011-10-03",10207,415,24.5951807228916
13428,"2011-10-10",9656,180,53.6444444444444
13428,"2011-10-17",10338,1556,6.6439588688946
13428,"2011-10-24",9933,597,16.6381909547739
13428,"2011-10-31",11289,305,37.0131147540984
13428,"2011-11-07",9728,97,100.288659793814
13428,"2011-11-14",12478,702,17.7749287749288
13428,"2011-11-21",12272,535,22.9383177570093
13428,"2011-11-28",9526,97,98.2061855670103
13428,"2011-12-05",11515,250,46.06
13428,"2011-12-12",10011,479,20.8997912317328
13429,"2011-07-25",11997,781,15.3610755441741
13429,"2011-08-01",13464,479,28.1085594989562
13429,"2011-08-08",10907,535,20.3869158878505
13429,"2011-08-15",11309,535,21.1383177570093
13429,"2011-08-22",8744,1766,4.95130237825595
13429,"2011-08-29",11532,479,24.0751565762004
13429,"2011-09-05",9568,305,31.3704918032787
13429,"2011-09-12",10875,415,26.2048192771084
13429,"2011-09-19",11778,365,32.2684931506849
13429,"2011-09-26",10931,415,26.3397590361446
13429,"2011-10-03",11119,365,30.4630136986301
13429,"2011-10-10",9531,97,98.2577319587629
13429,"2011-10-17",10444,479,21.80375782881
13429,"2011-10-24",12712,250,50.848
13429,"2011-10-31",12503,479,26.1022964509395
13429,"2011-11-07",10415,305,34.1475409836066
13429,"2011-11-14",8544,250,34.176
13429,"2011-11-21",10744,479,22.4300626304802
13429,"2011-11-28",12245,535,22.8878504672897
13429,"2011-12-05",12455,479,26.0020876826722
13429,"2011-12-12",12394,814,15.2260442260442
13432,"2011-07-25",4897,1160,4.22155172413793
13432,"2011-08-01",7150,1316,5.43313069908815
13432,"2011-08-08",5688,1266,4.49289099526066
13432,"2011-08-15",6015,1330,4.52255639097744
13432,"2011-08-22",6949,1291,5.38264910921766
13432,"2011-08-29",5904,1073,5.50232991612302
13432,"2011-09-05",5514,1182,4.66497461928934
13432,"2011-09-12",9600,1677,5.72450805008945
13432,"2011-09-19",5870,1237,4.74535165723525
13432,"2011-09-26",5596,234,23.9145299145299
13432,"2011-10-03",7047,577,12.2131715771231
13432,"2011-10-10",6181,577,10.7123050259965
13432,"2011-10-17",5972,550,10.8581818181818
13432,"2011-10-24",12959,1212,10.6922442244224
13432,"2011-10-31",8738,352,24.8238636363636
13432,"2011-11-07",4086,479,8.53027139874739
13432,"2011-11-14",4282,415,10.3180722891566
13432,"2011-11-21",6087,887,6.86245772266065
13432,"2011-11-28",3358,535,6.27663551401869
13432,"2011-12-05",3546,97,36.5567010309278
13432,"2011-12-12",7368,744,9.90322580645161
13433,"2011-07-25",7653,577,13.263431542461
13433,"2011-08-01",7554,703,10.7453769559033
13433,"2011-08-08",7549,678,11.1342182890855
13433,"2011-08-15",6545,572,11.4423076923077
13433,"2011-08-22",7484,641,11.6755070202808
13433,"2011-08-29",7881,598,13.1789297658863
13433,"2011-09-05",7046,520,13.55
13433,"2011-09-12",10783,1001,10.7722277722278
13433,"2011-09-19",9305,881,10.5618615209989
13433,"2011-09-26",7551,654,11.545871559633
13433,"2011-10-03",7840,727,10.7840440165062
13433,"2011-10-10",7006,582,12.0378006872852
13433,"2011-10-17",8786,815,10.7803680981595
13433,"2011-10-24",14574,1248,11.6778846153846
13433,"2011-10-31",11580,805,14.3850931677019
13433,"2011-11-07",5791,915,6.32896174863388
13433,"2011-11-14",5531,1038,5.32851637764933
13433,"2011-11-21",4328,1038,4.16955684007707
13433,"2011-11-28",3925,781,5.02560819462228
13433,"2011-12-05",6078,649,9.36517719568567
13433,"2011-12-12",7736,1054,7.33965844402277
13438,"2011-07-25",21775,1297,16.7887432536623
13438,"2011-08-01",26598,1459,18.2302947224126
13438,"2011-08-08",24078,1410,17.0765957446809
13438,"2011-08-15",25476,1399,18.2101501072194
13438,"2011-08-22",22293,1337,16.6738967838444
13438,"2011-08-29",25372,1447,17.534208707671
13438,"2011-09-05",21128,1294,16.3276661514683
13438,"2011-09-12",23443,1375,17.0494545454545
13438,"2011-09-19",21113,1286,16.4175738724728
13438,"2011-09-26",20833,1276,16.326802507837
13438,"2011-10-03",19219,1238,15.5242326332795
13438,"2011-10-10",21536,1324,16.2658610271903
13438,"2011-10-17",22488,1360,16.5352941176471
13438,"2011-10-24",32774,1663,19.7077570655442
13438,"2011-10-31",42608,38,1121.26315789474
13438,"2011-11-07",20782,1276,16.2868338557994
13438,"2011-11-14",18934,1150,16.464347826087
13438,"2011-11-21",23636,1334,17.7181409295352
13438,"2011-11-28",21363,1252,17.0630990415335
13438,"2011-12-05",22247,1312,16.9565548780488
13438,"2011-12-12",27902,1456,19.1634615384615
13439,"2011-07-25",27972,1069,26.1665107577175
13439,"2011-08-01",29567,1085,27.2506912442396
13439,"2011-08-08",26326,1010,26.0653465346535
13439,"2011-08-15",26449,987,26.7973657548126
13439,"2011-08-22",24652,987,24.9766970618034
13439,"2011-08-29",27661,1007,27.4687189672294
13439,"2011-09-05",22116,854,25.8969555035129
13439,"2011-09-12",27064,1068,25.3408239700375
13439,"2011-09-19",22515,941,23.9266737513284
13439,"2011-09-26",24648,1016,24.259842519685
13439,"2011-10-03",24478,1015,24.1162561576355
13439,"2011-10-10",24597,935,26.3069518716578
13439,"2011-10-17",28369,1056,26.8645833333333
13439,"2011-10-24",45019,1459,30.8560657984921
13439,"2011-10-31",71040,1804,39.3791574279379
13439,"2011-11-07",26682,845,31.5763313609467
13439,"2011-11-14",25523,932,27.3851931330472
13439,"2011-11-21",26007,1035,25.1275362318841
13439,"2011-11-28",24935,1019,24.4700686947988
13439,"2011-12-05",27039,1032,26.2005813953488
13439,"2011-12-12",30067,1153,26.0771899392888
