inst/sales/table1.csv
"product","date","revenue","units","price"
13443,"2011-07-25",13950,118,118.220338983051
13443,"2011-08-01",15598,292,53.4178082191781
13443,"2011-08-08",14336,292,49.0958904109589
13443,"2011-08-15",13665,143,95.5594405594406
13443,"2011-08-22",12201,52,234.634615384615
13443,"2011-08-29",12214,52,234.884615384615
13443,"2011-09-05",13598,90,151.088888888889
13443,"2011-09-12",16659,292,57.0513698630137
13443,"2011-09-19",13229,108,122.490740740741
13443,"2011-09-26",14155,174,81.3505747126437
13443,"2011-10-03",16263,251,64.792828685259
13443,"2011-10-10",16839,220,76.5409090909091
13443,"2011-10-17",23527,727,32.3617606602476
13443,"2011-10-24",80397,1783,45.0908581043186
13443,"2011-10-31",49646,1370,36.2379562043796
13443,"2011-11-07",15869,32,495.90625
13443,"2011-11-14",16240,1845,8.80216802168022
13443,"2011-11-21",17632,234,75.3504273504274
13443,"2011-11-28",15591,322,48.4192546583851
13443,"2011-12-05",17163,234,73.3461538461538
13443,"2011-12-12",18055,604,29.8923841059603
13444,"2011-07-25",10216,887,11.5174746335964
13444,"2011-08-01",4834,305,15.8491803278689
13444,"2011-08-08",6823,744,9.17069892473118
13444,"2011-08-15",5512,415,13.2819277108434
13444,"2011-08-22",6813,649,10.497688751926
13444,"2011-08-29",4652,305,15.2524590163934
13444,"2011-09-05",5463,415,13.1638554216867
13444,"2011-09-12",16962,1120,15.1446428571429
13444,"2011-09-19",6870,702,9.78632478632479
13444,"2011-09-26",10415,990,10.520202020202
13444,"2011-10-03",10023,969,10.343653250774
13444,"2011-10-10",14163,1105,12.8171945701357
13444,"2011-10-17",10729,1014,10.5808678500986
13444,"2011-10-24",45564,358,127.27374301676
13444,"2011-10-31",45544,416,109.480769230769
13444,"2011-11-07",14230,887,16.0428410372041
13444,"2011-11-14",7514,597,12.5862646566164
13444,"2011-11-21",6675,479,13.9352818371608
13444,"2011-11-28",8659,744,11.6384408602151
13444,"2011-12-05",7131,535,13.3289719626168
13444,"2011-12-12",9588,479,20.0167014613779
13446,"2011-07-25",0,1,0
13446,"2011-08-01",13990,2,6995
13446,"2011-08-08",14690,2,7345
13446,"2011-08-15",0,1,0
13446,"2011-08-22",14690,2,7345
13446,"2011-08-29",14690,648,22.6697530864198
13446,"2011-09-05",14690,648,22.6697530864198
13446,"2011-09-12",0,1,0
13446,"2011-09-19",13880,648,21.4197530864198
13446,"2011-09-26",13990,2,6995
13446,"2011-10-03",13990,2,6995
13446,"2011-10-10",27980,648,43.179012345679
13446,"2011-10-17",13990,2,6995
13446,"2011-10-24",0,1,0
13446,"2011-10-31",20665,989,20.8948432760364
13446,"2011-11-07",0,1,0
13446,"2011-11-14",0,1,0
13446,"2011-11-21",0,1,0
13446,"2011-11-28",0,1,0
13446,"2011-12-05",14230,2,7115
13446,"2011-12-12",0,1,0
13453,"2011-07-25",6685,1811,3.69133075648813
13453,"2011-08-01",6309,1644,3.83759124087591
13453,"2011-08-08",7012,32,219.125
13453,"2011-08-15",6181,1717,3.59988351776354
13453,"2011-08-22",7372,1767,4.17204301075269
13453,"2011-08-29",6440,1784,3.60986547085202
13453,"2011-09-05",7260,13,558.461538461538
13453,"2011-09-12",9138,322,28.3788819875776
13453,"2011-09-19",9863,366,26.948087431694
13453,"2011-09-26",5261,1707,3.08201523140012
13453,"2011-10-03",6046,1755,3.44501424501424
13453,"2011-10-10",7684,24,320.166666666667
13453,"2011-10-17",9395,306,30.702614379085
13453,"2011-10-24",34073,1519,22.4312047399605
13453,"2011-10-31",29129,1403,20.7619387027798
13453,"2011-11-07",6197,1666,3.71968787515006
13453,"2011-11-14",6476,1837,3.52531301034295
13453,"2011-11-21",5952,1633,3.64482547458665
13453,"2011-11-28",8111,52,155.980769230769
13453,"2011-12-05",7948,230,34.5565217391304
13453,"2011-12-12",14553,836,17.4078947368421
13458,"2011-07-25",23848,687,34.7132459970888
13458,"2011-08-01",23118,687,33.6506550218341
13458,"2011-08-08",30930,907,34.1014332965821
13458,"2011-08-15",24119,780,30.9217948717949
13458,"2011-08-22",26905,828,32.493961352657
13458,"2011-08-29",34546,944,36.5953389830508
13458,"2011-09-05",29018,904,32.0995575221239
13458,"2011-09-12",48002,1373,34.9613983976693
13458,"2011-09-19",32780,979,33.4831460674157
13458,"2011-09-26",30934,976,31.6946721311475
13458,"2011-10-03",30248,953,31.7397691500525
13458,"2011-10-10",26729,828,32.2814009661836
13458,"2011-10-17",32806,960,34.1729166666667
13458,"2011-10-24",53112,1403,37.856022808268
13458,"2011-10-31",40730,1129,36.0761736049601
13458,"2011-11-07",29419,811,36.2749691738594
13458,"2011-11-14",27738,854,32.480093676815
13458,"2011-11-21",32083,922,34.7971800433839
13458,"2011-11-28",33741,999,33.7747747747748
13458,"2011-12-05",40049,1103,36.3091568449683
13458,"2011-12-12",45780,1241,36.8896051571313
13461,"2011-07-25",82326,741,111.101214574899
13461,"2011-08-01",91693,828,110.740338164251
13461,"2011-08-08",91561,839,109.131108462455
13461,"2011-08-15",72922,621,117.426731078905
13461,"2011-08-22",86258,782,110.304347826087
13461,"2011-08-29",82733,749,110.457943925234
13461,"2011-09-05",75196,654,114.978593272171
13461,"2011-09-12",80864,737,109.720488466757
13461,"2011-09-19",76349,634,120.42429022082
13461,"2011-09-26",89843,788,114.013959390863
13461,"2011-10-03",85910,749,114.699599465955
13461,"2011-10-10",73618,598,123.107023411371
13461,"2011-10-17",91001,775,117.42064516129
13461,"2011-10-24",64929,431,150.647331786543
13461,"2011-10-31",91342,687,132.957787481805
13461,"2011-11-07",76192,502,151.776892430279
13461,"2011-11-14",77577,435,178.337931034483
13461,"2011-11-21",83353,508,164.080708661417
13461,"2011-11-28",81256,488,166.508196721311
13461,"2011-12-05",84765,604,140.33940397351
13461,"2011-12-12",77097,502,153.5796812749
13463,"2011-07-25",494346,1533,322.469667318982
13463,"2011-08-01",508361,1562,325.455185659411
13463,"2011-08-08",462624,1508,306.779840848806
13463,"2011-08-15",410723,1414,290.468882602546
13463,"2011-08-22",409842,1414,289.845827439887
13463,"2011-08-29",546169,1659,329.215792646172
13463,"2011-09-05",479505,1581,303.292220113852
13463,"2011-09-12",478683,1560,306.848076923077
13463,"2011-09-19",407313,1406,289.696301564723
13463,"2011-09-26",439231,1465,299.81638225256
13463,"2011-10-03",498988,1551,321.720180528691
13463,"2011-10-10",442979,1466,302.168485675307
13463,"2011-10-17",439582,1458,301.496570644719
13463,"2011-10-24",477437,1523,313.484569927774
13463,"2011-10-31",353713,1320,267.964393939394
13463,"2011-11-07",226141,971,232.894953656025
13463,"2011-11-14",244448,1022,239.185909980431
13463,"2011-11-21",276695,1100,251.540909090909
13463,"2011-11-28",407583,1395,292.174193548387
13463,"2011-12-05",470402,1485,316.769023569024
13463,"2011-12-12",490726,1518,323.271409749671
13464,"2011-07-25",77893,1329,58.6102332580888
13464,"2011-08-01",73699,97,759.783505154639
13464,"2011-08-08",111325,3,37108.3333333333
13464,"2011-08-15",46875,648,72.337962962963
13464,"2011-08-22",112571,479,235.012526096033
13464,"2011-08-29",84256,1766,47.7100792751982
13464,"2011-09-05",45824,1329,34.4800601956358
13464,"2011-09-12",93820,648,144.783950617284
13464,"2011-09-19",62453,1181,52.8814563928874
13464,"2011-09-26",55233,1442,38.3030513176144
13464,"2011-10-03",82040,1556,52.7249357326478
13464,"2011-10-10",93680,648,144.567901234568
13464,"2011-10-17",0,1,0
13464,"2011-10-24",46910,2,23455
13464,"2011-10-31",0,1,0
13464,"2011-11-07",93680,648,144.567901234568
13464,"2011-11-14",0,1,0
13464,"2011-11-21",0,1,0
13464,"2011-11-28",0,1,0
13464,"2011-12-05",0,1,0
13464,"2011-12-12",48115,648,74.2515432098765
13467,"2011-07-25",46478,1442,32.2316227461859
13467,"2011-08-01",101680,250,406.72
13467,"2011-08-08",92907,535,173.657943925234
13467,"2011-08-15",51837,1665,31.1333333333333
13467,"2011-08-22",124768,814,153.277641277641
13467,"2011-08-29",93804,305,307.554098360656
13467,"2011-09-05",90884,649,140.036979969183
13467,"2011-09-12",94094,305,308.504918032787
13467,"2011-09-19",107071,415,258.002409638554
13467,"2011-09-26",77486,365,212.290410958904
13467,"2011-10-03",67392,250,269.568
13467,"2011-10-10",111849,814,137.406633906634
13467,"2011-10-17",62103,180,345.016666666667
13467,"2011-10-24",116557,853,136.643610785463
13467,"2011-10-31",123360,969,127.306501547988
13467,"2011-11-07",69772,180,387.622222222222
13467,"2011-11-14",74774,415,180.178313253012
13467,"2011-11-21",93623,180,520.127777777778
13467,"2011-11-28",104883,415,252.730120481928
13467,"2011-12-05",125665,969,129.68524251806
13467,"2011-12-12",81526,479,170.200417536534
13482,"2011-07-25",15205,1455,10.4501718213058
13482,"2011-08-01",14376,1503,9.56487025948104
13482,"2011-08-08",10032,1237,8.10994341147939
13482,"2011-08-15",15938,1503,10.604125083167
13482,"2011-08-22",11551,1280,9.02421875
13482,"2011-08-29",17228,1546,11.143596377749
13482,"2011-09-05",15147,1443,10.4968814968815
13482,"2011-09-12",13732,1341,10.2401193139448
13482,"2011-09-19",11701,1291,9.06351665375678
13482,"2011-09-26",14065,1398,10.0608011444921
13482,"2011-10-03",17324,1503,11.5262807717898
13482,"2011-10-10",13307,1431,9.29909154437456
13482,"2011-10-17",15780,1546,10.2069857697283
13482,"2011-10-24",14191,1420,9.99366197183099
13482,"2011-10-31",18264,1557,11.7302504816956
13482,"2011-11-07",14512,1431,10.1411600279525
13482,"2011-11-14",13743,1365,10.0681318681319
13482,"2011-11-21",16347,1525,10.7193442622951
13482,"2011-11-28",17209,1557,11.0526653821452
13482,"2011-12-05",12393,1291,9.5995352439969
13482,"2011-12-12",11913,1205,9.88630705394191
13515,"2011-07-25",17399,1789,9.72554499720514
13515,"2011-08-01",16915,1775,9.52957746478873
13515,"2011-08-08",16938,1802,9.39955604883463
13515,"2011-08-15",17900,1758,10.1820250284414
13515,"2011-08-22",17761,1818,9.76952695269527
13515,"2011-08-29",19084,27,706.814814814815
13515,"2011-09-05",20639,148,139.452702702703
13515,"2011-09-12",25114,268,93.7089552238806
13515,"2011-09-19",20298,67,302.955223880597
13515,"2011-09-26",21156,171,123.719298245614
13515,"2011-10-03",15916,1770,8.99209039548023
13515,"2011-10-10",13871,1664,8.3359375
13515,"2011-10-17",16577,1819,9.11324903793293
13515,"2011-10-24",18651,33,565.181818181818
13515,"2011-10-31",14751,1659,8.89150090415913
13515,"2011-11-07",17578,1807,9.72772551189817
13515,"2011-11-14",15781,1703,9.2665883734586
13515,"2011-11-21",13376,1580,8.46582278481013
13515,"2011-11-28",14981,1674,8.94922341696535
13515,"2011-12-05",14418,1661,8.68031306441902
13515,"2011-12-12",15020,1710,8.78362573099415
13520,"2011-07-25",33843,441,76.7414965986395
13520,"2011-08-01",35325,469,75.319829424307
13520,"2011-08-08",34643,463,74.8228941684665
13520,"2011-08-15",34315,455,75.4175824175824
13520,"2011-08-22",36419,512,71.130859375
13520,"2011-08-29",42031,646,65.0634674922601
13520,"2011-09-05",36594,497,73.6297786720322
13520,"2011-09-12",46074,734,62.7711171662125
13520,"2011-09-19",40087,575,69.7165217391304
13520,"2011-09-26",31458,354,88.864406779661
13520,"2011-10-03",39656,553,71.7106690777577
13520,"2011-10-10",40552,578,70.159169550173
13520,"2011-10-17",40544,587,69.0698466780239
13520,"2011-10-24",44874,692,64.8468208092486
13520,"2011-10-31",38861,517,75.1663442940039
13520,"2011-11-07",39453,527,74.8633776091082
13520,"2011-11-14",40755,542,75.1937269372694
13520,"2011-11-21",39359,507,77.6311637080868
13520,"2011-11-28",47868,746,64.1662198391421
13520,"2011-12-05",47466,755,62.8688741721854
13520,"2011-12-12",52962,856,61.8714953271028
13526,"2011-07-25",20961,1425,14.7094736842105
13526,"2011-08-01",22298,1461,15.2621492128679
13526,"2011-08-08",21100,1437,14.6833681280445
13526,"2011-08-15",21871,1496,14.6196524064171
13526,"2011-08-22",19905,1414,14.0770862800566
13526,"2011-08-29",21713,1447,15.0055286800276
13526,"2011-09-05",24789,1535,16.1491856677524
13526,"2011-09-12",28960,1730,16.7398843930636
13526,"2011-09-19",25061,1575,15.911746031746
13526,"2011-09-26",20593,1480,13.9141891891892
13526,"2011-10-03",18125,1403,12.9187455452602
13526,"2011-10-10",17518,1292,13.5588235294118
13526,"2011-10-17",18180,1311,13.8672768878719
13526,"2011-10-24",18819,1323,14.2244897959184
13526,"2011-10-31",13746,947,14.5153115100317
13526,"2011-11-07",9786,169,57.905325443787
13526,"2011-11-14",12506,1717,7.28363424577752
13526,"2011-11-21",11572,815,14.198773006135
13526,"2011-11-28",17152,1282,13.3790951638066
13526,"2011-12-05",16895,1323,12.7702191987906
13526,"2011-12-12",17541,1331,13.1788129226146
13527,"2011-07-25",26170,775,33.7677419354839
13527,"2011-08-01",31190,916,34.0502183406114
13527,"2011-08-08",29559,836,35.3576555023923
13527,"2011-08-15",26301,703,37.4125177809388
13527,"2011-08-22",27656,800,34.57
13527,"2011-08-29",31752,931,34.1052631578947
13527,"2011-09-05",30989,836,37.0681818181818
13527,"2011-09-12",29225,780,37.4679487179487
13527,"2011-09-19",24676,641,38.4960998439938
13527,"2011-09-26",30738,922,33.3383947939262
13527,"2011-10-03",29168,931,31.3297529538131
13527,"2011-10-10",25808,749,34.456608811749
13527,"2011-10-17",28178,765,36.8339869281046
13527,"2011-10-24",27612,893,30.9204927211646
13527,"2011-10-31",25854,805,32.1167701863354
13527,"2011-11-07",22803,609,37.4433497536946
13527,"2011-11-14",22114,550,40.2072727272727
13527,"2011-11-21",26334,741,35.5384615384615
13527,"2011-11-28",24342,767,31.7366362451108
13527,"2011-12-05",20697,381,54.3228346456693
13527,"2011-12-12",27563,598,46.0919732441472
13528,"2011-07-25",92050,1522,60.4796320630749
13528,"2011-08-01",98121,1540,63.7149350649351
13528,"2011-08-08",105988,1581,67.0385831752056
13528,"2011-08-15",70670,1332,53.0555555555556
13528,"2011-08-22",78106,1394,56.0301291248207
13528,"2011-08-29",102676,1587,64.698172652804
13528,"2011-09-05",90360,1456,62.0604395604396
13528,"2011-09-12",79906,1404,56.9131054131054
13528,"2011-09-19",94606,1511,62.6115155526142
13528,"2011-09-26",89236,1485,60.0915824915825
13528,"2011-10-03",93977,1524,61.6646981627297
13528,"2011-10-10",84441,1402,60.2289586305278
13528,"2011-10-17",79793,1390,57.405035971223
13528,"2011-10-24",94966,1490,63.7355704697987
13528,"2011-10-31",90678,1435,63.190243902439
13528,"2011-11-07",81262,1369,59.3586559532505
13528,"2011-11-14",78710,1394,56.4634146341463
13528,"2011-11-21",94382,1496,63.0895721925134
13528,"2011-11-28",97290,1506,64.601593625498
13528,"2011-12-05",100884,1524,66.1968503937008
13528,"2011-12-12",113549,1617,70.2220160791589
13531,"2011-07-25",26432,1513,17.4699272967614
13531,"2011-08-01",27679,1418,19.5197461212976
13531,"2011-08-08",23811,1315,18.1072243346008
13531,"2011-08-15",25447,1363,18.6698459280998
13531,"2011-08-22",25546,1308,19.5305810397554
13531,"2011-08-29",24102,1391,17.3271028037383
13531,"2011-09-05",20976,1339,15.6654219566841
13531,"2011-09-12",23321,1312,17.7751524390244
13531,"2011-09-19",24454,1304,18.7530674846626
13531,"2011-09-26",23126,1287,17.96891996892
13531,"2011-10-03",24763,1319,18.7740712661107
13531,"2011-10-10",23303,1254,18.5829346092504
13531,"2011-10-17",23555,1296,18.1751543209877
13531,"2011-10-24",24244,1309,18.5210084033613
13531,"2011-10-31",23762,1290,18.4201550387597
13531,"2011-11-07",22671,1252,18.1078274760383
13531,"2011-11-14",15043,991,15.1796165489405
13531,"2011-11-21",21910,1183,18.5207100591716
13531,"2011-11-28",16881,976,17.296106557377
13531,"2011-12-05",19024,986,19.2941176470588
13531,"2011-12-12",21781,1056,20.625946969697
13532,"2011-07-25",47451,1471,32.2576478585996
13532,"2011-08-01",39950,1377,29.0123456790123
13532,"2011-08-08",44398,1426,31.1346423562412
13532,"2011-08-15",41870,1411,29.6739900779589
13532,"2011-08-22",49244,1609,30.6053449347421
13532,"2011-08-29",52952,1617,32.7470624613482
13532,"2011-09-05",44592,1521,29.3175542406312
13532,"2011-09-12",49553,1588,31.2046599496222
13532,"2011-09-19",46017,1543,29.8230719377835
13532,"2011-09-26",49861,1607,31.0273802115744
13532,"2011-10-03",52590,1609,32.6848974518334
13532,"2011-10-10",50391,1617,31.1632653061224
13532,"2011-10-17",43658,1478,29.5385656292287
13532,"2011-10-24",48602,1530,31.7660130718954
13532,"2011-10-31",47766,1544,30.9365284974093
13532,"2011-11-07",48279,1516,31.8463060686016
13532,"2011-11-14",52369,1587,32.9987397605545
13532,"2011-11-21",46925,1529,30.6899934597776
13532,"2011-11-28",54112,1616,33.4851485148515
13532,"2011-12-05",56099,1642,34.1650426309379
13532,"2011-12-12",55327,1584,34.9286616161616
13533,"2011-07-25",11488,1114,10.3123877917415
13533,"2011-08-01",12013,1131,10.6215738284704
13533,"2011-08-08",12327,1186,10.393760539629
13533,"2011-08-15",12925,1208,10.6995033112583
13533,"2011-08-22",12744,1214,10.497528830313
13533,"2011-08-29",15692,1352,11.6065088757396
13533,"2011-09-05",14388,1260,11.4190476190476
13533,"2011-09-12",13240,1268,10.4416403785489
13533,"2011-09-19",14201,1317,10.7828397873956
13533,"2011-09-26",13642,1273,10.7164179104478
13533,"2011-10-03",13147,1243,10.5768302493966
13533,"2011-10-10",12535,1179,10.6318914334182
13533,"2011-10-17",13761,1288,10.6840062111801
13533,"2011-10-24",15525,1284,12.0911214953271
13533,"2011-10-31",13988,1252,11.1725239616613
13533,"2011-11-07",12128,1089,11.1368227731864
13533,"2011-11-14",14256,1221,11.6756756756757
13533,"2011-11-21",13101,1099,11.9208371246588
13533,"2011-11-28",13148,1179,11.1518235793045
13533,"2011-12-05",11945,1080,11.0601851851852
13533,"2011-12-12",12645,1083,11.6759002770083
