inst/sales/table1.csv
"product","date","revenue","units","price"
13556,"2011-07-25",129523,79,1639.53164556962
13556,"2011-08-01",124137,76,1633.38157894737
13556,"2011-08-08",128752,91,1414.85714285714
13556,"2011-08-15",130164,94,1384.72340425532
13556,"2011-08-22",118997,22,5408.95454545455
13556,"2011-08-29",144574,222,651.234234234234
13556,"2011-09-05",105245,1768,59.5277149321267
13556,"2011-09-12",112773,1835,61.4566757493188
13556,"2011-09-19",113851,1844,61.7413232104121
13556,"2011-09-26",130288,115,1132.93913043478
13556,"2011-10-03",124235,68,1826.98529411765
13556,"2011-10-10",108596,1805,60.1639889196676
13556,"2011-10-17",121921,65,1875.70769230769
13556,"2011-10-24",131438,137,959.401459854015
13556,"2011-10-31",135236,148,913.756756756757
13556,"2011-11-07",125398,73,1717.78082191781
13556,"2011-11-14",124258,78,1593.05128205128
13556,"2011-11-21",112408,1796,62.5879732739421
13556,"2011-11-28",102056,1676,60.8926014319809
13556,"2011-12-05",116568,1825,63.8728767123288
13556,"2011-12-12",130812,91,1437.49450549451
13561,"2011-07-25",7390,471,15.6900212314225
13561,"2011-08-01",8006,564,14.1950354609929
13561,"2011-08-08",7992,609,13.1231527093596
13561,"2011-08-15",8712,626,13.9169329073482
13561,"2011-08-22",8131,545,14.9192660550459
13561,"2011-08-29",8572,713,12.0224403927069
13561,"2011-09-05",7990,621,12.866344605475
13561,"2011-09-12",9165,775,11.8258064516129
13561,"2011-09-19",8049,654,12.3073394495413
13561,"2011-09-26",7057,471,14.9830148619958
13561,"2011-10-03",8580,626,13.7060702875399
13561,"2011-10-10",7080,352,20.1136363636364
13561,"2011-10-17",8333,615,13.549593495935
13561,"2011-10-24",9350,754,12.4005305039788
13561,"2011-10-31",13485,1066,12.6500938086304
13561,"2011-11-07",7314,385,18.9974025974026
13561,"2011-11-14",8038,589,13.6468590831919
13561,"2011-11-21",7670,589,13.0220713073005
13561,"2011-11-28",8846,703,12.5832147937411
13561,"2011-12-05",9135,634,14.4085173501577
13561,"2011-12-12",9026,721,12.5187239944522
13571,"2011-07-25",12795,330,38.7727272727273
13571,"2011-08-01",10641,1828,5.82111597374179
13571,"2011-08-08",8791,24,366.291666666667
13571,"2011-08-15",10178,118,86.2542372881356
13571,"2011-08-22",10116,81,124.888888888889
13571,"2011-08-29",11774,225,52.3288888888889
13571,"2011-09-05",8739,1845,4.73658536585366
13571,"2011-09-12",10567,72,146.763888888889
13571,"2011-09-19",11006,234,47.034188034188
13571,"2011-09-26",8084,1755,4.60626780626781
13571,"2011-10-03",11350,263,43.1558935361217
13571,"2011-10-10",8339,1784,4.67432735426009
13571,"2011-10-17",12285,299,41.0869565217391
13571,"2011-10-24",11107,174,63.8333333333333
13571,"2011-10-31",10892,98,111.142857142857
13571,"2011-11-07",10731,143,75.041958041958
13571,"2011-11-14",10083,81,124.481481481481
13571,"2011-11-21",13781,259,53.2084942084942
13571,"2011-11-28",12689,234,54.2264957264957
13571,"2011-12-05",13413,204,65.75
13571,"2011-12-12",10993,1774,6.1967305524239
13574,"2011-07-25",7471,1100,6.79181818181818
13574,"2011-08-01",8157,1194,6.83165829145729
13574,"2011-08-08",7086,1047,6.76790830945559
13574,"2011-08-15",7806,1166,6.69468267581475
13574,"2011-08-22",7398,1087,6.80588776448942
13574,"2011-08-29",9774,1332,7.33783783783784
13574,"2011-09-05",10794,1426,7.56942496493689
13574,"2011-09-12",16802,1772,9.48194130925508
13574,"2011-09-19",12033,1446,8.32157676348548
13574,"2011-09-26",8420,1092,7.71062271062271
13574,"2011-10-03",5460,839,6.507747318236
13574,"2011-10-10",7124,1078,6.60853432282004
13574,"2011-10-17",8265,1214,6.80807248764415
13574,"2011-10-24",8295,1261,6.57811260904044
13574,"2011-10-31",5675,913,6.2157721796276
13574,"2011-11-07",5734,863,6.64426419466976
13574,"2011-11-14",5761,667,8.63718140929535
13574,"2011-11-21",6202,792,7.83080808080808
13574,"2011-11-28",6657,657,10.1324200913242
13574,"2011-12-05",5048,352,14.3409090909091
13574,"2011-12-12",6443,445,14.4786516853933
13582,"2011-07-25",24201,1245,19.4385542168675
13582,"2011-08-01",24691,1265,19.5185770750988
13582,"2011-08-08",26259,1292,20.3243034055728
13582,"2011-08-15",25331,1273,19.8986645718775
13582,"2011-08-22",22675,1214,18.6779242174629
13582,"2011-08-29",25321,1273,19.8908091123331
13582,"2011-09-05",25994,1314,19.7823439878234
13582,"2011-09-12",27581,1375,20.0589090909091
13582,"2011-09-19",22693,1257,18.0533015115354
13582,"2011-09-26",24403,1278,19.0946791862285
13582,"2011-10-03",22679,1224,18.5285947712418
13582,"2011-10-10",20561,1129,18.2116917626218
13582,"2011-10-17",22922,1238,18.5153473344103
13582,"2011-10-24",35620,1537,23.1750162654522
13582,"2011-10-31",32482,1465,22.1720136518771
13582,"2011-11-07",19171,1070,17.9168224299065
13582,"2011-11-14",21184,1095,19.3461187214612
13582,"2011-11-21",21837,1131,19.3076923076923
13582,"2011-11-28",26146,1267,20.6361483820047
13582,"2011-12-05",31081,1350,23.022962962963
13582,"2011-12-12",33493,1469,22.7998638529612
13594,"2011-07-25",15011,1479,10.1494252873563
13594,"2011-08-01",17641,1600,11.025625
13594,"2011-08-08",14406,1568,9.1875
13594,"2011-08-15",15269,1387,11.0086517664023
13594,"2011-08-22",19580,1811,10.8117062396466
13594,"2011-08-29",17518,1767,9.91397849462366
13594,"2011-09-05",15318,1536,9.97265625
13594,"2011-09-12",15638,1398,11.1859799713877
13594,"2011-09-19",18100,1536,11.7838541666667
13594,"2011-09-26",17209,1579,10.8986700443319
13594,"2011-10-03",15859,1503,10.5515635395875
13594,"2011-10-10",12845,1291,9.94965143299768
13594,"2011-10-17",16955,1420,11.9401408450704
13594,"2011-10-24",15407,1492,10.3264075067024
13594,"2011-10-31",17507,1611,10.8671632526381
13594,"2011-11-07",18535,1409,13.1547196593329
13594,"2011-11-14",15243,1291,11.8071262587142
13594,"2011-11-21",12242,1090,11.2311926605505
13594,"2011-11-28",14073,1054,13.3519924098672
13594,"2011-12-05",13629,814,16.7432432432432
13594,"2011-12-12",10505,415,25.3132530120482
13595,"2011-07-25",25866,1665,15.5351351351351
13595,"2011-08-01",29535,1329,22.2234762979684
13595,"2011-08-08",33918,1442,23.5214979195562
13595,"2011-08-15",29491,3,9830.33333333333
13595,"2011-08-22",27947,1556,17.9607969151671
13595,"2011-08-29",35217,1766,19.9416761041903
13595,"2011-09-05",28834,1442,19.995839112344
13595,"2011-09-12",26514,1766,15.0135900339751
13595,"2011-09-19",28797,1556,18.5070694087404
13595,"2011-09-26",52443,1766,29.6959229898075
13595,"2011-10-03",24021,1665,14.427027027027
13595,"2011-10-10",29667,97,305.845360824742
13595,"2011-10-17",26754,1766,15.1494903737259
13595,"2011-10-24",33866,1556,21.7647814910026
13595,"2011-10-31",51118,97,526.989690721649
13595,"2011-11-07",30053,1329,22.6132430398796
13595,"2011-11-14",40105,180,222.805555555556
13595,"2011-11-21",23466,1665,14.0936936936937
13595,"2011-11-28",33690,1665,20.2342342342342
13595,"2011-12-05",32280,1181,27.3327688399661
13595,"2011-12-12",31917,250,127.668
13596,"2011-07-25",43435,1329,32.6824680210685
13596,"2011-08-01",55205,1329,41.5387509405568
13596,"2011-08-08",58817,1665,35.3255255255255
13596,"2011-08-15",60580,1181,51.2955122777307
13596,"2011-08-22",45093,989,45.5945399393327
13596,"2011-08-29",68598,1766,38.8437146092865
13596,"2011-09-05",52460,1556,33.7146529562982
13596,"2011-09-12",45860,648,70.7716049382716
13596,"2011-09-19",45025,648,69.483024691358
13596,"2011-09-26",44738,1181,37.8814563928874
13596,"2011-10-03",89438,1181,75.7307366638442
13596,"2011-10-10",45477,989,45.9828109201213
13596,"2011-10-17",80937,1556,52.0160668380463
13596,"2011-10-24",83748,1556,53.8226221079692
13596,"2011-10-31",47320,1442,32.8155339805825
13596,"2011-11-07",65093,1556,41.8335475578406
13596,"2011-11-14",47310,1329,35.5981941309255
13596,"2011-11-21",46790,989,47.3104145601618
13596,"2011-11-28",47005,648,72.5385802469136
13596,"2011-12-05",47995,648,74.0663580246914
13596,"2011-12-12",48983,1442,33.9687933425798
13600,"2011-07-25",17236,1589,10.8470736312146
13600,"2011-08-01",14426,1455,9.91477663230241
13600,"2011-08-08",16528,1503,10.9966733200266
13600,"2011-08-15",16804,1536,10.9401041666667
13600,"2011-08-22",17175,1536,11.181640625
13600,"2011-08-29",16089,1536,10.474609375
13600,"2011-09-05",18742,1707,10.97949619215
13600,"2011-09-12",14601,1398,10.4442060085837
13600,"2011-09-19",14272,1353,10.5484109386548
13600,"2011-09-26",15475,1479,10.4631507775524
13600,"2011-10-03",15453,1431,10.7987421383648
13600,"2011-10-10",15305,1420,10.7781690140845
13600,"2011-10-17",15306,1443,10.6070686070686
13600,"2011-10-24",14383,1376,10.452761627907
13600,"2011-10-31",14674,1503,9.76314038589488
13600,"2011-11-07",18768,1725,10.88
13600,"2011-11-14",22670,41,552.926829268293
13600,"2011-11-21",18605,1697,10.9634649381261
13600,"2011-11-28",18725,1755,10.6695156695157
13600,"2011-12-05",19781,1801,10.9833425874514
13600,"2011-12-12",21879,1793,12.2024539877301
13604,"2011-07-25",39055,649,60.1771956856703
13604,"2011-08-01",44443,969,45.8648090815273
13604,"2011-08-08",43115,781,55.2048655569782
13604,"2011-08-15",34367,649,52.9537750385208
13604,"2011-08-22",47523,915,51.9377049180328
13604,"2011-08-29",55703,1105,50.4099547511312
13604,"2011-09-05",43327,305,142.055737704918
13604,"2011-09-12",50642,1223,41.4080130825838
13604,"2011-09-19",53309,744,71.6518817204301
13604,"2011-09-26",60112,940,63.9489361702128
13604,"2011-10-03",53225,887,60.0056369785795
13604,"2011-10-10",34234,305,112.24262295082
13604,"2011-10-17",42176,915,46.0939890710383
13604,"2011-10-24",50615,305,165.950819672131
13604,"2011-10-31",32318,814,39.7027027027027
13604,"2011-11-07",32819,649,50.5685670261941
13604,"2011-11-14",29629,97,305.453608247423
13604,"2011-11-21",37929,415,91.3951807228916
13604,"2011-11-28",24616,1665,14.7843843843844
13604,"2011-12-05",36474,744,49.0241935483871
13604,"2011-12-12",47407,1054,44.9781783681214
13611,"2011-07-25",14530,52,279.423076923077
13611,"2011-08-01",11022,1707,6.45694200351494
13611,"2011-08-08",11295,1745,6.47277936962751
13611,"2011-08-15",10651,1633,6.52235150030619
13611,"2011-08-22",14591,1845,7.90840108401084
13611,"2011-08-29",12345,1755,7.03418803418803
13611,"2011-09-05",11280,1579,7.14376187460418
13611,"2011-09-12",10727,1589,6.75078665827565
13611,"2011-09-19",9291,1525,6.09245901639344
13611,"2011-09-26",12059,1736,6.94642857142857
13611,"2011-10-03",9271,1525,6.07934426229508
13611,"2011-10-10",10400,1622,6.4118372379778
13611,"2011-10-17",13412,1821,7.36518396485448
13611,"2011-10-24",13803,41,336.658536585366
13611,"2011-10-31",13629,1828,7.45568927789934
13611,"2011-11-07",9933,1536,6.466796875
13611,"2011-11-14",11345,1666,6.80972388955582
13611,"2011-11-21",10559,1514,6.97424042272127
13611,"2011-11-28",14168,1755,8.07293447293447
13611,"2011-12-05",12443,1677,7.41979725700656
13611,"2011-12-12",13562,1801,7.53026096612993
13615,"2011-07-25",115723,858,134.875291375291
13615,"2011-08-01",118116,874,135.144164759725
13615,"2011-08-08",121303,890,136.295505617978
13615,"2011-08-15",108460,822,131.946472019465
13615,"2011-08-22",90934,661,137.57034795764
13615,"2011-08-29",101208,764,132.471204188482
13615,"2011-09-05",93106,655,142.146564885496
13615,"2011-09-12",111091,849,130.849234393404
13615,"2011-09-19",95238,695,137.03309352518
13615,"2011-09-26",100074,743,134.689098250336
13615,"2011-10-03",91945,656,140.16006097561
13615,"2011-10-10",90869,659,137.889226100152
13615,"2011-10-17",96319,723,133.221300138313
13615,"2011-10-24",112583,866,130.003464203233
13615,"2011-10-31",99456,731,136.054719562243
13615,"2011-11-07",88364,588,150.278911564626
13615,"2011-11-14",90571,619,146.318255250404
13615,"2011-11-21",88303,622,141.966237942122
13615,"2011-11-28",104022,688,151.19476744186
13615,"2011-12-05",97889,660,148.316666666667
13615,"2011-12-12",103729,698,148.60888252149
13627,"2011-07-25",6611,398,16.6105527638191
13627,"2011-08-01",7351,403,18.2406947890819
13627,"2011-08-08",5614,251,22.3665338645418
13627,"2011-08-15",6628,322,20.583850931677
13627,"2011-08-22",6829,403,16.9454094292804
13627,"2011-08-29",7528,667,11.2863568215892
13627,"2011-09-05",6657,471,14.1337579617834
13627,"2011-09-12",5894,471,12.5138004246284
13627,"2011-09-19",6796,392,17.3367346938776
13627,"2011-09-26",6698,491,13.6415478615071
13627,"2011-10-03",6409,445,14.4022471910112
13627,"2011-10-10",6469,496,13.0423387096774
13627,"2011-10-17",7079,545,12.9889908256881
13627,"2011-10-24",7809,662,11.7960725075529
13627,"2011-10-31",7878,634,12.4258675078864
13627,"2011-11-07",6495,373,17.4128686327078
13627,"2011-11-14",6506,513,12.682261208577
13627,"2011-11-21",8017,626,12.8067092651757
13627,"2011-11-28",8750,820,10.6707317073171
13627,"2011-12-05",6974,582,11.9828178694158
13627,"2011-12-12",8281,721,11.4854368932039
13628,"2011-07-25",4442,225,19.7422222222222
13628,"2011-08-01",4150,72,57.6388888888889
13628,"2011-08-08",6050,488,12.3975409836066
13628,"2011-08-15",6184,480,12.8833333333333
13628,"2011-08-22",7024,678,10.3598820058997
13628,"2011-08-29",5834,366,15.9398907103825
13628,"2011-09-05",4550,160,28.4375
13628,"2011-09-12",3766,1767,2.13129598189021
13628,"2011-09-19",4142,1845,2.2449864498645
13628,"2011-09-26",3807,1774,2.14599774520857
13628,"2011-10-03",3841,52,73.8653846153846
13628,"2011-10-10",3945,81,48.7037037037037
13628,"2011-10-17",4635,196,23.6479591836735
13628,"2011-10-24",4803,98,49.0102040816327
13628,"2011-10-31",6121,440,13.9113636363636
13628,"2011-11-07",3817,4,954.25
13628,"2011-11-14",4910,306,16.0457516339869
13628,"2011-11-21",4011,1755,2.28547008547009
13628,"2011-11-28",5544,416,13.3269230769231
13628,"2011-12-05",4968,267,18.6067415730337
13628,"2011-12-12",5121,358,14.304469273743
13629,"2011-07-25",9940,299,33.2441471571906
13629,"2011-08-01",10683,366,29.1885245901639
13629,"2011-08-08",8479,220,38.5409090909091
13629,"2011-08-15",10592,352,30.0909090909091
13629,"2011-08-22",11771,550,21.4018181818182
13629,"2011-08-29",11282,525,21.4895238095238
13629,"2011-09-05",11874,369,32.1788617886179
13629,"2011-09-12",8512,311,27.3697749196141
13629,"2011-09-19",9006,340,26.4882352941176
13629,"2011-09-26",7875,169,46.5976331360947
13629,"2011-10-03",8835,322,27.4378881987578
13629,"2011-10-10",7365,135,54.5555555555556
13629,"2011-10-17",9106,285,31.9508771929825
13629,"2011-10-24",9563,299,31.9832775919732
13629,"2011-10-31",8519,220,38.7227272727273
13629,"2011-11-07",10437,403,25.8982630272953
13629,"2011-11-14",9820,296,33.1756756756757
13629,"2011-11-21",9314,373,24.970509383378
13629,"2011-11-28",11585,525,22.0666666666667
13629,"2011-12-05",11809,471,25.072186836518
13629,"2011-12-12",13469,694,19.4077809798271
13633,"2011-07-25",13774,1121,12.2872435325602
13633,"2011-08-01",15303,1193,12.8273260687343
13633,"2011-08-08",13692,1021,13.4103819784525
13633,"2011-08-15",13824,1080,12.8
13633,"2011-08-22",13067,1085,12.0433179723502
13633,"2011-08-29",17057,1238,13.7778675282714
13633,"2011-09-05",12883,1078,11.9508348794063
13633,"2011-09-12",11770,949,12.4025289778714
13633,"2011-09-19",13524,1046,12.9292543021033
13633,"2011-09-26",13321,1086,12.2661141804788
13633,"2011-10-03",12559,976,12.8678278688525
13633,"2011-10-10",12504,974,12.8377823408624
13633,"2011-10-17",11853,995,11.9125628140704
13633,"2011-10-24",12546,1051,11.9372026641294
13633,"2011-10-31",14826,1085,13.6645161290323
13633,"2011-11-07",12974,960,13.5145833333333
13633,"2011-11-14",14708,1069,13.7586529466791
13633,"2011-11-21",12947,974,13.2926078028747
13633,"2011-11-28",14267,1100,12.97
13633,"2011-12-05",13137,1007,13.0456802383317
13633,"2011-12-12",13357,1061,12.5890669180019
13637,"2011-07-25",27820,1453,19.1465932553338
13637,"2011-08-01",29463,1434,20.5460251046025
13637,"2011-08-08",26373,1383,19.0694143167028
13637,"2011-08-15",26756,1400,19.1114285714286
13637,"2011-08-22",26886,1406,19.122332859175
13637,"2011-08-29",29594,1527,19.3804846103471
13637,"2011-09-05",24646,1400,17.6042857142857
13637,"2011-09-12",26926,1449,18.5824706694272
13637,"2011-09-19",23529,1399,16.8184417441029
13637,"2011-09-26",27028,1432,18.8743016759777
13637,"2011-10-03",26946,1434,18.7907949790795
13637,"2011-10-10",24144,1384,17.4450867052023
13637,"2011-10-17",25619,1424,17.9908707865169
13637,"2011-10-24",25418,1373,18.5127458120903
13637,"2011-10-31",27144,1421,19.1020408163265
13637,"2011-11-07",24971,1380,18.0949275362319
13637,"2011-11-14",27099,1403,19.3150392017106
13637,"2011-11-21",24479,1364,17.9464809384164
13637,"2011-11-28",27834,1440,19.3291666666667
13637,"2011-12-05",22844,1318,17.3323216995448
13637,"2011-12-12",25482,1397,18.2405153901217
13643,"2011-07-25",29280,1061,27.5966069745523
13643,"2011-08-01",26591,981,27.1060142711519
13643,"2011-08-08",27471,976,28.1465163934426
13643,"2011-08-15",27572,966,28.5424430641822
13643,"2011-08-22",28494,1016,28.0452755905512
13643,"2011-08-29",34974,1172,29.8412969283276
13643,"2011-09-05",32096,1063,30.1937911571025
13643,"2011-09-12",27612,976,28.2909836065574
13643,"2011-09-19",26102,953,27.389296956978
13643,"2011-09-26",28143,987,28.5136778115502
13643,"2011-10-03",27370,1032,26.5213178294574
13643,"2011-10-10",25185,960,26.234375
13643,"2011-10-17",30492,1069,28.5238540692236
13643,"2011-10-24",25411,970,26.1969072164948
13643,"2011-10-31",28333,1013,27.969397828233
13643,"2011-11-07",26098,941,27.7343251859724
13643,"2011-11-14",23502,875,26.8594285714286
13643,"2011-11-21",26161,953,27.4512067156348
13643,"2011-11-28",30530,1063,28.7206020696143
13643,"2011-12-05",28018,1013,27.6584402764067
13643,"2011-12-12",28784,1049,27.4394661582459
