inst/sales/table1.csv
"product","date","revenue","units","price"
13644,"2011-07-25",66491,1186,56.0632377740304
13644,"2011-08-01",56222,1091,51.5325389550871
13644,"2011-08-08",62827,1141,55.0631025416302
13644,"2011-08-15",60442,1104,54.7481884057971
13644,"2011-08-22",61953,1154,53.6854419410745
13644,"2011-08-29",74370,1314,56.5981735159817
13644,"2011-09-05",64047,1208,53.0190397350993
13644,"2011-09-12",63902,1166,54.8044596912521
13644,"2011-09-19",59024,1129,52.2798937112489
13644,"2011-09-26",70292,1260,55.7873015873016
13644,"2011-10-03",69064,1228,56.2410423452769
13644,"2011-10-10",55435,1091,50.8111824014665
13644,"2011-10-17",56159,1131,49.6542882404951
13644,"2011-10-24",62905,1210,51.9876033057851
13644,"2011-10-31",61619,1138,54.1467486818981
13644,"2011-11-07",56828,1111,51.1503150315031
13644,"2011-11-14",59057,1150,51.3539130434783
13644,"2011-11-21",69522,1232,56.4301948051948
13644,"2011-11-28",75627,1270,59.5488188976378
13644,"2011-12-05",62439,1225,50.970612244898
13644,"2011-12-12",73868,1279,57.7544956997654
13645,"2011-07-25",15592,1105,14.110407239819
13645,"2011-08-01",15177,702,21.6196581196581
13645,"2011-08-08",19075,1365,13.974358974359
13645,"2011-08-15",16082,1014,15.8599605522682
13645,"2011-08-22",17756,1160,15.3068965517241
13645,"2011-08-29",15851,1223,12.9607522485691
13645,"2011-09-05",19653,1054,18.646110056926
13645,"2011-09-12",21525,1525,14.1147540983607
13645,"2011-09-19",18484,1316,14.0455927051672
13645,"2011-09-26",20914,1330,15.7248120300752
13645,"2011-10-03",15658,990,15.8161616161616
13645,"2011-10-10",18650,1105,16.8778280542986
13645,"2011-10-17",14314,1223,11.7040065412919
13645,"2011-10-24",21129,1398,15.1137339055794
13645,"2011-10-31",19917,1316,15.1344984802432
13645,"2011-11-07",14071,1182,11.904399323181
13645,"2011-11-14",20840,1140,18.280701754386
13645,"2011-11-21",15395,1073,14.3476234855545
13645,"2011-11-28",24205,1443,16.7740817740818
13645,"2011-12-05",24193,1687,14.3408417308832
13645,"2011-12-12",27825,1707,16.3005272407733
13650,"2011-07-25",4931,598,8.24581939799331
13650,"2011-08-01",5370,589,9.11714770797963
13650,"2011-08-08",4703,453,10.3818984547461
13650,"2011-08-15",4613,513,8.99220272904483
13650,"2011-08-22",4382,347,12.628242074928
13650,"2011-08-29",6826,850,8.03058823529412
13650,"2011-09-05",5071,409,12.398533007335
13650,"2011-09-12",5140,520,9.88461538461539
13650,"2011-09-19",4971,453,10.9735099337748
13650,"2011-09-26",6008,641,9.37285491419657
13650,"2011-10-03",5210,525,9.92380952380952
13650,"2011-10-10",4220,282,14.9645390070922
13650,"2011-10-17",4749,453,10.4834437086093
13650,"2011-10-24",6275,732,8.5724043715847
13650,"2011-10-31",5611,488,11.4979508196721
13650,"2011-11-07",4421,337,13.1186943620178
13650,"2011-11-14",4620,352,13.125
13650,"2011-11-21",5303,545,9.7302752293578
13650,"2011-11-28",5002,508,9.84645669291339
13650,"2011-12-05",6222,672,9.25892857142857
13650,"2011-12-12",5191,453,11.4591611479029
13651,"2011-07-25",7075,1047,6.75740210124164
13651,"2011-08-01",6985,997,7.00601805416249
13651,"2011-08-08",6133,893,6.86786114221725
13651,"2011-08-15",6896,1047,6.58643744030563
13651,"2011-08-22",5520,870,6.3448275862069
13651,"2011-08-29",7969,1141,6.98422436459246
13651,"2011-09-05",6098,870,7.00919540229885
13651,"2011-09-12",5625,845,6.65680473372781
13651,"2011-09-19",5537,860,6.43837209302326
13651,"2011-09-26",6197,971,6.38208032955716
13651,"2011-10-03",5702,924,6.17099567099567
13651,"2011-10-10",4764,780,6.10769230769231
13651,"2011-10-17",5593,920,6.07934782608696
13651,"2011-10-24",6978,1015,6.87487684729064
13651,"2011-10-31",6026,883,6.82446206115515
13651,"2011-11-07",5561,760,7.31710526315789
13651,"2011-11-14",6194,941,6.58235919234856
13651,"2011-11-21",6386,966,6.61076604554865
13651,"2011-11-28",7358,1063,6.92191909689558
13651,"2011-12-05",6225,913,6.81818181818182
13651,"2011-12-12",5374,765,7.02483660130719
13653,"2011-07-25",37011,124,298.475806451613
13653,"2011-08-01",38157,145,263.151724137931
13653,"2011-08-08",34620,40,865.5
13653,"2011-08-15",32308,50,646.16
13653,"2011-08-22",31987,47,680.574468085106
13653,"2011-08-29",39435,211,186.895734597156
13653,"2011-09-05",30272,1820,16.632967032967
13653,"2011-09-12",30607,1815,16.8633608815427
13653,"2011-09-19",29843,1783,16.7375210319686
13653,"2011-09-26",32838,21,1563.71428571429
13653,"2011-10-03",30508,1808,16.8738938053097
13653,"2011-10-10",28611,1753,16.3211637193383
13653,"2011-10-17",29747,1783,16.6836791923724
13653,"2011-10-24",27656,1723,16.0510737086477
13653,"2011-10-31",28923,1758,16.4522184300341
13653,"2011-11-07",26702,1682,15.8751486325803
13653,"2011-11-14",25519,1618,15.7719406674907
13653,"2011-11-21",25590,1673,15.2958756724447
13653,"2011-11-28",26437,1713,15.4331582019848
13653,"2011-12-05",26428,1708,15.4730679156909
13653,"2011-12-12",26874,1703,15.7803875513799
13658,"2011-07-25",7918,1611,4.91495965238982
13658,"2011-08-01",12436,243,51.1769547325103
13658,"2011-08-08",11815,234,50.491452991453
13658,"2011-08-15",11956,267,44.7790262172285
13658,"2011-08-22",11706,225,52.0266666666667
13658,"2011-08-29",13945,352,39.6164772727273
13658,"2011-09-05",13860,275,50.4
13658,"2011-09-12",11932,204,58.4901960784314
13658,"2011-09-19",12084,225,53.7066666666667
13658,"2011-09-26",13369,296,45.1655405405405
13658,"2011-10-03",13003,366,35.5273224043716
13658,"2011-10-10",13107,347,37.7723342939481
13658,"2011-10-17",12165,263,46.254752851711
13658,"2011-10-24",13537,403,33.590570719603
13658,"2011-10-31",15042,431,34.9002320185615
13658,"2011-11-07",12219,220,55.5409090909091
13658,"2011-11-14",12524,330,37.9515151515152
13658,"2011-11-21",11980,285,42.0350877192982
13658,"2011-11-28",14802,604,24.5066225165563
13658,"2011-12-05",13191,392,33.6505102040816
13658,"2011-12-12",13814,445,31.0426966292135
13663,"2011-07-25",10875,1371,7.93216630196937
13663,"2011-08-01",10033,1295,7.74749034749035
13663,"2011-08-08",7830,1079,7.25671918443003
13663,"2011-08-15",9132,1228,7.43648208469055
13663,"2011-08-22",7477,1056,7.08049242424242
13663,"2011-08-29",9061,1232,7.35470779220779
13663,"2011-09-05",7175,1081,6.63737280296022
13663,"2011-09-12",8106,1133,7.15445719329214
13663,"2011-09-19",8133,1126,7.22291296625222
13663,"2011-09-26",8970,1268,7.07413249211356
13663,"2011-10-03",8011,1129,7.09565987599646
13663,"2011-10-10",7259,1091,6.65352887259395
13663,"2011-10-17",7911,1093,7.23787740164684
13663,"2011-10-24",8843,1222,7.23649754500818
13663,"2011-10-31",8400,1138,7.38137082601054
13663,"2011-11-07",7640,1092,6.996336996337
13663,"2011-11-14",7682,1095,7.01552511415525
13663,"2011-11-21",6914,1032,6.69961240310078
13663,"2011-11-28",9216,1193,7.72506286672255
13663,"2011-12-05",6556,1007,6.51042701092353
13663,"2011-12-12",8475,1186,7.14586846543002
13666,"2011-07-25",8362,782,10.693094629156
13666,"2011-08-01",7336,727,10.0907840440165
13666,"2011-08-08",6799,545,12.4752293577982
13666,"2011-08-15",8204,621,13.2109500805153
13666,"2011-08-22",7109,630,11.284126984127
13666,"2011-08-29",8924,765,11.6653594771242
13666,"2011-09-05",7100,464,15.301724137931
13666,"2011-09-12",6348,453,14.0132450331126
13666,"2011-09-19",6454,464,13.9094827586207
13666,"2011-09-26",7902,694,11.3861671469741
13666,"2011-10-03",8264,792,10.4343434343434
13666,"2011-10-10",6179,369,16.7452574525745
13666,"2011-10-17",6640,398,16.6834170854271
13666,"2011-10-24",6001,376,15.9601063829787
13666,"2011-10-31",5522,317,17.4195583596215
13666,"2011-11-07",5407,267,20.250936329588
13666,"2011-11-14",7891,657,12.0106544901065
13666,"2011-11-21",4627,41,112.853658536585
13666,"2011-11-28",5469,196,27.9030612244898
13666,"2011-12-05",4992,220,22.6909090909091
13666,"2011-12-12",5247,181,28.9889502762431
13684,"2011-07-25",44068,1600,27.5425
13684,"2011-08-01",46294,1644,28.1593673965937
13684,"2011-08-08",38285,1611,23.7647423960273
13684,"2011-08-15",30279,1387,21.8305695746215
13684,"2011-08-22",28025,1431,19.5842068483578
13684,"2011-08-29",37453,1655,22.6302114803625
13684,"2011-09-05",38174,1677,22.7632677400119
13684,"2011-09-12",37507,1600,23.441875
13684,"2011-09-19",31997,1479,21.6342123056119
13684,"2011-09-26",34617,1589,21.785399622404
13684,"2011-10-03",27457,1376,19.9542151162791
13684,"2011-10-10",35186,1611,21.8410924891372
13684,"2011-10-17",29261,1514,19.3269484808454
13684,"2011-10-24",38908,1687,23.0634262003557
13684,"2011-10-31",37132,1644,22.5863746958637
13684,"2011-11-07",45687,1767,25.8556876061121
13684,"2011-11-14",31532,1365,23.1003663003663
13684,"2011-11-21",39195,1579,24.8226725775807
13684,"2011-11-28",45032,1755,25.6592592592593
13684,"2011-12-05",33995,1536,22.1321614583333
13684,"2011-12-12",41696,1677,24.8634466308885
13685,"2011-07-25",13490,174,77.5287356321839
13685,"2011-08-01",14662,243,60.3374485596708
13685,"2011-08-08",16160,337,47.9525222551929
13685,"2011-08-15",13255,181,73.232044198895
13685,"2011-08-22",14472,337,42.9436201780415
13685,"2011-08-29",13737,296,46.4087837837838
13685,"2011-09-05",11270,1811,6.22308117062396
13685,"2011-09-12",12376,1837,6.73707131192161
13685,"2011-09-19",11921,1633,7.30006123698714
13685,"2011-09-26",9809,1492,6.57439678284182
13685,"2011-10-03",13418,108,124.240740740741
13685,"2011-10-10",12573,160,78.58125
13685,"2011-10-17",13746,403,34.1091811414392
13685,"2011-10-24",36384,1248,29.1538461538462
13685,"2011-10-31",31480,1111,28.3348334833483
13685,"2011-11-07",12815,118,108.601694915254
13685,"2011-11-14",13199,126,104.753968253968
13685,"2011-11-21",14750,337,43.7685459940653
13685,"2011-11-28",12254,234,52.3675213675214
13685,"2011-12-05",14998,299,50.1605351170569
13685,"2011-12-12",15313,340,45.0382352941176
13688,"2011-07-25",10559,811,13.019728729963
13688,"2011-08-01",9273,792,11.7083333333333
13688,"2011-08-08",10802,924,11.6904761904762
13688,"2011-08-15",11525,924,12.4729437229437
13688,"2011-08-22",9606,745,12.8939597315436
13688,"2011-08-29",10617,815,13.0269938650307
13688,"2011-09-05",9201,713,12.9046283309958
13688,"2011-09-12",11968,922,12.9804772234273
13688,"2011-09-19",9594,713,13.4558204768583
13688,"2011-09-26",10553,832,12.6838942307692
13688,"2011-10-03",9806,782,12.539641943734
13688,"2011-10-10",9404,713,13.1893408134642
13688,"2011-10-17",10594,906,11.6931567328918
13688,"2011-10-24",25234,1490,16.9355704697987
13688,"2011-10-31",25701,1488,17.2721774193548
13688,"2011-11-07",9999,621,16.1014492753623
13688,"2011-11-14",9889,741,13.3454790823212
13688,"2011-11-21",8964,572,15.6713286713287
13688,"2011-11-28",8616,525,16.4114285714286
13688,"2011-12-05",9543,630,15.147619047619
13688,"2011-12-12",11472,754,15.2148541114058
13781,"2011-07-25",35487,343,103.460641399417
13781,"2011-08-01",33709,284,118.693661971831
13781,"2011-08-08",32036,264,121.348484848485
13781,"2011-08-15",33825,336,100.669642857143
13781,"2011-08-22",33282,314,105.993630573248
13781,"2011-08-29",35202,370,95.1405405405405
13781,"2011-09-05",31255,288,108.524305555556
13781,"2011-09-12",33494,333,100.582582582583
13781,"2011-09-19",35328,382,92.4816753926702
13781,"2011-09-26",33891,349,97.10888252149
13781,"2011-10-03",33125,321,103.193146417445
13781,"2011-10-10",24945,36,692.916666666667
13781,"2011-10-17",17967,1419,12.661733615222
13781,"2011-10-24",28635,286,100.122377622378
13781,"2011-10-31",18129,1757,10.318155947638
13781,"2011-11-07",15789,1588,9.94269521410579
13781,"2011-11-14",19693,1709,11.5231129315389
13781,"2011-11-21",24500,158,155.063291139241
13781,"2011-11-28",36244,271,133.741697416974
13781,"2011-12-05",36238,252,143.801587301587
13781,"2011-12-12",40051,338,118.494082840237
13782,"2011-07-25",23969,1435,16.7031358885017
13782,"2011-08-01",24931,1502,16.598535286285
13782,"2011-08-08",22064,1421,15.5270935960591
13782,"2011-08-15",24196,1440,16.8027777777778
13782,"2011-08-22",21155,1392,15.1975574712644
13782,"2011-08-29",26089,1517,17.1977587343441
13782,"2011-09-05",23641,1428,16.5553221288515
13782,"2011-09-12",24752,1461,16.9418206707734
13782,"2011-09-19",22515,1371,16.4223194748359
13782,"2011-09-26",22706,1323,17.1625094482237
13782,"2011-10-03",23655,1361,17.3806024981631
13782,"2011-10-10",24018,1427,16.8311142256482
13782,"2011-10-17",21853,1393,15.6877243359655
13782,"2011-10-24",25778,1470,17.5360544217687
13782,"2011-10-31",23765,1404,16.9266381766382
13782,"2011-11-07",21856,1378,15.8606676342525
13782,"2011-11-14",24334,1457,16.7014413177763
13782,"2011-11-21",24112,1433,16.8262386601535
13782,"2011-11-28",25334,1490,17.0026845637584
13782,"2011-12-05",24015,1451,16.5506547208822
13782,"2011-12-12",27573,1549,17.8005164622337
13790,"2011-07-25",23049,1121,20.5611061552186
13790,"2011-08-01",20464,1103,18.5530371713509
13790,"2011-08-08",21978,1080,20.35
13790,"2011-08-15",23455,1179,19.8939779474131
13790,"2011-08-22",22368,1121,19.9536128456735
13790,"2011-08-29",23824,1183,20.1386306001691
13790,"2011-09-05",22206,1138,19.5131810193322
13790,"2011-09-12",23392,1130,20.7008849557522
13790,"2011-09-19",20222,1070,18.8990654205607
13790,"2011-09-26",21981,1161,18.9328165374677
13790,"2011-10-03",19713,1130,17.4451327433628
13790,"2011-10-10",17891,1042,17.1698656429942
13790,"2011-10-17",21782,1150,18.9408695652174
13790,"2011-10-24",21268,1040,20.45
13790,"2011-10-31",16896,951,17.7665615141956
13790,"2011-11-07",16687,920,18.1380434782609
13790,"2011-11-14",18020,988,18.2388663967611
13790,"2011-11-21",17260,970,17.7938144329897
13790,"2011-11-28",19493,1022,19.073385518591
13790,"2011-12-05",17318,904,19.1570796460177
13790,"2011-12-12",15484,800,19.355
13792,"2011-07-25",16111,883,18.2457531143828
13792,"2011-08-01",18568,920,20.1826086956522
13792,"2011-08-08",13801,741,18.6248313090418
13792,"2011-08-15",16252,881,18.4472190692395
13792,"2011-08-22",14996,797,18.8155583437892
13792,"2011-08-29",19755,999,19.7747747747748
13792,"2011-09-05",16379,832,19.6862980769231
13792,"2011-09-12",16259,927,17.5393743257821
13792,"2011-09-19",17476,944,18.5127118644068
13792,"2011-09-26",18171,1005,18.0805970149254
13792,"2011-10-03",19374,1080,17.9388888888889
13792,"2011-10-10",17540,1005,17.452736318408
13792,"2011-10-17",18426,995,18.5185929648241
13792,"2011-10-24",17692,970,18.239175257732
13792,"2011-10-31",16323,910,17.9373626373626
13792,"2011-11-07",15918,863,18.4449594438007
13792,"2011-11-14",16450,906,18.1567328918322
13792,"2011-11-21",13604,772,17.6217616580311
13792,"2011-11-28",16336,883,18.5005662514156
13792,"2011-12-05",16343,740,22.0851351351351
13792,"2011-12-12",13374,716,18.6787709497207
13796,"2011-07-25",22206,1148,19.3432055749129
13796,"2011-08-01",22561,1179,19.1357082273113
13796,"2011-08-08",21377,1103,19.3807796917498
13796,"2011-08-15",22662,1161,19.5193798449612
13796,"2011-08-22",21571,1083,19.9178208679594
13796,"2011-08-29",25698,1247,20.607858861267
13796,"2011-09-05",24386,1241,19.6502820306205
13796,"2011-09-12",22529,1115,20.2053811659193
13796,"2011-09-19",23741,1154,20.5727902946274
13796,"2011-09-26",25491,1285,19.8373540856031
13796,"2011-10-03",25596,1281,19.9812646370023
13796,"2011-10-10",20306,1144,17.75
13796,"2011-10-17",23550,1212,19.4306930693069
13796,"2011-10-24",22094,1087,20.3256669733211
13796,"2011-10-31",20221,1087,18.6025758969641
13796,"2011-11-07",19341,1044,18.5258620689655
13796,"2011-11-14",19591,1058,18.5170132325142
13796,"2011-11-21",16814,944,17.8114406779661
13796,"2011-11-28",19719,1042,18.9241842610365
13796,"2011-12-05",18309,966,18.9534161490683
13796,"2011-12-12",16404,895,18.3284916201117
13797,"2011-07-25",40699,1590,25.596855345912
13797,"2011-08-01",38537,1581,24.3750790638836
13797,"2011-08-08",40607,1625,24.9889230769231
13797,"2011-08-15",41757,1636,25.5238386308068
13797,"2011-08-22",41231,1623,25.4041897720271
13797,"2011-08-29",47495,1732,27.4220554272517
13797,"2011-09-05",43193,1650,26.1775757575758
13797,"2011-09-12",43051,1656,25.9969806763285
13797,"2011-09-19",38738,1559,24.8479794740218
13797,"2011-09-26",37289,1558,23.9338896020539
13797,"2011-10-03",37016,1551,23.865892972276
13797,"2011-10-10",31339,1439,21.778318276581
13797,"2011-10-17",36834,1562,23.5813060179257
13797,"2011-10-24",35428,1507,23.5089581950896
13797,"2011-10-31",34514,1467,23.5269256987048
13797,"2011-11-07",29764,1385,21.4902527075812
13797,"2011-11-14",33709,1450,23.2475862068966
13797,"2011-11-21",31424,1411,22.2707299787385
13797,"2011-11-28",30831,1371,22.4879649890591
13797,"2011-12-05",30222,1351,22.3700962250185
13797,"2011-12-12",26454,1255,21.0788844621514
13805,"2011-07-25",19267,365,52.786301369863
13805,"2011-08-01",26349,649,40.5993836671803
13805,"2011-08-08",23578,535,44.0710280373832
13805,"2011-08-15",19331,365,52.9616438356164
13805,"2011-08-22",29174,305,95.6524590163934
13805,"2011-08-29",22163,597,37.1239530988275
13805,"2011-09-05",25113,479,52.4279749478079
13805,"2011-09-12",21934,597,36.7403685092127
13805,"2011-09-19",24357,597,40.7989949748744
13805,"2011-09-26",18555,305,60.8360655737705
13805,"2011-10-03",27748,415,66.8626506024096
13805,"2011-10-10",23389,535,43.7177570093458
13805,"2011-10-17",25840,649,39.8151001540832
13805,"2011-10-24",18557,415,44.7156626506024
13805,"2011-10-31",19194,479,40.0709812108559
13805,"2011-11-07",16420,97,169.278350515464
13805,"2011-11-14",20823,3,6941
13805,"2011-11-21",23566,415,56.7855421686747
13805,"2011-11-28",18808,305,61.6655737704918
13805,"2011-12-05",22081,250,88.324
13805,"2011-12-12",29833,781,38.1984635083227
