inst/sales/table1.csv
"product","date","revenue","units","price"
13890,"2011-07-25",33241,949,35.027397260274
13890,"2011-08-01",31082,875,35.5222857142857
13890,"2011-08-08",28325,782,36.2212276214834
13890,"2011-08-15",32919,910,36.1747252747253
13890,"2011-08-22",27374,740,36.9918918918919
13890,"2011-08-29",28158,765,36.8078431372549
13890,"2011-09-05",35179,810,43.4308641975309
13890,"2011-09-12",33010,841,39.2508917954816
13890,"2011-09-19",30365,737,41.2008141112619
13890,"2011-09-26",29329,782,37.5051150895141
13890,"2011-10-03",29650,687,43.1586608442504
13890,"2011-10-10",29826,672,44.3839285714286
13890,"2011-10-17",32081,732,43.8265027322404
13890,"2011-10-24",29248,782,37.4015345268542
13890,"2011-10-31",31132,815,38.198773006135
13890,"2011-11-07",29294,740,39.5864864864865
13890,"2011-11-14",27368,609,44.9392446633826
13890,"2011-11-21",36702,900,40.78
13890,"2011-11-28",33023,875,37.7405714285714
13890,"2011-12-05",36362,932,39.0150214592275
13890,"2011-12-12",40007,1067,37.4948453608247
13892,"2011-07-25",61216,785,77.9821656050955
13892,"2011-08-01",72114,944,76.3919491525424
13892,"2011-08-08",73152,959,76.2794577685089
13892,"2011-08-15",68106,863,78.9177288528389
13892,"2011-08-22",66367,900,73.7411111111111
13892,"2011-08-29",68438,920,74.3891304347826
13892,"2011-09-05",68882,913,75.4457831325301
13892,"2011-09-12",74872,1032,72.5503875968992
13892,"2011-09-19",59764,850,70.3105882352941
13892,"2011-09-26",65937,881,74.8433598183882
13892,"2011-10-03",63009,916,68.7871179039301
13892,"2011-10-10",63160,870,72.5977011494253
13892,"2011-10-17",57582,716,80.4217877094972
13892,"2011-10-24",60712,820,74.0390243902439
13892,"2011-10-31",63945,839,76.2157330154946
13892,"2011-11-07",54174,727,74.5171939477304
13892,"2011-11-14",62866,859,73.1850989522701
13892,"2011-11-21",67227,966,69.5931677018634
13892,"2011-11-28",74159,1005,73.7900497512438
13892,"2011-12-05",82482,1080,76.3722222222222
13930,"2011-07-25",23679,1323,17.8979591836735
13930,"2011-08-01",22349,1281,17.4465261514442
13930,"2011-08-08",21816,1281,17.0304449648712
13930,"2011-08-15",22037,1283,17.1761496492595
13930,"2011-08-22",20220,1245,16.2409638554217
13930,"2011-08-29",22515,1312,17.1608231707317
13930,"2011-09-05",22255,1268,17.551261829653
13930,"2011-09-12",21241,1295,16.4023166023166
13930,"2011-09-19",21044,1247,16.8757016840417
13930,"2011-09-26",23579,1372,17.185860058309
13930,"2011-10-03",18420,1256,14.6656050955414
13930,"2011-10-10",17999,1261,14.2735923869944
13930,"2011-10-17",17907,1219,14.6899097621001
13930,"2011-10-24",19813,1313,15.0898705255141
13930,"2011-10-31",19255,1281,15.0312256049961
13930,"2011-11-07",17478,1238,14.1179321486268
13930,"2011-11-14",19517,1289,15.1411947245927
13930,"2011-11-21",20504,1337,15.3358264771877
13930,"2011-11-28",22789,1390,16.394964028777
13930,"2011-12-05",23450,1424,16.4676966292135
13931,"2011-07-25",64234,1706,37.651817116061
13931,"2011-08-01",54751,1584,34.5650252525253
13931,"2011-08-08",61762,1650,37.4315151515151
13931,"2011-08-15",56572,1607,35.2034847542004
13931,"2011-08-22",55600,1608,34.5771144278607
13931,"2011-08-29",62091,1678,37.0029797377831
13931,"2011-09-05",51829,1564,33.1387468030691
13931,"2011-09-12",57785,1651,35
13931,"2011-09-19",57035,1574,36.2357052096569
13931,"2011-09-26",54431,1563,34.8246960972489
13931,"2011-10-03",50105,1524,32.8772965879265
13931,"2011-10-10",48676,1513,32.1718440185063
13931,"2011-10-17",49648,1528,32.4921465968586
13931,"2011-10-24",51142,1537,33.273910214704
13931,"2011-10-31",45485,1482,30.691632928475
13931,"2011-11-07",51303,1548,33.1414728682171
13931,"2011-11-14",47552,1428,33.2997198879552
13931,"2011-11-21",41905,1361,30.7898603967671
13931,"2011-11-28",49044,1375,35.6683636363636
13931,"2011-12-05",35096,1144,30.6783216783217
13934,"2011-07-25",47427,897,52.8729096989967
13934,"2011-08-01",50053,925,54.1113513513514
13934,"2011-08-08",48062,898,53.5211581291759
13934,"2011-08-15",48184,902,53.4190687361419
13934,"2011-08-22",45944,857,53.610268378063
13934,"2011-08-29",53841,980,54.9397959183673
13934,"2011-09-05",46783,873,53.5887743413517
13934,"2011-09-12",48900,801,61.0486891385768
13934,"2011-09-19",48966,877,55.8335233751425
13934,"2011-09-26",53689,939,57.1767838125666
13934,"2011-10-03",47447,807,58.7942998760843
13934,"2011-10-10",49147,861,57.0813008130081
13934,"2011-10-17",46032,842,54.6698337292162
13934,"2011-10-24",47289,882,53.6156462585034
13934,"2011-10-31",44458,812,54.7512315270936
13934,"2011-11-07",47295,869,54.4246260069045
13934,"2011-11-14",46109,838,55.0226730310263
13934,"2011-11-21",46052,847,54.370720188902
13934,"2011-11-28",50869,926,54.9341252699784
13934,"2011-12-05",49082,879,55.8384527872582
13935,"2011-07-25",167712,173,969.433526011561
13935,"2011-08-01",144288,11,13117.0909090909
13935,"2011-08-08",145466,28,5195.21428571429
13935,"2011-08-15",157898,132,1196.19696969697
13935,"2011-08-22",178685,236,757.139830508475
13935,"2011-08-29",349807,1082,323.296672828096
13935,"2011-09-05",200232,327,612.330275229358
13935,"2011-09-12",203974,316,645.487341772152
13935,"2011-09-19",208411,357,583.78431372549
13935,"2011-09-26",245857,481,511.137214137214
13935,"2011-10-03",224325,399,562.218045112782
13935,"2011-10-10",185178,262,706.786259541985
13935,"2011-10-17",209225,357,586.064425770308
13935,"2011-10-24",194882,268,727.171641791045
13935,"2011-10-31",153816,50,3076.32
13935,"2011-11-07",80627,1314,61.3599695585997
13935,"2011-11-14",53044,875,60.6217142857143
13935,"2011-11-21",45740,572,79.965034965035
13935,"2011-11-28",47782,788,60.6370558375635
13935,"2011-12-05",82169,1326,61.9675716440422
13936,"2011-07-25",111177,863,128.826187717265
13936,"2011-08-01",107667,854,126.073770491803
13936,"2011-08-08",111329,924,120.485930735931
13936,"2011-08-15",96688,815,118.635582822086
13936,"2011-08-22",106771,916,116.562227074236
13936,"2011-08-29",127686,1021,125.059745347698
13936,"2011-09-05",107377,916,117.223799126638
13936,"2011-09-12",101560,824,123.252427184466
13936,"2011-09-19",106760,865,123.421965317919
13936,"2011-09-26",102597,904,113.492256637168
13936,"2011-10-03",96218,815,118.058895705521
13936,"2011-10-10",83038,667,124.494752623688
13936,"2011-10-17",117437,976,120.324795081967
13936,"2011-10-24",102281,878,116.493166287016
13936,"2011-10-31",97170,782,124.25831202046
13936,"2011-11-07",141196,995,141.905527638191
13936,"2011-11-14",88452,589,150.173174872666
13936,"2011-11-21",65476,212,308.849056603774
13936,"2011-11-28",75672,204,370.941176470588
13936,"2011-12-05",89603,409,219.078239608802
13938,"2011-07-25",83882,125,671.056
13938,"2011-08-01",86175,144,598.4375
13938,"2011-08-08",85340,147,580.544217687075
13938,"2011-08-15",79981,110,727.1
13938,"2011-08-22",89338,201,444.467661691542
13938,"2011-08-29",93416,219,426.557077625571
13938,"2011-09-05",84369,141,598.36170212766
13938,"2011-09-12",87379,165,529.569696969697
13938,"2011-09-19",84509,128,660.2265625
13938,"2011-09-26",90052,178,505.910112359551
13938,"2011-10-03",89378,177,504.960451977401
13938,"2011-10-10",90765,192,472.734375
13938,"2011-10-17",91042,189,481.703703703704
13938,"2011-10-24",91180,195,467.589743589744
13938,"2011-10-31",87185,164,531.615853658537
13938,"2011-11-07",90972,168,541.5
13938,"2011-11-14",90499,176,514.198863636364
13938,"2011-11-21",92325,200,461.625
13938,"2011-11-28",95102,238,399.588235294118
13938,"2011-12-05",88599,179,494.966480446927
13940,"2011-07-25",92281,191,483.146596858639
13940,"2011-08-01",82567,92,897.467391304348
13940,"2011-08-08",90630,159,570
13940,"2011-08-15",83727,89,940.752808988764
13940,"2011-08-22",88980,147,605.30612244898
13940,"2011-08-29",98285,252,390.019841269841
13940,"2011-09-05",86386,139,621.482014388489
13940,"2011-09-12",92630,166,558.012048192771
13940,"2011-09-19",88781,137,648.036496350365
13940,"2011-09-26",97385,208,468.197115384615
13940,"2011-10-03",79027,7,11289.5714285714
13940,"2011-10-10",78164,35,2233.25714285714
13940,"2011-10-17",76831,18,4268.38888888889
13940,"2011-10-24",84855,107,793.03738317757
13940,"2011-10-31",78310,6,13051.6666666667
13940,"2011-11-07",78376,1846,42.4572047670639
13940,"2011-11-14",77562,1799,43.1139521956643
13940,"2011-11-21",68259,1681,40.6061867935753
13940,"2011-11-28",61611,1499,41.101400933956
13940,"2011-12-05",53908,1311,41.1197559115179
14453,"2011-07-25",13864,52,266.615384615385
14453,"2011-08-01",16391,196,83.6275510204082
14453,"2011-08-08",15249,220,69.3136363636364
14453,"2011-08-15",13412,24,558.833333333333
14453,"2011-08-22",14226,1811,7.85532854776367
14453,"2011-08-29",15212,212,71.7547169811321
14453,"2011-09-05",12661,1801,7.02998334258745
14453,"2011-09-12",12323,1774,6.94644870349493
14453,"2011-09-19",11769,1420,8.28802816901409
14453,"2011-09-26",12399,1589,7.80302076777848
14453,"2011-10-03",9278,1353,6.85735402808574
14453,"2011-10-10",12867,1600,8.041875
14453,"2011-10-17",14121,1611,8.76536312849162
14453,"2011-10-24",11499,1443,7.96881496881497
14453,"2011-10-31",8421,1223,6.88552739165985
14453,"2011-11-07",4247,597,7.11390284757119
14453,"2011-11-14",3533,1556,2.27056555269923
14453,"2011-11-21",4052,250,16.208
14453,"2011-11-28",4070,1556,2.61568123393316
14453,"2011-12-05",6673,415,16.0795180722892
14840,"2011-07-25",3198,415,7.70602409638554
14840,"2011-08-01",7208,990,7.28080808080808
14840,"2011-08-08",5125,887,5.77790304396843
14840,"2011-08-15",4708,814,5.78378378378378
14840,"2011-08-22",2237,97,23.0618556701031
14840,"2011-08-29",9467,1291,7.33307513555383
14840,"2011-09-05",4408,597,7.38358458961474
14840,"2011-09-12",4024,597,6.74036850921273
14840,"2011-09-19",4852,915,5.30273224043716
14840,"2011-09-26",7528,1073,7.01584342963653
14840,"2011-10-03",5295,940,5.63297872340426
14840,"2011-10-10",7478,1054,7.09487666034156
14840,"2011-10-17",5030,887,5.67080045095829
14840,"2011-10-24",5167,887,5.82525366403608
14840,"2011-10-31",6260,915,6.84153005464481
14840,"2011-11-07",6408,940,6.81702127659574
14840,"2011-11-14",3332,305,10.9245901639344
14840,"2011-11-21",4867,814,5.97911547911548
14840,"2011-11-28",3406,479,7.11064718162839
14840,"2011-12-05",5979,1090,5.48532110091743
15071,"2011-07-25",6803,143,47.5734265734266
15071,"2011-08-01",7370,181,40.7182320441989
15071,"2011-08-08",6067,72,84.2638888888889
15071,"2011-08-15",5814,1828,3.18052516411379
15071,"2011-08-22",9272,174,53.2873563218391
15071,"2011-08-29",7339,174,42.1781609195402
15071,"2011-09-05",7344,230,31.9304347826087
15071,"2011-09-12",7374,169,43.6331360946746
15071,"2011-09-19",6794,126,53.9206349206349
15071,"2011-09-26",6491,63,103.031746031746
15071,"2011-10-03",6014,1801,3.33925596890616
15071,"2011-10-10",7506,98,76.5918367346939
15071,"2011-10-17",8194,181,45.2707182320442
15071,"2011-10-24",5815,1793,3.24316787506972
15071,"2011-10-31",5789,1811,3.19657647708448
15071,"2011-11-07",6526,126,51.7936507936508
15071,"2011-11-14",6697,90,74.4111111111111
15071,"2011-11-21",6833,32,213.53125
15071,"2011-11-28",6326,160,39.5375
15071,"2011-12-05",6034,52,116.038461538462
15096,"2011-07-25",14070,1492,9.43029490616622
15096,"2011-08-01",12900,1376,9.375
15096,"2011-08-08",15843,1503,10.5409181636727
15096,"2011-08-15",14438,1579,9.14376187460418
15096,"2011-08-22",15698,1736,9.0426267281106
15096,"2011-08-29",15439,1589,9.71617369414726
15096,"2011-09-05",12302,1536,8.00911458333333
15096,"2011-09-12",11447,1455,7.86735395189003
15096,"2011-09-19",13181,1409,9.35486160397445
15096,"2011-09-26",12435,1291,9.63206816421379
15096,"2011-10-03",16680,1376,12.1220930232558
15096,"2011-10-10",13502,1291,10.4585592563904
15096,"2011-10-17",14645,1536,9.53450520833333
15096,"2011-10-24",13912,1503,9.25615435795076
15096,"2011-10-31",12712,1479,8.59499661933739
15096,"2011-11-07",13706,1376,9.96075581395349
15096,"2011-11-14",14999,1330,11.2774436090226
15096,"2011-11-21",14381,1387,10.3684210526316
15096,"2011-11-28",15685,1409,11.1320085166785
15096,"2011-12-05",13327,1341,9.93810589112602
15159,"2011-07-25",46368,1432,32.3798882681564
15159,"2011-08-01",51258,1505,34.0584717607973
15159,"2011-08-08",47120,1446,32.5864453665284
15159,"2011-08-15",55456,1547,35.8474466709761
15159,"2011-08-22",47230,1454,32.4828060522696
15159,"2011-08-29",53478,1548,34.546511627907
15159,"2011-09-05",44129,1406,31.3862019914651
15159,"2011-09-12",48548,1469,33.0483321987747
15159,"2011-09-19",46489,1429,32.5325402379286
15159,"2011-09-26",50002,1475,33.8996610169492
15159,"2011-10-03",41229,1336,30.8600299401198
15159,"2011-10-10",39631,1339,29.5974607916355
15159,"2011-10-17",49873,1483,33.6298044504383
15159,"2011-10-24",46085,1410,32.6843971631206
15159,"2011-10-31",39970,1312,30.4649390243902
15159,"2011-11-07",39481,1306,30.2304747320061
15159,"2011-11-14",46118,1411,32.6846208362863
15159,"2011-11-21",38503,1278,30.1275430359937
15159,"2011-11-28",39254,1307,30.0336648814078
15159,"2011-12-05",38609,1278,30.2104851330203
15209,"2011-07-25",37436,1010,37.0653465346535
15209,"2011-08-01",34393,964,35.6773858921162
15209,"2011-08-08",29432,875,33.6365714285714
15209,"2011-08-15",33292,949,35.0811380400421
15209,"2011-08-22",27133,772,35.1463730569948
15209,"2011-08-29",34236,971,35.2584963954686
15209,"2011-09-05",27574,782,35.2608695652174
15209,"2011-09-12",31439,927,33.9147788565264
15209,"2011-09-19",30144,860,35.0511627906977
15209,"2011-09-26",33939,927,36.6116504854369
15209,"2011-10-03",24826,708,35.0649717514124
15209,"2011-10-10",27114,741,36.5910931174089
15209,"2011-10-17",30672,875,35.0537142857143
15209,"2011-10-24",28080,678,41.4159292035398
15209,"2011-10-31",25398,678,37.4601769911504
15209,"2011-11-07",25601,525,48.7638095238095
15209,"2011-11-14",26543,440,60.325
15209,"2011-11-21",24958,491,50.8309572301426
15209,"2011-11-28",25131,488,51.4979508196721
15209,"2011-12-05",27707,662,41.8534743202417
15229,"2011-07-25",1580,2,790
15229,"2011-08-01",0,1,0
15229,"2011-08-08",6400,1181,5.41913632514818
15229,"2011-08-15",4800,989,4.85338725985844
15229,"2011-08-22",5600,1556,3.59897172236504
15229,"2011-08-29",3200,648,4.93827160493827
15229,"2011-09-05",0,1,0
15229,"2011-09-12",0,1,0
15229,"2011-09-19",0,1,0
15229,"2011-09-26",3467,1442,2.40429958391123
15229,"2011-10-03",3707,1556,2.38239074550129
15229,"2011-10-10",3620,1181,3.06519898391194
15229,"2011-10-17",0,1,0
15229,"2011-10-24",0,1,0
15229,"2011-10-31",6320,1181,5.35139712108383
15229,"2011-11-07",3200,648,4.93827160493827
15229,"2011-11-14",0,1,0
15229,"2011-11-21",4040,648,6.23456790123457
15229,"2011-11-28",3180,648,4.90740740740741
15229,"2011-12-05",2380,989,2.40647118301314
15285,"2011-07-25",38315,772,49.630829015544
15285,"2011-08-01",38574,805,47.9180124223602
15285,"2011-08-08",39450,863,45.712630359212
15285,"2011-08-15",43513,893,48.7267637178051
15285,"2011-08-22",36787,708,51.9590395480226
15285,"2011-08-29",39820,828,48.0917874396135
15285,"2011-09-05",30993,589,52.6196943972835
15285,"2011-09-12",36607,767,47.7275097783572
15285,"2011-09-19",37036,785,47.1796178343949
15285,"2011-09-26",38698,767,50.4537157757497
15285,"2011-10-03",34979,667,52.4422788605697
15285,"2011-10-10",35456,760,46.6526315789474
15285,"2011-10-17",37276,672,55.4702380952381
15285,"2011-10-24",32014,459,69.7472766884532
15285,"2011-10-31",31995,525,60.9428571428571
15285,"2011-11-07",36019,650,55.4138461538462
15285,"2011-11-14",33851,615,55.0422764227642
15285,"2011-11-21",37052,657,56.3957382039574
15285,"2011-11-28",39704,795,49.9421383647799
15285,"2011-12-05",41454,828,50.0652173913044
15358,"2011-07-25",22219,1506,14.7536520584329
15358,"2011-08-01",21358,1477,14.4603926878808
15358,"2011-08-08",18952,1406,13.4793741109531
15358,"2011-08-15",17483,1367,12.7893196781273
15358,"2011-08-22",14592,1286,11.3468118195956
15358,"2011-08-29",16478,1351,12.1968911917098
15358,"2011-09-05",15400,1282,12.01248049922
15358,"2011-09-12",15561,1275,12.2047058823529
15358,"2011-09-19",16199,1232,13.148538961039
15358,"2011-09-26",17162,1292,13.2832817337461
15358,"2011-10-03",17506,1314,13.3226788432268
15358,"2011-10-10",13792,1112,12.4028776978417
15358,"2011-10-17",17036,1299,13.1147036181678
15358,"2011-10-24",18534,1350,13.7288888888889
15358,"2011-10-31",15786,1275,12.3811764705882
15358,"2011-11-07",15690,1283,12.2291504286828
15358,"2011-11-14",17326,1319,13.1357088703563
15358,"2011-11-21",17996,1373,13.1070648215586
15358,"2011-11-28",16920,1346,12.5705794947994
15358,"2011-12-05",19961,1428,13.9782913165266
15575,"2011-07-25",23972,820,29.2341463414634
15575,"2011-08-01",24210,836,28.9593301435407
15575,"2011-08-08",27999,966,28.9844720496894
15575,"2011-08-15",26985,920,29.3315217391304
15575,"2011-08-22",27555,893,30.8566629339306
15575,"2011-08-29",25256,765,33.0143790849673
15575,"2011-09-05",20796,508,40.9370078740157
15575,"2011-09-12",14524,1801,8.06440866185453
15575,"2011-09-19",10670,1398,7.63233190271817
15575,"2011-09-26",10965,1468,7.46934604904632
15575,"2011-10-03",10242,1014,10.1005917159763
15575,"2011-10-10",13106,1160,11.298275862069
15575,"2011-10-17",11819,1054,11.2134724857685
15575,"2011-10-24",6966,649,10.73343605547
15575,"2011-10-31",6483,97,66.8350515463918
15575,"2011-11-07",4655,1556,2.99164524421594
15575,"2011-11-14",7595,1181,6.43099068585944
15575,"2011-11-21",3675,648,5.6712962962963
15575,"2011-11-28",6125,1329,4.60872836719338
15575,"2011-12-05",4778,1181,4.04572396274344
