inst/sales/table1.csv
"product","date","revenue","units","price"
15649,"2011-07-25",35903,118,304.262711864407
15649,"2011-08-01",40670,230,176.826086956522
15649,"2011-08-08",32783,1845,17.7685636856369
15649,"2011-08-15",31557,81,389.592592592593
15649,"2011-08-22",35925,72,498.958333333333
15649,"2011-08-29",34899,135,258.511111111111
15649,"2011-09-05",37118,196,189.377551020408
15649,"2011-09-12",29908,1755,17.0415954415954
15649,"2011-09-19",37313,108,345.490740740741
15649,"2011-09-26",30710,4,7677.5
15649,"2011-10-03",29667,1793,16.5460122699387
15649,"2011-10-10",23073,1579,14.6124129195693
15649,"2011-10-17",33128,32,1035.25
15649,"2011-10-24",35208,143,246.20979020979
15649,"2011-10-31",31058,1745,17.7982808022923
15649,"2011-11-07",29735,1745,17.0401146131805
15649,"2011-11-14",26509,1697,15.6210960518562
15649,"2011-11-21",26864,1579,17.0132995566814
15649,"2011-11-28",34702,90,385.577777777778
15649,"2011-12-05",25224,1707,14.7768014059754
15735,"2011-07-25",17774,683,26.0234260614934
15735,"2011-08-01",19361,824,23.496359223301
15735,"2011-08-08",18521,754,24.5636604774536
15735,"2011-08-15",17554,694,25.2939481268012
15735,"2011-08-22",16311,609,26.7832512315271
15735,"2011-08-29",20590,788,26.1294416243655
15735,"2011-09-05",22111,865,25.5618497109827
15735,"2011-09-12",17583,727,24.1856946354883
15735,"2011-09-19",18613,721,25.8155339805825
15735,"2011-09-26",16552,644,25.7018633540373
15735,"2011-10-03",14873,440,33.8022727272727
15735,"2011-10-10",15483,435,35.5931034482759
15735,"2011-10-17",14736,311,47.3826366559486
15735,"2011-10-24",13507,243,55.5843621399177
15735,"2011-10-31",13828,220,62.8545454545455
15735,"2011-11-07",13006,52,250.115384615385
15735,"2011-11-14",13484,1717,7.85323238206174
15735,"2011-11-21",11203,1525,7.34622950819672
15735,"2011-11-28",12770,1622,7.87299630086313
15735,"2011-12-05",8235,1160,7.09913793103448
15766,"2011-07-25",13543,220,61.5590909090909
15766,"2011-08-01",11631,32,363.46875
15766,"2011-08-08",12361,234,52.8247863247863
15766,"2011-08-15",10790,181,59.6132596685083
15766,"2011-08-22",12426,234,53.1025641025641
15766,"2011-08-29",14527,385,37.7324675324675
15766,"2011-09-05",12114,299,40.5150501672241
15766,"2011-09-12",13280,285,46.5964912280702
15766,"2011-09-19",11469,90,127.433333333333
15766,"2011-09-26",10513,1811,5.80508006626173
15766,"2011-10-03",8763,1589,5.51478917558213
15766,"2011-10-10",8385,1376,6.09375
15766,"2011-10-17",8558,1468,5.82970027247956
15766,"2011-10-24",8875,1431,6.20195667365479
15766,"2011-10-31",7265,1090,6.6651376146789
15766,"2011-11-07",7653,1090,7.02110091743119
15766,"2011-11-14",9236,1120,8.24642857142857
15766,"2011-11-21",6725,915,7.34972677595628
15766,"2011-11-28",7280,887,8.20744081172491
15766,"2011-12-05",6834,744,9.18548387096774
15840,"2011-07-25",3962,1140,3.47543859649123
15840,"2011-08-01",4634,1251,3.70423661071143
15840,"2011-08-08",5610,1305,4.29885057471264
15840,"2011-08-15",3509,1316,2.66641337386018
15840,"2011-08-22",5262,1697,3.10076605774897
15840,"2011-08-29",4928,72,68.4444444444444
15840,"2011-09-05",4942,4,1235.5
15840,"2011-09-12",4345,1801,2.41254858411993
15840,"2011-09-19",4156,1644,2.52798053527981
15840,"2011-09-26",3623,1579,2.29449018366054
15840,"2011-10-03",4711,24,196.291666666667
15840,"2011-10-10",3394,1579,2.14946168461051
15840,"2011-10-17",3898,1503,2.59347970725216
15840,"2011-10-24",4953,118,41.9745762711864
15840,"2011-10-31",4693,1745,2.68939828080229
15840,"2011-11-07",3648,1420,2.56901408450704
15840,"2011-11-14",3696,1568,2.35714285714286
15840,"2011-11-21",4742,1821,2.60406370126304
15840,"2011-11-28",3953,1707,2.31575864089045
15840,"2011-12-05",3702,1492,2.48123324396783
15953,"2011-07-25",30584,479,63.8496868475992
15953,"2011-08-01",32539,990,32.8676767676768
15953,"2011-08-08",28899,415,69.6361445783132
15953,"2011-08-15",38489,814,47.2837837837838
15953,"2011-08-22",27768,365,76.0767123287671
15953,"2011-08-29",31492,781,40.3226632522407
15953,"2011-09-05",47306,940,50.3255319148936
15953,"2011-09-12",30949,479,64.6116910229645
15953,"2011-09-19",27536,535,51.4691588785047
15953,"2011-09-26",43445,940,46.218085106383
15953,"2011-10-03",25776,1329,19.3950338600451
15953,"2011-10-10",29648,535,55.4168224299065
15953,"2011-10-17",33514,744,45.0456989247312
15953,"2011-10-24",28363,702,40.4031339031339
15953,"2011-10-31",28253,535,52.8093457943925
15953,"2011-11-07",32471,781,41.5761843790013
15953,"2011-11-14",38333,1536,24.9563802083333
15953,"2011-11-21",40516,1525,26.567868852459
15953,"2011-11-28",37540,1479,25.3820148749155
15953,"2011-12-05",42194,1579,26.7219759341355
15982,"2011-07-25",6684,1837,3.63854109961894
15982,"2011-08-01",6440,1736,3.70967741935484
15982,"2011-08-08",7589,143,53.0699300699301
15982,"2011-08-15",6039,403,14.985111662531
15982,"2011-08-22",6931,667,10.3913043478261
15982,"2011-08-29",7830,782,10.0127877237852
15982,"2011-09-05",6841,654,10.460244648318
15982,"2011-09-12",7356,760,9.67894736842105
15982,"2011-09-19",7053,678,10.4026548672566
15982,"2011-09-26",8196,716,11.4469273743017
15982,"2011-10-03",8308,745,11.151677852349
15982,"2011-10-10",7814,778,10.0437017994859
15982,"2011-10-17",7197,657,10.9543378995434
15982,"2011-10-24",7589,754,10.0649867374005
15982,"2011-10-31",8398,797,10.5370138017566
15982,"2011-11-07",9199,863,10.6593279258401
15982,"2011-11-14",8221,785,10.4726114649682
15982,"2011-11-21",8556,800,10.695
15982,"2011-11-28",8594,839,10.2431466030989
15982,"2011-12-05",6978,609,11.4581280788177
16025,"2011-07-25",3523,989,3.56218402426694
16025,"2011-08-01",3433,989,3.47118301314459
16025,"2011-08-08",10770,989,10.8897876643074
16025,"2011-08-15",4320,1329,3.25056433408578
16025,"2011-08-22",4540,1181,3.84419983065199
16025,"2011-08-29",6725,1665,4.03903903903904
16025,"2011-09-05",9960,989,10.0707785642063
16025,"2011-09-12",4302,305,14.1049180327869
16025,"2011-09-19",4096,535,7.65607476635514
16025,"2011-09-26",3855,415,9.28915662650602
16025,"2011-10-03",4705,535,8.79439252336449
16025,"2011-10-10",3750,97,38.659793814433
16025,"2011-10-17",4447,969,4.58926728586171
16025,"2011-10-24",4497,649,6.9291217257319
16025,"2011-10-31",4735,940,5.03723404255319
16025,"2011-11-07",4022,597,6.73701842546064
16025,"2011-11-14",5154,649,7.94144838212635
16025,"2011-11-21",4800,479,10.0208768267223
16025,"2011-11-28",4209,365,11.5315068493151
16025,"2011-12-05",3440,1556,2.2107969151671
16353,"2011-07-25",112100,398,281.658291457286
16353,"2011-08-01",98088,282,347.829787234043
16353,"2011-08-08",87989,204,431.31862745098
16353,"2011-08-15",90561,212,427.174528301887
16353,"2011-08-22",102176,306,333.908496732026
16353,"2011-08-29",132663,508,261.147637795276
16353,"2011-09-05",123912,453,273.53642384106
16353,"2011-09-12",117738,392,300.352040816327
16353,"2011-09-19",136630,545,250.697247706422
16353,"2011-09-26",115082,403,285.563275434243
16353,"2011-10-03",106033,340,311.861764705882
16353,"2011-10-10",99772,285,350.077192982456
16353,"2011-10-17",99991,292,342.434931506849
16353,"2011-10-24",101466,299,339.351170568562
16353,"2011-10-31",101410,234,433.376068376068
16353,"2011-11-07",87437,90,971.522222222222
16353,"2011-11-14",104167,259,402.189189189189
16353,"2011-11-21",85892,98,876.448979591837
16353,"2011-11-28",125190,480,260.8125
16353,"2011-12-05",103064,243,424.131687242798
16761,"2011-07-25",43044,1389,30.9892008639309
16761,"2011-08-01",42890,1383,31.0122921185828
16761,"2011-08-08",38636,1352,28.5769230769231
16761,"2011-08-15",41701,1399,29.807719799857
16761,"2011-08-22",33763,1261,26.7747819191118
16761,"2011-08-29",44043,1438,30.6279554937413
16761,"2011-09-05",31021,1243,24.9565567176187
16761,"2011-09-12",32889,1228,26.7825732899023
16761,"2011-09-19",34509,1228,28.1017915309446
16761,"2011-09-26",36233,1267,28.5974743488556
16761,"2011-10-03",30974,1169,26.4961505560308
16761,"2011-10-10",31579,1222,25.842062193126
16761,"2011-10-17",36468,1318,27.6691957511381
16761,"2011-10-24",31020,1286,24.1213063763608
16761,"2011-10-31",27148,1158,23.4438687392055
16761,"2011-11-07",28787,1216,23.6735197368421
16761,"2011-11-14",32102,1312,24.467987804878
16761,"2011-11-21",29981,1148,26.1158536585366
16761,"2011-11-28",38197,1338,28.5478325859492
16761,"2011-12-05",28044,1161,24.1550387596899
16892,"2011-07-25",0,1,0
16892,"2011-08-01",0,1,0
16892,"2011-08-08",0,1,0
16892,"2011-08-15",3015,415,7.26506024096386
16892,"2011-08-22",3171,1365,2.32307692307692
16892,"2011-08-29",3905,1801,2.1682398667407
16892,"2011-09-05",4049,52,77.8653846153846
16892,"2011-09-12",4063,63,64.4920634920635
16892,"2011-09-19",3229,1745,1.85042979942693
16892,"2011-09-26",3848,1793,2.14612381483547
16892,"2011-10-03",3952,1736,2.27649769585253
16892,"2011-10-10",3185,1525,2.08852459016393
16892,"2011-10-17",4663,32,145.71875
16892,"2011-10-24",2949,41,71.9268292682927
16892,"2011-10-31",2523,1600,1.576875
16892,"2011-11-07",3196,41,77.9512195121951
16892,"2011-11-14",3220,135,23.8518518518519
16892,"2011-11-21",2903,118,24.6016949152542
16892,"2011-11-28",2968,169,17.5621301775148
16892,"2011-12-05",3176,150,21.1733333333333
16902,"2011-07-25",0,1,0
16902,"2011-08-01",0,1,0
16902,"2011-08-08",0,1,0
16902,"2011-08-15",2671,1014,2.63412228796844
16902,"2011-08-22",3726,1600,2.32875
16902,"2011-08-29",4648,118,39.3898305084746
16902,"2011-09-05",3865,1837,2.10397387044094
16902,"2011-09-12",3707,13,285.153846153846
16902,"2011-09-19",4711,267,17.6441947565543
16902,"2011-09-26",4306,90,47.8444444444444
16902,"2011-10-03",3546,1755,2.02051282051282
16902,"2011-10-10",2976,1546,1.92496765847348
16902,"2011-10-17",3585,63,56.9047619047619
16902,"2011-10-24",3722,285,13.059649122807
16902,"2011-10-31",3160,150,21.0666666666667
16902,"2011-11-07",3295,212,15.5424528301887
16902,"2011-11-14",3114,150,20.76
16902,"2011-11-21",3622,243,14.9053497942387
16902,"2011-11-28",3529,330,10.6939393939394
16902,"2011-12-05",3150,220,14.3181818181818
16909,"2011-07-25",8069,1330,6.06691729323308
16909,"2011-08-01",7917,1387,5.70800288392213
16909,"2011-08-08",8745,1492,5.8612600536193
16909,"2011-08-15",9541,1546,6.17141009055627
16909,"2011-08-22",8848,1600,5.53
16909,"2011-08-29",8283,1514,5.47093791281374
16909,"2011-09-05",9262,1687,5.49021932424422
16909,"2011-09-12",7889,1431,5.51292802236198
16909,"2011-09-19",8048,1316,6.11550151975684
16909,"2011-09-26",8652,1568,5.51785714285714
16909,"2011-10-03",7883,1330,5.92706766917293
16909,"2011-10-10",10145,1387,7.31434751261716
16909,"2011-10-17",9994,1455,6.86872852233677
16909,"2011-10-24",9147,1579,5.79290690310323
16909,"2011-10-31",9449,1736,5.44297235023041
16909,"2011-11-07",8544,1622,5.2675709001233
16909,"2011-11-14",7543,1182,6.38155668358714
16909,"2011-11-21",5218,702,7.43304843304843
16909,"2011-11-28",7912,940,8.41702127659575
16909,"2011-12-05",7799,1120,6.96339285714286
17153,"2011-07-25",198898,959,207.401459854015
17153,"2011-08-01",208722,991,210.6175580222
17153,"2011-08-08",169652,832,203.908653846154
17153,"2011-08-15",191757,931,205.968850698174
17153,"2011-08-22",185418,910,203.756043956044
17153,"2011-08-29",162188,792,204.782828282828
17153,"2011-09-05",143235,678,211.261061946903
17153,"2011-09-12",175316,860,203.855813953488
17153,"2011-09-19",143862,683,210.632503660322
17153,"2011-09-26",201128,966,208.207039337474
17153,"2011-10-03",70273,13,5405.61538461538
17153,"2011-10-10",132791,604,219.852649006623
17153,"2011-10-17",143982,687,209.580786026201
17153,"2011-10-24",125115,536,233.423507462687
17153,"2011-10-31",191758,556,344.888489208633
17153,"2011-11-07",219241,703,311.864864864865
17153,"2011-11-14",180263,496,363.433467741935
17153,"2011-11-21",155287,358,433.762569832402
17153,"2011-11-28",225013,732,307.394808743169
17153,"2011-12-05",215793,683,315.948755490483
17158,"2011-07-25",13980,2,6990
17158,"2011-08-01",19712,1766,11.1619479048698
17158,"2011-08-08",27960,648,43.1481481481481
17158,"2011-08-15",13745,648,21.2114197530864
17158,"2011-08-22",11184,2,5592
17158,"2011-08-29",18100,2,9050
17158,"2011-09-05",11184,2,5592
17158,"2011-09-12",0,1,0
17158,"2011-09-19",11184,2,5592
17158,"2011-09-26",15100,2,7550
17158,"2011-10-03",15100,2,7550
17158,"2011-10-10",0,1,0
17158,"2011-10-17",0,1,0
17158,"2011-10-24",15100,2,7550
17158,"2011-10-31",14480,2,7240
17158,"2011-11-07",0,1,0
17158,"2011-11-14",18100,2,9050
17158,"2011-11-21",0,1,0
17158,"2011-11-28",0,1,0
17158,"2011-12-05",15100,2,7550
17341,"2011-07-25",29519,1073,27.5107176141659
17341,"2011-08-01",40000,1038,38.5356454720617
17341,"2011-08-08",34819,1182,29.4576988155668
17341,"2011-08-15",45266,1205,37.5651452282158
17341,"2011-08-22",42953,1280,33.55703125
17341,"2011-08-29",30719,1468,20.9257493188011
17341,"2011-09-05",31522,1105,28.5266968325792
17341,"2011-09-12",31989,1038,30.8179190751445
17341,"2011-09-19",24740,940,26.3191489361702
17341,"2011-09-26",35309,1160,30.4387931034483
17341,"2011-10-03",26529,887,29.9086809470124
17341,"2011-10-10",27452,744,36.8978494623656
17341,"2011-10-17",36753,1090,33.7183486238532
17341,"2011-10-24",36306,1014,35.8047337278106
17341,"2011-10-31",36705,1305,28.1264367816092
17341,"2011-11-07",39059,1205,32.4141078838174
17341,"2011-11-14",41026,330,124.321212121212
17341,"2011-11-21",44634,464,96.1939655172414
17341,"2011-11-28",41949,174,241.086206896552
17341,"2011-12-05",39670,1330,29.8270676691729
17356,"2011-07-25",0,1,0
17356,"2011-08-01",0,1,0
17356,"2011-08-08",0,1,0
17356,"2011-08-15",2272,969,2.34468524251806
17356,"2011-08-22",3497,1589,2.20075519194462
17356,"2011-08-29",4159,4,1039.75
17356,"2011-09-05",3830,32,119.6875
17356,"2011-09-12",3392,1717,1.97553873034362
17356,"2011-09-19",3617,63,57.4126984126984
17356,"2011-09-26",3163,32,98.84375
17356,"2011-10-03",3888,251,15.4900398406375
17356,"2011-10-10",2556,72,35.5
17356,"2011-10-17",2914,181,16.0994475138122
17356,"2011-10-24",3714,409,9.08068459657702
17356,"2011-10-31",3376,259,13.034749034749
17356,"2011-11-07",2366,1801,1.31371460299833
17356,"2011-11-14",2484,108,23
17356,"2011-11-21",4257,416,10.2331730769231
17356,"2011-11-28",3079,263,11.7072243346008
17356,"2011-12-05",2706,1821,1.48599670510708
17370,"2011-07-25",16256,649,25.0477657935285
17370,"2011-08-01",16977,305,55.6622950819672
17370,"2011-08-08",15901,535,29.7214953271028
17370,"2011-08-15",16191,365,44.358904109589
17370,"2011-08-22",24404,853,28.609613130129
17370,"2011-08-29",14157,180,78.65
17370,"2011-09-05",11966,97,123.360824742268
17370,"2011-09-12",13663,1181,11.5690093141406
17370,"2011-09-19",14186,1181,12.0118543607113
17370,"2011-09-26",14932,1556,9.59640102827763
17370,"2011-10-03",15897,1766,9.00169875424689
17370,"2011-10-10",10505,1181,8.89500423370025
17370,"2011-10-17",11050,2,5525
17370,"2011-10-24",19920,648,30.7407407407407
17370,"2011-10-31",5268,648,8.12962962962963
17370,"2011-11-07",7773,989,7.85945399393327
17370,"2011-11-14",5010,2,2505
17370,"2011-11-21",5525,2,2762.5
17370,"2011-11-28",7013,989,7.09100101112235
17370,"2011-12-05",5010,2,2505
17598,"2011-07-25",0,1,0
17598,"2011-08-01",0,1,0
17598,"2011-08-08",0,1,0
17598,"2011-08-15",1709,535,3.19439252336449
17598,"2011-08-22",3888,1725,2.25391304347826
17598,"2011-08-29",5485,230,23.8478260869565
17598,"2011-09-05",4307,52,82.8269230769231
17598,"2011-09-12",3670,1821,2.01537616694124
17598,"2011-09-19",3790,32,118.4375
17598,"2011-09-26",4110,150,27.4
17598,"2011-10-03",3413,41,83.2439024390244
17598,"2011-10-10",3161,1821,1.73585941790225
17598,"2011-10-17",3541,440,8.04772727272727
17598,"2011-10-24",2980,282,10.5673758865248
17598,"2011-10-31",2892,190,15.2210526315789
17598,"2011-11-07",2660,63,42.2222222222222
17598,"2011-11-14",3359,292,11.5034246575342
17598,"2011-11-21",2819,212,13.2971698113208
17598,"2011-11-28",2880,181,15.9116022099448
17598,"2011-12-05",3242,263,12.3269961977186
17876,"2011-07-25",52993,649,81.653312788906
17876,"2011-08-01",75320,940,80.1276595744681
17876,"2011-08-08",86404,1455,59.3841924398625
17876,"2011-08-15",75530,1365,55.3333333333333
17876,"2011-08-22",88514,1468,60.2956403269755
17876,"2011-08-29",111465,1644,67.801094890511
17876,"2011-09-05",81897,1409,58.1242015613911
17876,"2011-09-12",126701,1745,72.6080229226361
17876,"2011-09-19",123148,1717,71.7227722772277
17876,"2011-09-26",106099,1600,66.311875
17876,"2011-10-03",123288,1725,71.4713043478261
17876,"2011-10-10",118646,1697,69.9151443724219
17876,"2011-10-17",135123,1801,75.0266518600777
17876,"2011-10-24",71291,1316,54.1724924012158
17876,"2011-10-31",193815,1514,128.015191545575
17876,"2011-11-07",115050,1160,99.1810344827586
17876,"2011-11-14",205629,1557,132.067437379576
17876,"2011-11-21",178475,1455,122.66323024055
17876,"2011-11-28",208270,1568,132.825255102041
17876,"2011-12-05",157678,1376,114.591569767442
17960,"2011-07-25",13432,1291,10.4043377226956
17960,"2011-08-01",14400,1431,10.062893081761
17960,"2011-08-08",15054,1468,10.2547683923706
17960,"2011-08-15",12116,1398,8.66666666666667
17960,"2011-08-22",12174,1316,9.25075987841945
17960,"2011-08-29",12174,1420,8.57323943661972
17960,"2011-09-05",13360,1479,9.03313049357674
17960,"2011-09-12",17427,1677,10.391771019678
17960,"2011-09-19",12895,1420,9.08098591549296
17960,"2011-09-26",14895,1568,9.49936224489796
17960,"2011-10-03",15051,1398,10.7660944206009
17960,"2011-10-10",14197,1365,10.4007326007326
17960,"2011-10-17",10900,1182,9.22165820642978
17960,"2011-10-24",16718,1633,10.2375995101041
17960,"2011-10-31",14447,1568,9.21364795918367
17960,"2011-11-07",12246,1205,10.1626556016598
17960,"2011-11-14",12133,1205,10.0688796680498
17960,"2011-11-21",12355,1266,9.75908372827804
17960,"2011-11-28",14218,1409,10.0908445706175
17960,"2011-12-05",15980,1409,11.3413768630234
