inst/sales/table1.csv
"product","date","revenue","units","price"
17970,"2011-07-25",13701,1420,9.64859154929577
17970,"2011-08-01",15842,1633,9.70116350275566
17970,"2011-08-08",12588,1353,9.30376940133038
17970,"2011-08-15",12811,1431,8.95248078266946
17970,"2011-08-22",13163,1376,9.56613372093023
17970,"2011-08-29",14086,1579,8.92083597213426
17970,"2011-09-05",12823,1468,8.7350136239782
17970,"2011-09-12",12960,1409,9.19801277501774
17970,"2011-09-19",13346,1330,10.0345864661654
17970,"2011-09-26",13342,1365,9.77435897435898
17970,"2011-10-03",12075,1387,8.70583994232156
17970,"2011-10-10",13595,1205,11.2821576763485
17970,"2011-10-17",12196,1387,8.79307858687815
17970,"2011-10-24",12557,1251,10.0375699440448
17970,"2011-10-31",11664,1387,8.40951694304254
17970,"2011-11-07",13625,1223,11.1406377759608
17970,"2011-11-14",13809,1387,9.95602018745494
17970,"2011-11-21",12639,1387,9.11247296322999
17970,"2011-11-28",14460,1479,9.77687626774848
17970,"2011-12-05",13804,1376,10.031976744186
18105,"2011-07-25",5915,305,19.3934426229508
18105,"2011-08-01",8873,702,12.6396011396011
18105,"2011-08-08",3662,250,14.648
18105,"2011-08-15",5070,180,28.1666666666667
18105,"2011-08-22",7140,479,14.9060542797495
18105,"2011-08-29",6084,535,11.3719626168224
18105,"2011-09-05",4180,415,10.0722891566265
18105,"2011-09-12",5343,702,7.61111111111111
18105,"2011-09-19",5817,649,8.96302003081664
18105,"2011-09-26",11766,1280,9.1921875
18105,"2011-10-03",4674,415,11.2626506024096
18105,"2011-10-10",7929,990,8.00909090909091
18105,"2011-10-17",5021,597,8.41038525963149
18105,"2011-10-24",9620,887,10.8455467869222
18105,"2011-10-31",7902,990,7.98181818181818
18105,"2011-11-07",8186,915,8.94644808743169
18105,"2011-11-14",10042,1182,8.49576988155668
18105,"2011-11-21",6938,365,19.0082191780822
18105,"2011-11-28",9219,990,9.31212121212121
18105,"2011-12-05",9250,990,9.34343434343434
18164,"2011-07-25",33954,1697,20.0082498526812
18164,"2011-08-01",35499,1353,26.2372505543237
18164,"2011-08-08",34534,1305,26.4628352490421
18164,"2011-08-15",30092,1120,26.8678571428571
18164,"2011-08-22",29217,1353,21.5942350332594
18164,"2011-08-29",33396,1237,26.997574777688
18164,"2011-09-05",26955,1014,26.5828402366864
18164,"2011-09-12",32446,1120,28.9696428571429
18164,"2011-09-19",37899,1266,29.936018957346
18164,"2011-09-26",27914,1266,22.0489731437599
18164,"2011-10-03",32023,1140,28.090350877193
18164,"2011-10-10",30708,1291,23.7862122385747
18164,"2011-10-17",31488,1105,28.49592760181
18164,"2011-10-24",32412,1073,30.2068965517241
18164,"2011-10-31",31463,990,31.7808080808081
18164,"2011-11-07",28582,990,28.8707070707071
18164,"2011-11-14",27744,1054,26.3225806451613
18164,"2011-11-21",25458,969,26.2724458204334
18164,"2011-11-28",30406,1105,27.516742081448
18164,"2011-12-05",28185,1160,24.2974137931034
18223,"2011-07-25",11810,814,14.5085995085995
18223,"2011-08-01",10629,781,13.6094750320102
18223,"2011-08-08",8843,915,9.66448087431694
18223,"2011-08-15",12248,969,12.6398348813209
18223,"2011-08-22",9960,781,12.752880921895
18223,"2011-08-29",9117,887,10.2784667418264
18223,"2011-09-05",12590,597,21.0887772194305
18223,"2011-09-12",11349,1038,10.9335260115607
18223,"2011-09-19",11696,702,16.6609686609687
18223,"2011-09-26",10524,853,12.337631887456
18223,"2011-10-03",11788,814,14.4815724815725
18223,"2011-10-10",9415,814,11.5663390663391
18223,"2011-10-17",10533,702,15.0042735042735
18223,"2011-10-24",8605,702,12.2578347578348
18223,"2011-10-31",11622,1251,9.29016786570743
18223,"2011-11-07",10871,969,11.218782249742
18223,"2011-11-14",12198,1073,11.3681267474371
18223,"2011-11-21",12890,1014,12.7120315581854
18223,"2011-11-28",8921,781,11.4225352112676
18223,"2011-12-05",15619,1353,11.5439763488544
18375,"2011-07-25",13182,275,47.9345454545455
18375,"2011-08-01",10119,98,103.255102040816
18375,"2011-08-08",10568,306,34.5359477124183
18375,"2011-08-15",9207,366,25.155737704918
18375,"2011-08-22",10499,667,15.7406296851574
18375,"2011-08-29",11226,1069,10.5014031805426
18375,"2011-09-05",10014,1055,9.49194312796208
18375,"2011-09-12",9552,805,11.8658385093168
18375,"2011-09-19",9197,860,10.6941860465116
18375,"2011-09-26",8869,863,10.2769409038239
18375,"2011-10-03",9331,859,10.8626309662398
18375,"2011-10-10",8305,662,12.5453172205438
18375,"2011-10-17",9818,865,11.350289017341
18375,"2011-10-24",7823,678,11.5383480825959
18375,"2011-10-31",7010,424,16.5330188679245
18375,"2011-11-07",5947,174,34.1781609195402
18375,"2011-11-14",10555,667,15.8245877061469
18375,"2011-11-21",9058,754,12.0132625994695
18375,"2011-11-28",10389,895,11.6078212290503
18375,"2011-12-05",8653,772,11.2085492227979
